06-15 22:24:19.094  1138  5212 D EffectHalHidl: audioSchedBoost, set audiohal task boost, pid=1138, tid=5212, ret=0
06-15 22:24:19.115  1201  1228 D ccci_mdinit: (1):monitor_time_update_thread round:2361 ########
06-15 22:24:19.145  9432 12197 I AudioEffect: command() 0xb4000072887d8500, cmdCode = 65536
06-15 22:24:19.145  1138  5212 D EffectHalHidl: audioSchedBoost, set audiohal task boost, pid=1138, tid=5212, ret=0
06-15 22:24:19.147  1138  5212 D EffectHalHidl: audioSchedBoost, set audiohal task boost, pid=1138, tid=5212, ret=0
06-15 22:24:19.161  4089  4138 I JPEG_JNI: EnterExeTask  controller.background_task_controller process {"client":"infer"}
06-15 22:24:19.163  4089  4138 I JPEG_JNI: LeaveExeTask  module controller.background_task_controller 
06-15 22:24:19.163  4089  4138 I JPEG_JNI:  func process  
06-15 22:24:19.163  4089  4138 I JPEG_JNI:  input {"client":"infer"} 
06-15 22:24:19.163  4089  4138 I JPEG_JNI:  ret {}
06-15 22:24:19.183  1067  1523 I OriginChannel: pwm_rgb: lux:18, time_delta:0.000000, pwm_turbo:100, bri:0, r:1134, g:1365, b:1249, c:663, elgo:3146, end:3, ts-5476376622896513024
06-15 22:24:19.198  9432 12197 I AudioEffect: command() 0xb4000072887d8500, cmdCode = 65536
06-15 22:24:19.199  1138  5212 D EffectHalHidl: audioSchedBoost, set audiohal task boost, pid=1138, tid=5212, ret=0
06-15 22:24:19.201  1138  5212 D EffectHalHidl: audioSchedBoost, set audiohal task boost, pid=1138, tid=5212, ret=0
06-15 22:24:19.214  1744  2191 D ActivityManager: freezing 13685 com.android.rkpdapp
06-15 22:24:19.219  1744  2191 D ActivityManager: Freeze process 13685, not check file locks
06-15 22:24:19.219  1744  2191 D ActivityManager: reportOneUidFrozenStateChanged uid 10402 frozen = true
06-15 22:24:19.224  1744  2282 D InetDiagMessage: Destroyed 0 sockets, proto=IPPROTO_TCP, family=AF_INET, states=14
06-15 22:24:19.227  1744  2282 D InetDiagMessage: Destroyed 0 sockets, proto=IPPROTO_TCP, family=AF_INET6, states=14
06-15 22:24:19.227  1744  2282 D InetDiagMessage: Destroyed live tcp sockets for uids={10402} in 6ms
06-15 22:24:19.252  9432 12197 I AudioEffect: command() 0xb4000072887d8500, cmdCode = 65536
06-15 22:24:19.254  1138  5212 D EffectHalHidl: audioSchedBoost, set audiohal task boost, pid=1138, tid=5212, ret=0
06-15 22:24:19.255  1138  5212 D EffectHalHidl: audioSchedBoost, set audiohal task boost, pid=1138, tid=5212, ret=0
06-15 22:24:19.306  9432 12197 I AudioEffect: command() 0xb4000072887d8500, cmdCode = 65536
06-15 22:24:19.307  1138  5212 D EffectHalHidl: audioSchedBoost, set audiohal task boost, pid=1138, tid=5212, ret=0
06-15 22:24:19.308  1138  5212 D EffectHalHidl: audioSchedBoost, set audiohal task boost, pid=1138, tid=5212, ret=0
06-15 22:24:19.361  9432 12197 I AudioEffect: command() 0xb4000072887d8500, cmdCode = 65536
06-15 22:24:19.362  1138  5212 D EffectHalHidl: audioSchedBoost, set audiohal task boost, pid=1138, tid=5212, ret=0
06-15 22:24:19.363  1138  5212 D EffectHalHidl: audioSchedBoost, set audiohal task boost, pid=1138, tid=5212, ret=0
06-15 22:24:19.380  1067  1523 I OriginChannel: pwm_rgb: lux:18, time_delta:0.000000, pwm_turbo:100, bri:0, r:1134, g:1357, b:1245, c:662, elgo:3130, end:3, ts-5476376622896513024
06-15 22:24:19.401  1423  1471 D MipcProxy: handleMessage msg is 2420, instance 1
06-15 22:24:19.401  1423  1471 D MipcProxy: handleQosPeriodReportInd for instance 1
06-15 22:24:19.402  3026  3076 D SubsysRadioIndication[1]: radioQosPeriodReportInd result [18, 0, 26, 0, 34, 6, 16, 4, 24, 1, 32, 1, 58, 31, 24, -128, -39, 38, 32, -105, 3, 40, -82, -1, -1, -1, -1, -1, -1, -1, -1, 1, 48, -10, -1, -1, -1, -1, -1, -1, -1, -1, 1, 56, 19, 66, 20, 16, 5, 34, 16, 8, -128, -39, 38, 16, -105, 3, 24, 78, 40, -123, -94, -46, -27, -96, 1, 90, 0, 98, 2, 16, 3, 106, 0, 122, 5, 24, 120, 32, -2, 8]
06-15 22:24:19.403  3026  3026 D NetworkService[1]: handleMessage what:1005
06-15 22:24:19.403  3026  3026 D RadioAtomTracker: parseQosPeriodData ModemQos:CellularQosInfo2{5G, 633984/407, EndcState=0, Band=78, DLBW=0, Rsrp=-82, Rsrq=-10, Snr=19, SvcStatus=3, ULPDCPNumDataPdu=0, ULPDCPNumDropPdu=0, ULPDCPTput=0, ULRLCNumDataPdu=0, ULRLCNumRetxPdu=0, ULGrant=0, ULBSR=0, ULBler=0, DLPDCPNumDataPdu=0, DLPDCPTput=0, DLRLCNumDataPdu=0, DLRLCNumRetxPdu=0, DLRLCNumDropPdu=0, DLMACPaddingBytes=0, DLPdcpNumMissToUppPdu=0, DLBler=0, RlfCount=0, CellChangeCount=0, IsRedirectionOccur=0, IsDualSimConflict=0, Latency=0, Sub1RrcState=1, Sub2RrcState=1, RachCount=0, CalcPower=0, Mtpl=120, PathLoss=1150, CellLoad=0}
06-15 22:24:19.404  3026  3026 D NetworkService[1]: EVENT_REG_QOS_PERIOD_REPORT_IND_CHANGED ENTER
06-15 22:24:19.404  3026  3026 D AtomModemKpiInfo: handleMessage what:1001
06-15 22:24:19.404  3026  3026 D AtomModemKpiInfo: analyseQosInfo success
06-15 22:24:19.415  9432 12197 I AudioEffect: command() 0xb4000072887d8500, cmdCode = 65536
06-15 22:24:19.416  1138  5212 D EffectHalHidl: audioSchedBoost, set audiohal task boost, pid=1138, tid=5212, ret=0
06-15 22:24:19.417  1138  5212 D EffectHalHidl: audioSchedBoost, set audiohal task boost, pid=1138, tid=5212, ret=0
06-15 22:24:19.468  9432 12197 I AudioEffect: command() 0xb4000072887d8500, cmdCode = 65536
06-15 22:24:19.469  1138  5212 D EffectHalHidl: audioSchedBoost, set audiohal task boost, pid=1138, tid=5212, ret=0
06-15 22:24:19.471  1138  5212 D EffectHalHidl: audioSchedBoost, set audiohal task boost, pid=1138, tid=5212, ret=0
06-15 22:24:19.523  9432 12197 I AudioEffect: command() 0xb4000072887d8500, cmdCode = 65536
06-15 22:24:19.524  1138  5212 D EffectHalHidl: audioSchedBoost, set audiohal task boost, pid=1138, tid=5212, ret=0
06-15 22:24:19.525  1138  5212 D EffectHalHidl: audioSchedBoost, set audiohal task boost, pid=1138, tid=5212, ret=0
06-15 22:24:19.577  9432 12197 I AudioEffect: command() 0xb4000072887d8500, cmdCode = 65536
06-15 22:24:19.578  1138  5212 D EffectHalHidl: audioSchedBoost, set audiohal task boost, pid=1138, tid=5212, ret=0
06-15 22:24:19.578  1067  1523 I OriginChannel: pwm_rgb: lux:18, time_delta:0.000000, pwm_turbo:100, bri:0, r:1134, g:1352, b:1235, c:655, elgo:3113, end:3, ts-5476376622896513024
06-15 22:24:19.579  1138  5212 D EffectHalHidl: audioSchedBoost, set audiohal task boost, pid=1138, tid=5212, ret=0
06-15 22:24:19.631  9432 12197 I AudioEffect: command() 0xb4000072887d8500, cmdCode = 65536
06-15 22:24:19.633  1138  5212 D EffectHalHidl: audioSchedBoost, set audiohal task boost, pid=1138, tid=5212, ret=0
06-15 22:24:19.634  1138  5212 D EffectHalHidl: audioSchedBoost, set audiohal task boost, pid=1138, tid=5212, ret=0
06-15 22:24:19.665  4089  4138 I JPEG_JNI: EnterExeTask  controller.background_task_controller process {"client":"infer"}
06-15 22:24:19.667  4089  4138 I JPEG_JNI: LeaveExeTask  module controller.background_task_controller 
06-15 22:24:19.667  4089  4138 I JPEG_JNI:  func process  
06-15 22:24:19.667  4089  4138 I JPEG_JNI:  input {"client":"infer"} 
06-15 22:24:19.667  4089  4138 I JPEG_JNI:  ret {}
06-15 22:24:19.686  9432 12197 I AudioEffect: command() 0xb4000072887d8500, cmdCode = 65536
06-15 22:24:19.686  1138  5212 D EffectHalHidl: audioSchedBoost, set audiohal task boost, pid=1138, tid=5212, ret=0
06-15 22:24:19.687  3026  3026 D SubsysEventListenerManager-SubsysTelephonyCallback[1]: onSignalStrengthsChanged
06-15 22:24:19.687  1138  5212 D EffectHalHidl: audioSchedBoost, set audiohal task boost, pid=1138, tid=5212, ret=0
06-15 22:24:19.692  2721  2721 D Tile.OplusCellularTile: refreshState: tile not listening, ignore
06-15 22:24:19.693  2721  2876 I SystemUi--Statusbar: MobileConnectionRepositoryImpl-->subId:2 isSoftSimCard:false slotId:1
06-15 22:24:19.738  9432 12197 I AudioEffect: command() 0xb4000072887d8500, cmdCode = 65536
06-15 22:24:19.740  1138  5212 D EffectHalHidl: audioSchedBoost, set audiohal task boost, pid=1138, tid=5212, ret=0
06-15 22:24:19.741  1138  5212 D EffectHalHidl: audioSchedBoost, set audiohal task boost, pid=1138, tid=5212, ret=0
06-15 22:24:19.741  1281  1281 I touch_boost: enable=1, render_deboost=1, active_time=100, duration=100, idleprefer(TA,FG)=(1,1), util(TA,FG)=(0,30), freq(c0,c1,c2)=(1400000,1500000,1200000)
06-15 22:24:19.741  1281  1281 I mtkpower_client: perf_lock_acq, hdl:0, dur:100, num:14, tid:1281
06-15 22:24:19.743  1281  1281 I mtkpower_client: ret_hdl:26682
06-15 22:24:19.743  1079  1181 I libPowerHal: [perfLockAcq] idx:2 hdl:26682 hint:-1 pid:1281 tid:1281 duration:100 lock_user:touch_boost => ret_hdl:26682
06-15 22:24:19.743  1079  1181 I libPowerHal: [powerhal2uah] transfer powerhal opcode 0x00400000 value 1400000 to uah
06-15 22:24:19.743  1079  1181 I libPowerHal: [powerhal2uah] transfer powerhal opcode 0x00400100 value 1500000 to uah
06-15 22:24:19.743  1079  1181 I libPowerHal: [powerhal2uah] transfer powerhal opcode 0x00400200 value 1200000 to uah
06-15 22:24:19.743  1079  1181 I [UAH_CLIENT]: UahPlatformResAcquire
06-15 22:24:19.743  1079  1181 I [UAH_CLIENT]: UahEventAcquire, cmdid:-3, pkg:1281 1281, identity:mtk-powerd
06-15 22:24:19.744  1079  1181 I libPowerHal: [powerhal2uah] register powerhal handle 26682 to uah handle 27454
06-15 22:24:19.744  1079  1181 I libPowerHal: [PE] touch_boost update cmd:1404100, param:1
06-15 22:24:19.744  1079  1181 I libPowerHal: [PE] touch_boost update cmd:1404300, param:1
06-15 22:24:19.745  1744  2702 I [UAH_CLIENT]: UahEventAcquire, cmdid:37, pkg:none, identity:OplusUAwareInputHelper
06-15 22:24:19.745  1744  2015 D PowerManagerService: userActivityNoUpdateLocked: groupId=0, eventTime=37414163, event=touch, flags=0x0, uid=1000
06-15 22:24:19.745  1744  2428 D GestureLog_OplusMultiPointerDetector: onTouchEvent------>start, mCurNumPointers=1, mCurrStatus=0 mIsDownIntervalTimeout=true, action=0 downTime=37414163 deviceId=2
06-15 22:24:19.746  1744  2702 D UAH-UahAdaptHelper: adaptSetNotification identity = OplusUAwareInputHelpersrc = 1000 , type 0 ,p1 = -1 ,p2 = -1 ,p3 = -1 ,p4 =
06-15 22:24:19.746  1744  2702 I [UAH_CLIENT]: uahRuleCtl, ruleId:1000, status:0
06-15 22:24:19.746  1744  2015 D PowerManagerService: userActivityNoUpdateLocked: groupId=0, eventTime=37414163, event=touch, flags=0x0, uid=1000
06-15 22:24:19.749  1079  1181 I libPowerHal: [PE] touch_boost update cmd:1408100, param:30
06-15 22:24:19.749  1079  1181 I libPowerHal: [PE] touch_boost update cmd:1408300, param:0
06-15 22:24:19.750  1079  1181 I libPowerHal: [perfLockAcq] idx:5 hdl:26683 hint:25 pid:1079 tid:1079 duration:10000 lock_user:mtkpower@1.0-se => ret_hdl:26683
06-15 22:24:19.750  1079  1181 I libPowerHal: [PE] MTKPOWER_HINT_APP_TOUCH update cmd:3408b00 param:1
06-15 22:24:19.750  1079  1181 I libPowerHal: [perfLockAcq] idx:6 hdl:26684 hint:-1 pid:1079 tid:1158 duration:100 lock_user:mtkpower@1.0-se => ret_hdl:26684
06-15 22:24:19.750  1079  1181 I libPowerHal: [powerhal2uah] transfer powerhal opcode 0x00400000 value 1400000 to uah
06-15 22:24:19.750  1079  1181 I libPowerHal: [powerhal2uah] transfer powerhal opcode 0x00400100 value 1500000 to uah
06-15 22:24:19.750  1079  1181 I [UAH_CLIENT]: UahPlatformResAcquire
06-15 22:24:19.750  1079  1181 I [UAH_CLIENT]: UahEventAcquire, cmdid:-3, pkg:1079 1158, identity:mtk-powerd
06-15 22:24:19.751  1079  1181 I libPowerHal: [powerhal2uah] register powerhal handle 26684 to uah handle 27456
06-15 22:24:19.776  1067  1523 I OriginChannel: pwm_rgb: lux:18, time_delta:0.000000, pwm_turbo:100, bri:0, r:1134, g:1339, b:1222, c:655, elgo:3103, end:3, ts-5476376622896513024
06-15 22:24:19.792  9432 12197 I AudioEffect: command() 0xb4000072887d8500, cmdCode = 65536
06-15 22:24:19.792  1138  5212 D EffectHalHidl: audioSchedBoost, set audiohal task boost, pid=1138, tid=5212, ret=0
06-15 22:24:19.794  1138  5212 D EffectHalHidl: audioSchedBoost, set audiohal task boost, pid=1138, tid=5212, ret=0
06-15 22:24:19.805  1744  2702 I [UAH_CLIENT]: UahEventAcquire, cmdid:68, pkg:none, identity:OplusUAwareInputHelper
06-15 22:24:19.805  1744  1978 W QosScheduler: executeSceneQosStrategy failed! qos feature no enable
06-15 22:24:19.815  1744  3921 I mtkpower_client: perf_lock_acq, hdl:26681, dur:3000, num:2, pid:1744, tid:3921
06-15 22:24:19.816  1744  3921 I mtkpower_client: ret_hdl:26685
06-15 22:24:19.816  1079  1181 I libPowerHal: [perfLockAcq] idx:7 hdl:26685 hint:-1 pid:1744 tid:3921 duration:3000 lock_user:system_server => ret_hdl:26685
06-15 22:24:19.816  3836  4207 I PowerHalMgrImpl: hdl:26685, pid:3836 
06-15 22:24:19.816  1079  1181 I libPowerHal: [fpsgo_ctrl_render_thread] 3959, 0xb400007612614598
06-15 22:24:19.816  1079  1181 I libPowerHal: [PE] system_server update ONESHOT(set) cmd:2000300 param:3959
06-15 22:24:19.817  1744  3921 I mtkpower_client: perf_lock_rel, hdl:26685, pid: 1744, tid:3921
06-15 22:24:19.817  1079  1181 I libPowerHal: [perfLockRel] hdl:26685, idx:7
06-15 22:24:19.817  1079  1181 I libPowerHal: [perfScnUpdate] release powerhal handle 26685
06-15 22:24:19.817  1079  1181 I libPowerHal: [fpsgo_ctrl_render_thread] 3959, 0xb400007612614598
06-15 22:24:19.817  1079  1181 I libPowerHal: [PD] system_server update ONESHOT(unset) cmd:2000300 param:3959
06-15 22:24:19.818  1744  3935 I mtkpower_client: perf_lock_acq, hdl:26685, dur:3000, num:2, pid:1744, tid:3935
06-15 22:24:19.818  1744  3935 I mtkpower_client: ret_hdl:26686
06-15 22:24:19.819  3836  4207 I PowerHalMgrImpl: hdl:26686, pid:3836 
06-15 22:24:19.819  1744  3935 I mtkpower_client: perf_lock_rel, hdl:26686, pid: 1744, tid:3935
06-15 22:24:19.819  1079  1181 I libPowerHal: [perfLockAcq] idx:7 hdl:26686 hint:-1 pid:1744 tid:3935 duration:3000 lock_user:system_server => ret_hdl:26686
06-15 22:24:19.819  1079  1181 I libPowerHal: [PE] system_server update cmd:3408500, param:0
06-15 22:24:19.819  1079  1181 I libPowerHal: [touch_boost_enabled] value:0
06-15 22:24:19.819  1079  1181 I libPowerHal: [PE] system_server update cmd:3408500 param:0
06-15 22:24:19.819  1079  1161 I libPowerHal: [force_stop_touch_boost] force stop touch boost, hdl:26684
06-15 22:24:19.820  1079  1181 I libPowerHal: [perfLockRel] hdl:26686, idx:7
06-15 22:24:19.820  1079  1181 I libPowerHal: [perfScnUpdate] release powerhal handle 26686
06-15 22:24:19.820  1079  1181 I libPowerHal: [PD] system_server update cmd:3408500 param:1
06-15 22:24:19.820  1281  1281 I touch_boost: enable=0, render_deboost=1, active_time=100, duration=100, idleprefer(TA,FG)=(1,1), util(TA,FG)=(0,30), freq(c0,c1,c2)=(1400000,1500000,1200000)
06-15 22:24:19.820  1281  1281 I mtkpower_client: perf_lock_rel, hdl:26682, tid:1281
06-15 22:24:19.820  1079  1181 I libPowerHal: [touch_boost_enabled] value:-1
06-15 22:24:19.820  1079  1181 I libPowerHal: [PD] system_server update cmd:3408500 param:-1
06-15 22:24:19.820  1079  1181 I libPowerHal: [perfLockRel] hdl:26684, idx:6
06-15 22:24:19.820  1079  1181 I [UAH_CLIENT]: UahRelease, handle:27456
06-15 22:24:19.820  1079  1181 I libPowerHal: [perfScnUpdate] release powerhal handle 26684
06-15 22:24:19.821  1079  1181 I libPowerHal: [perfLockRel] hdl:26682, idx:2
06-15 22:24:19.821  1079  1181 I [UAH_CLIENT]: UahRelease, handle:27454
06-15 22:24:19.822  1079  1181 I libPowerHal: [perfScnUpdate] release powerhal handle 26682
06-15 22:24:19.822  1079  1181 I libPowerHal: [PD] touch_boost update cmd:1404100 param:0
06-15 22:24:19.822  1079  1181 I libPowerHal: [PD] touch_boost update cmd:1404300 param:0
06-15 22:24:19.822  1079  1181 I libPowerHal: [PD] touch_boost update cmd:1408100 param:0
06-15 22:24:19.826  1168  1168 I BufferQueueProducer: [com.loyea/com.loyea.MainActivity#8668](this:0xb400007d2bbd5af8,id:-1,api:0,p:-1,c:1168) queueBuffer: fps=9.16 dur=1964.81 max=1683.76 min=15.46
06-15 22:24:19.831  1079  1181 I libPowerHal: [PD] touch_boost update cmd:1408300 param:0
06-15 22:24:19.845  9432 12197 I AudioEffect: command() 0xb4000072887d8500, cmdCode = 65536
06-15 22:24:19.845  1138  5212 D EffectHalHidl: audioSchedBoost, set audiohal task boost, pid=1138, tid=5212, ret=0
06-15 22:24:19.846  1138  5212 D EffectHalHidl: audioSchedBoost, set audiohal task boost, pid=1138, tid=5212, ret=0
06-15 22:24:19.846  1744  2015 D PowerManagerService: userActivityNoUpdateLocked: groupId=0, eventTime=37414267, event=touch, flags=0x0, uid=1000
06-15 22:24:19.848  1744  2015 D PowerManagerService: userActivityNoUpdateLocked: groupId=0, eventTime=37414267, event=touch, flags=0x0, uid=1000
06-15 22:24:19.898  9432 12197 I AudioEffect: command() 0xb4000072887d8500, cmdCode = 65536
06-15 22:24:19.899  1138  5212 D EffectHalHidl: audioSchedBoost, set audiohal task boost, pid=1138, tid=5212, ret=0
06-15 22:24:19.900  1138  5212 D EffectHalHidl: audioSchedBoost, set audiohal task boost, pid=1138, tid=5212, ret=0
06-15 22:24:19.952  1744  2015 D PowerManagerService: userActivityNoUpdateLocked: groupId=0, eventTime=37414372, event=touch, flags=0x0, uid=1000
06-15 22:24:19.952  9432 12197 I AudioEffect: command() 0xb4000072887d8500, cmdCode = 65536
06-15 22:24:19.953  1138  5212 D EffectHalHidl: audioSchedBoost, set audiohal task boost, pid=1138, tid=5212, ret=0
06-15 22:24:19.954  1744  2015 D PowerManagerService: userActivityNoUpdateLocked: groupId=0, eventTime=37414372, event=touch, flags=0x0, uid=1000
06-15 22:24:19.954  1138  5212 D EffectHalHidl: audioSchedBoost, set audiohal task boost, pid=1138, tid=5212, ret=0
06-15 22:24:19.976  1067  1523 I OriginChannel: pwm_rgb: lux:18, time_delta:0.000000, pwm_turbo:100, bri:0, r:1134, g:1343, b:1227, c:661, elgo:3107, end:3, ts-5476376622896513024
06-15 22:24:20.004  1744  2197 V AlarmManager: sending alarm Alarm{4ec8ab8 type 1 origWhen 1781533460003 whenElapsed 59047801 android} uid 1000 whenElapsed 59047801 windowLength 0 maxWhenElapsed 59047801 repeatInterval 0 action null component null tag StorgaeBandInfoAlarmTag flags 0x9 procName system_server
06-15 22:24:20.005  1744  6239 E OplusStorageUFSBandwidth: storage_io_metrics_path is /proc/oplus_storage/io_metrics/forever/
06-15 22:24:20.006  9432 12197 I AudioEffect: command() 0xb4000072887d8500, cmdCode = 65536
06-15 22:24:20.007  1138  5212 D EffectHalHidl: audioSchedBoost, set audiohal task boost, pid=1138, tid=5212, ret=0
06-15 22:24:20.008  1138  5212 D EffectHalHidl: audioSchedBoost, set audiohal task boost, pid=1138, tid=5212, ret=0
06-15 22:24:20.012  1744  6239 E OplusStorageUFSBandwidth: Bandwidth - Read: 0.00 MB/s, Write: 0.00 MB/s
06-15 22:24:20.012  1744  6239 E OplusStorageUFSBandwidth: Task time: 7ms
06-15 22:24:20.015  1744  6239 E OplusStorageUFSBandwidth: Alarm set to trigger in 10 seconds
06-15 22:24:20.031  1079  1181 I libPowerHal: [perfLockRel] hdl:26683, idx:5
06-15 22:24:20.031  1079  1181 I libPowerHal: [perfScnUpdate] release powerhal handle 26683
06-15 22:24:20.032  1079  1181 I libPowerHal: [PD] MTKPOWER_HINT_APP_TOUCH update cmd:3408b00 param:0
06-15 22:24:20.032  1744  2702 D UAH-UahAdaptHelper: adaptSetNotification identity = OplusUAwareInputHelpersrc = 1000 , type 1 ,p1 = -1 ,p2 = -1 ,p3 = -1 ,p4 =
06-15 22:24:20.032  1744  2702 I [UAH_CLIENT]: uahRuleCtl, ruleId:1000, status:1
06-15 22:24:20.034  1744  2702 I [UAH_CLIENT]: UahRelease, handle:27457
06-15 22:24:20.035  1744  2702 I [UAH_CLIENT]: UahEventAcquire, cmdid:7, pkg:none, identity:OplusUAwareInputHelper
06-15 22:24:20.039  1119  1119 D vendor.oplus.hardware.charger-V10-service: getChargerControl:sub_current=100
06-15 22:24:20.039  1119  1119 D vendor.oplus.hardware.charger-V10-service: sub_voltage=3800
06-15 22:24:20.039  1119  1119 D vendor.oplus.hardware.charger-V10-service: sub_soc=-1
06-15 22:24:20.039  1119  1119 D vendor.oplus.hardware.charger-V10-service: sub_temperature=250
06-15 22:24:20.039  1119  1119 D vendor.oplus.hardware.charger-V10-service: main_soc=49
06-15 22:24:20.039  3026  5572 D CommonApp-104-10369: transport layer data is invalid
06-15 22:24:20.041  3026  5572 D CommonApp-121-10369: transport layer data is invalid
06-15 22:24:20.041  3836  3836 I ScrollIdentify: on fling
06-15 22:24:20.042  3836  3836 D ViewRootImplExtImpl: the up motion event handled by client, just return
06-15 22:24:20.042  3026  5572 D ScorePolicy: handleScoreChanged: []
06-15 22:24:20.042  3026  5572 D ScorePolicy: handleScoreChanged: []
06-15 22:24:20.042  3026  5572 D ScorePolicy: handleScoreChanged: []
06-15 22:24:20.043  1744  3921 I mtkpower_client: perf_lock_acq, hdl:26686, dur:3000, num:4, pid:1744, tid:3921
06-15 22:24:20.044  1744  3921 I mtkpower_client: ret_hdl:26687
06-15 22:24:20.044  1079  1181 I libPowerHal: cmdSetting - unknown cmd:2000400, scmd:(null) ,param_1:-3959
06-15 22:24:20.044  1079  1181 I libPowerHal: [perfLockAcq] idx:2 hdl:26687 hint:-1 pid:1744 tid:3921 duration:3000 lock_user:system_server => ret_hdl:26687
06-15 22:24:20.044  1079  1181 I libPowerHal: [fpsgo_ctrl_render_thread] 3959, 0xb40000761260f610
06-15 22:24:20.044  1079  1181 I libPowerHal: [PE] system_server update ONESHOT(set) cmd:2000300 param:3959
06-15 22:24:20.044  3836  4207 I PowerHalMgrImpl: hdl:26687, pid:3836 
06-15 22:24:20.045  1744  3921 I mtkpower_client: perf_lock_rel, hdl:26687, pid: 1744, tid:3921
06-15 22:24:20.045  1079  1181 I libPowerHal: [perfLockRel] hdl:26687, idx:2
06-15 22:24:20.045  1079  1181 I libPowerHal: [perfScnUpdate] release powerhal handle 26687
06-15 22:24:20.046  1079  1181 I libPowerHal: [fpsgo_ctrl_render_thread] 3959, 0xb40000761260f610
06-15 22:24:20.046  1079  1181 I libPowerHal: [PD] system_server update ONESHOT(unset) cmd:2000300 param:3959
06-15 22:24:20.061  9432 12197 I AudioEffect: command() 0xb4000072887d8500, cmdCode = 65536
06-15 22:24:20.061  1138  5212 D EffectHalHidl: audioSchedBoost, set audiohal task boost, pid=1138, tid=5212, ret=0
06-15 22:24:20.062  1138  5212 D EffectHalHidl: audioSchedBoost, set audiohal task boost, pid=1138, tid=5212, ret=0
06-15 22:24:20.114  9432 12197 I AudioEffect: command() 0xb4000072887d8500, cmdCode = 65536
06-15 22:24:20.115  1138  5212 D EffectHalHidl: audioSchedBoost, set audiohal task boost, pid=1138, tid=5212, ret=0
06-15 22:24:20.116  1138  5212 D EffectHalHidl: audioSchedBoost, set audiohal task boost, pid=1138, tid=5212, ret=0
06-15 22:24:20.167  9432 12197 I AudioEffect: command() 0xb4000072887d8500, cmdCode = 65536
06-15 22:24:20.168  4089  4138 I JPEG_JNI: EnterExeTask  controller.background_task_controller process {"client":"infer"}
06-15 22:24:20.168  1138  5212 D EffectHalHidl: audioSchedBoost, set audiohal task boost, pid=1138, tid=5212, ret=0
06-15 22:24:20.169  1138  5212 D EffectHalHidl: audioSchedBoost, set audiohal task boost, pid=1138, tid=5212, ret=0
06-15 22:24:20.171  4089  4138 I JPEG_JNI: LeaveExeTask  module controller.background_task_controller 
06-15 22:24:20.171  4089  4138 I JPEG_JNI:  func process  
06-15 22:24:20.171  4089  4138 I JPEG_JNI:  input {"client":"infer"} 
06-15 22:24:20.171  4089  4138 I JPEG_JNI:  ret {}
06-15 22:24:20.172  1744  1978 W QosScheduler: executeSceneQosStrategy failed! qos feature no enable
06-15 22:24:20.173  1067  1523 I OriginChannel: pwm_rgb: lux:18, time_delta:0.000000, pwm_turbo:100, bri:0, r:1134, g:1337, b:1219, c:655, elgo:3092, end:3, ts-5476376622896513024
06-15 22:24:20.220  9432 12197 I AudioEffect: command() 0xb4000072887d8500, cmdCode = 65536
06-15 22:24:20.221  1138  5212 D EffectHalHidl: audioSchedBoost, set audiohal task boost, pid=1138, tid=5212, ret=0
06-15 22:24:20.222  1138  5212 D EffectHalHidl: audioSchedBoost, set audiohal task boost, pid=1138, tid=5212, ret=0
06-15 22:24:20.274  9432 12197 I AudioEffect: command() 0xb4000072887d8500, cmdCode = 65536
06-15 22:24:20.275  1138  5212 D EffectHalHidl: audioSchedBoost, set audiohal task boost, pid=1138, tid=5212, ret=0
06-15 22:24:20.276  1138  5212 D EffectHalHidl: audioSchedBoost, set audiohal task boost, pid=1138, tid=5212, ret=0
06-15 22:24:20.328  9432 12197 I AudioEffect: command() 0xb4000072887d8500, cmdCode = 65536
06-15 22:24:20.329  1138  5212 D EffectHalHidl: audioSchedBoost, set audiohal task boost, pid=1138, tid=5212, ret=0
06-15 22:24:20.330  1138  5212 D EffectHalHidl: audioSchedBoost, set audiohal task boost, pid=1138, tid=5212, ret=0
06-15 22:24:20.370  1067  1523 I OriginChannel: pwm_rgb: lux:18, time_delta:0.000000, pwm_turbo:100, bri:0, r:1134, g:1328, b:1209, c:648, elgo:3065, end:3, ts-5476376622896513024
06-15 22:24:20.384  9432 12197 I AudioEffect: command() 0xb4000072887d8500, cmdCode = 65536
06-15 22:24:20.385  1138  5212 D EffectHalHidl: audioSchedBoost, set audiohal task boost, pid=1138, tid=5212, ret=0
06-15 22:24:20.387  1138  5212 D EffectHalHidl: audioSchedBoost, set audiohal task boost, pid=1138, tid=5212, ret=0
06-15 22:24:20.396  2427  2427 I WifiHAL : wifi_get_link_stats: result=0
06-15 22:24:20.397  1744  2275 D WifiStaIfaceHidlImpl: getCachedScanData is not implemented by HIDL
06-15 22:24:20.426  3026  3026 D VendorWifiService: onEvent event:9,action:1
06-15 22:24:20.432  1744  2415 D ScorerUtils: isLowTraffic: txTputKBps=18, rxTputKBps=4
06-15 22:24:20.433  1744  2415 D OplusWifiPower_TriggerCenter: mComponentCallback: wifistat
06-15 22:24:20.438  9432 12197 I AudioEffect: command() 0xb4000072887d8500, cmdCode = 65536
06-15 22:24:20.439  1138  5212 D EffectHalHidl: audioSchedBoost, set audiohal task boost, pid=1138, tid=5212, ret=0
06-15 22:24:20.440  1138  5212 D EffectHalHidl: audioSchedBoost, set audiohal task boost, pid=1138, tid=5212, ret=0
06-15 22:24:20.492  9432 12197 I AudioEffect: command() 0xb4000072887d8500, cmdCode = 65536
06-15 22:24:20.493  1138  5212 D EffectHalHidl: audioSchedBoost, set audiohal task boost, pid=1138, tid=5212, ret=0
06-15 22:24:20.494  1138  5212 D EffectHalHidl: audioSchedBoost, set audiohal task boost, pid=1138, tid=5212, ret=0
06-15 22:24:20.522  2721  2854 I SystemUi--Statusbar: OplusNetworkSpeedControllExImpl-->updateNetworkSpeed: isConnected:true,isSwitchOn:true,isSuspend:false,isPause:false
06-15 22:24:20.528  2721  2854 I SystemUi--Statusbar: OplusNetworkSpeedControllExImpl-->getTotalByte: totalRxBytes:3331017754,totalTxBytes:748815553,loopbackTxBytes:37773551,loopbackRxBytes:37773551 ,totalBytes:4004286205
06-15 22:24:20.531  1281  1281 I touch_boost: enable=1, render_deboost=1, active_time=100, duration=100, idleprefer(TA,FG)=(1,1), util(TA,FG)=(0,30), freq(c0,c1,c2)=(1400000,1500000,1200000)
06-15 22:24:20.531  1281  1281 I mtkpower_client: perf_lock_acq, hdl:0, dur:100, num:14, tid:1281
06-15 22:24:20.532  1281  1281 I mtkpower_client: ret_hdl:26688
06-15 22:24:20.532  1079  1181 I libPowerHal: [perfLockAcq] idx:2 hdl:26688 hint:-1 pid:1281 tid:1281 duration:100 lock_user:touch_boost => ret_hdl:26688
06-15 22:24:20.532  1079  1181 I libPowerHal: [powerhal2uah] transfer powerhal opcode 0x00400000 value 1400000 to uah
06-15 22:24:20.532  1079  1181 I libPowerHal: [powerhal2uah] transfer powerhal opcode 0x00400100 value 1500000 to uah
06-15 22:24:20.532  1079  1181 I libPowerHal: [powerhal2uah] transfer powerhal opcode 0x00400200 value 1200000 to uah
06-15 22:24:20.532  1079  1181 I [UAH_CLIENT]: UahPlatformResAcquire
06-15 22:24:20.532  1079  1181 I [UAH_CLIENT]: UahEventAcquire, cmdid:-3, pkg:1281 1281, identity:mtk-powerd
06-15 22:24:20.533  1079  1181 I libPowerHal: [powerhal2uah] register powerhal handle 26688 to uah handle 27459
06-15 22:24:20.534  1079  1181 I libPowerHal: [PE] touch_boost update cmd:1404100, param:1
06-15 22:24:20.534  1079  1181 I libPowerHal: [PE] touch_boost update cmd:1404300, param:1
06-15 22:24:20.534  1744  2702 I [UAH_CLIENT]: UahEventAcquire, cmdid:37, pkg:none, identity:OplusUAwareInputHelper
06-15 22:24:20.534  1744  2015 D PowerManagerService: userActivityNoUpdateLocked: groupId=0, eventTime=37414953, event=touch, flags=0x0, uid=1000
06-15 22:24:20.534  1744  2702 D UAH-UahAdaptHelper: adaptSetNotification identity = OplusUAwareInputHelpersrc = 1000 , type 0 ,p1 = -1 ,p2 = -1 ,p3 = -1 ,p4 =
06-15 22:24:20.534  1744  2702 I [UAH_CLIENT]: uahRuleCtl, ruleId:1000, status:0
06-15 22:24:20.535  1744  2015 D PowerManagerService: userActivityNoUpdateLocked: groupId=0, eventTime=37414953, event=touch, flags=0x0, uid=1000
06-15 22:24:20.535  1744  2428 D GestureLog_OplusMultiPointerDetector: onTouchEvent------>start, mCurNumPointers=1, mCurrStatus=0 mIsDownIntervalTimeout=true, action=0 downTime=37414953 deviceId=2
06-15 22:24:20.539  1079  1181 I libPowerHal: [PE] touch_boost update cmd:1408100, param:30
06-15 22:24:20.539  1079  1181 I libPowerHal: [PE] touch_boost update cmd:1408300, param:0
06-15 22:24:20.539  1079  1181 I libPowerHal: [perfLockAcq] idx:5 hdl:26689 hint:25 pid:1079 tid:1079 duration:10000 lock_user:mtkpower@1.0-se => ret_hdl:26689
06-15 22:24:20.539  1079  1181 I libPowerHal: [PE] MTKPOWER_HINT_APP_TOUCH update cmd:3408b00 param:1
06-15 22:24:20.540  1079  1181 I libPowerHal: [perfLockAcq] idx:6 hdl:26690 hint:-1 pid:1079 tid:1158 duration:100 lock_user:mtkpower@1.0-se => ret_hdl:26690
06-15 22:24:20.540  1079  1181 I libPowerHal: [powerhal2uah] transfer powerhal opcode 0x00400000 value 1400000 to uah
06-15 22:24:20.540  1079  1181 I libPowerHal: [powerhal2uah] transfer powerhal opcode 0x00400100 value 1500000 to uah
06-15 22:24:20.540  1079  1181 I [UAH_CLIENT]: UahPlatformResAcquire
06-15 22:24:20.540  1079  1181 I [UAH_CLIENT]: UahEventAcquire, cmdid:-3, pkg:1079 1158, identity:mtk-powerd
06-15 22:24:20.540  1079  1181 I libPowerHal: [powerhal2uah] register powerhal handle 26690 to uah handle 27461
06-15 22:24:20.545  9432 12197 I AudioEffect: command() 0xb4000072887d8500, cmdCode = 65536
06-15 22:24:20.545  1138  5212 D EffectHalHidl: audioSchedBoost, set audiohal task boost, pid=1138, tid=5212, ret=0
06-15 22:24:20.545  1138  5212 D EffectHalHidl: audioSchedBoost, set audiohal task boost, pid=1138, tid=5212, ret=0
06-15 22:24:20.552  1168  1168 I BufferQueueProducer: [StatusBar#91](this:0xb400007d383d9af8,id:-1,api:0,p:-1,c:1168) queueBuffer: fps=0.57 dur=1764.42 max=1764.42 min=1764.42
06-15 22:24:20.567  1067  1523 I OriginChannel: pwm_rgb: lux:18, time_delta:0.000000, pwm_turbo:100, bri:0, r:1134, g:1319, b:1204, c:643, elgo:3045, end:3, ts-5476376622896513024
06-15 22:24:20.596  9432 12197 I AudioEffect: command() 0xb4000072887d8500, cmdCode = 65536
06-15 22:24:20.596  1138  5212 D EffectHalHidl: audioSchedBoost, set audiohal task boost, pid=1138, tid=5212, ret=0
06-15 22:24:20.597  1138  5212 D EffectHalHidl: audioSchedBoost, set audiohal task boost, pid=1138, tid=5212, ret=0
06-15 22:24:20.631  1281  1281 I touch_boost: enable=0, render_deboost=1, active_time=100, duration=100, idleprefer(TA,FG)=(1,1), util(TA,FG)=(0,30), freq(c0,c1,c2)=(1400000,1500000,1200000)
06-15 22:24:20.631  1281  1281 I mtkpower_client: perf_lock_rel, hdl:26688, tid:1281
06-15 22:24:20.632  1079  1181 I libPowerHal: [perfLockRel] hdl:26688, idx:2
06-15 22:24:20.632  1079  1181 I [UAH_CLIENT]: UahRelease, handle:27459
06-15 22:24:20.632  1079  1181 I libPowerHal: [perfScnUpdate] release powerhal handle 26688
06-15 22:24:20.640  1079  1181 I mtkpower@impl: [powerd_req] TIMER_MSG_PERF_LOCK_TIMEOUT hdl:26690
06-15 22:24:20.640  1079  1181 I libPowerHal: [perfLockRel] hdl:26690, idx:6
06-15 22:24:20.640  1079  1181 I [UAH_CLIENT]: UahRelease, handle:27461
06-15 22:24:20.641  1079  1181 I libPowerHal: [perfScnUpdate] release powerhal handle 26690
06-15 22:24:20.641  1079  1181 I libPowerHal: [PD] mtkpower@1.0-se update cmd:1404100 param:0
06-15 22:24:20.641  1079  1181 I libPowerHal: [PD] mtkpower@1.0-se update cmd:1404300 param:0
06-15 22:24:20.641  1079  1181 I libPowerHal: [PD] mtkpower@1.0-se update cmd:1408100 param:0
06-15 22:24:20.641  2721  2721 I SystemUi--Notification: OplusNotificationLogger-->TOAST-->hideToast , pkg = com.loyea, uid = no_need_print , token = android.os.BinderProxy@702b2ea , content = no_need_print
06-15 22:24:20.648  9432 12197 I AudioEffect: command() 0xb4000072887d8500, cmdCode = 65536
06-15 22:24:20.649  1138  5212 D EffectHalHidl: audioSchedBoost, set audiohal task boost, pid=1138, tid=5212, ret=0
06-15 22:24:20.650  1138  5212 D EffectHalHidl: audioSchedBoost, set audiohal task boost, pid=1138, tid=5212, ret=0
06-15 22:24:20.651  1079  1181 I libPowerHal: [PD] mtkpower@1.0-se update cmd:1408300 param:0
06-15 22:24:20.673  4089  4138 I JPEG_JNI: EnterExeTask  controller.background_task_controller process {"client":"infer"}
06-15 22:24:20.675  4089  4138 I JPEG_JNI: LeaveExeTask  module controller.background_task_controller 
06-15 22:24:20.675  4089  4138 I JPEG_JNI:  func process  
06-15 22:24:20.675  4089  4138 I JPEG_JNI:  input {"client":"infer"} 
06-15 22:24:20.675  4089  4138 I JPEG_JNI:  ret {}
06-15 22:24:20.680  1423  1471 D MipcProxy: handleMessage msg is 2420, instance 1
06-15 22:24:20.681  1423  1471 D MipcProxy: handleQosPeriodReportInd for instance 1
06-15 22:24:20.681  3026  3076 D SubsysRadioIndication[1]: radioQosPeriodReportInd result [18, 0, 26, 0, 34, 6, 16, 4, 24, 1, 32, 1, 58, 31, 24, -128, -39, 38, 32, -105, 3, 40, -83, -1, -1, -1, -1, -1, -1, -1, -1, 1, 48, -10, -1, -1, -1, -1, -1, -1, -1, -1, 1, 56, 20, 66, 20, 16, 5, 34, 16, 8, -128, -39, 38, 16, -105, 3, 24, 78, 40, -123, -94, -46, -27, -96, 1, 90, 0, 98, 2, 16, 3, 106, 0, 122, 5, 24, 120, 32, -2, 8]
06-15 22:24:20.682  3026  3026 D NetworkService[1]: handleMessage what:1005
06-15 22:24:20.682  3026  3026 D RadioAtomTracker: parseQosPeriodData ModemQos:CellularQosInfo2{5G, 633984/407, EndcState=0, Band=78, DLBW=0, Rsrp=-83, Rsrq=-10, Snr=20, SvcStatus=3, ULPDCPNumDataPdu=0, ULPDCPNumDropPdu=0, ULPDCPTput=0, ULRLCNumDataPdu=0, ULRLCNumRetxPdu=0, ULGrant=0, ULBSR=0, ULBler=0, DLPDCPNumDataPdu=0, DLPDCPTput=0, DLRLCNumDataPdu=0, DLRLCNumRetxPdu=0, DLRLCNumDropPdu=0, DLMACPaddingBytes=0, DLPdcpNumMissToUppPdu=0, DLBler=0, RlfCount=0, CellChangeCount=0, IsRedirectionOccur=0, IsDualSimConflict=0, Latency=0, Sub1RrcState=1, Sub2RrcState=1, RachCount=0, CalcPower=0, Mtpl=120, PathLoss=1150, CellLoad=0}
06-15 22:24:20.683  3026  3026 D NetworkService[1]: EVENT_REG_QOS_PERIOD_REPORT_IND_CHANGED ENTER
06-15 22:24:20.684  3026  3026 D AtomModemKpiInfo: handleMessage what:1001
06-15 22:24:20.684  3026  3026 D AtomModemKpiInfo: analyseQosInfo success
06-15 22:24:20.685  1168  1168 I BufferQueueProducer: [Toast#8685](this:0xb400007d2ba632f8,id:-1,api:0,p:-1,c:1168) queueBuffer: fps=8.66 dur=2194.44 max=1896.44 min=13.62
06-15 22:24:20.702  9432 12197 I AudioEffect: command() 0xb4000072887d8500, cmdCode = 65536
06-15 22:24:20.703  1138  5212 D EffectHalHidl: audioSchedBoost, set audiohal task boost, pid=1138, tid=5212, ret=0
06-15 22:24:20.706  1138  5212 D EffectHalHidl: audioSchedBoost, set audiohal task boost, pid=1138, tid=5212, ret=0
06-15 22:24:20.748  9471 20411 D gaia-GaiaConnectChecker: start connect check++
06-15 22:24:20.758  9432 12197 I AudioEffect: command() 0xb4000072887d8500, cmdCode = 65536
06-15 22:24:20.760  1138  5212 D EffectHalHidl: audioSchedBoost, set audiohal task boost, pid=1138, tid=5212, ret=0
06-15 22:24:20.761  1138  5212 D EffectHalHidl: audioSchedBoost, set audiohal task boost, pid=1138, tid=5212, ret=0
06-15 22:24:20.770  1744  2015 D PowerManagerService: userActivityNoUpdateLocked: groupId=0, eventTime=37415186, event=touch, flags=0x0, uid=1000
06-15 22:24:20.772  1744  2015 D PowerManagerService: userActivityNoUpdateLocked: groupId=0, eventTime=37415186, event=touch, flags=0x0, uid=1000
06-15 22:24:20.783  1067  1523 I OriginChannel: pwm_rgb: lux:18, time_delta:0.000000, pwm_turbo:100, bri:0, r:1134, g:1322, b:1207, c:653, elgo:3045, end:3, ts-5476376622896513024
06-15 22:24:20.813  9432 12197 I AudioEffect: command() 0xb4000072887d8500, cmdCode = 65536
06-15 22:24:20.814  1138  5212 D EffectHalHidl: audioSchedBoost, set audiohal task boost, pid=1138, tid=5212, ret=0
06-15 22:24:20.815  1138  5212 D EffectHalHidl: audioSchedBoost, set audiohal task boost, pid=1138, tid=5212, ret=0
06-15 22:24:20.833  1168  1168 I BufferQueueProducer: [com.loyea/com.loyea.MainActivity#8668](this:0xb400007d2bbd5af8,id:-1,api:0,p:-1,c:1168) queueBuffer: fps=42.72 dur=1006.66 max=298.69 min=15.69
06-15 22:24:20.866  9432 12197 I AudioEffect: command() 0xb4000072887d8500, cmdCode = 65536
06-15 22:24:20.868  1138  5212 D EffectHalHidl: audioSchedBoost, set audiohal task boost, pid=1138, tid=5212, ret=0
06-15 22:24:20.869  1138  5212 D EffectHalHidl: audioSchedBoost, set audiohal task boost, pid=1138, tid=5212, ret=0
06-15 22:24:20.916  2721  2721 D OplusScrollToTopManager: Toast,window dying
06-15 22:24:20.916  2721  2721 D OplusScrollToTopManager: Toast,unregisterGuidePopupDismissReceiverInSystemUI
06-15 22:24:20.916  2721  2721 D OplusScrollToTopManager: Toast,Receiver not registered: android.view.OplusScrollToTopManager$1@7ff4fc0
06-15 22:24:20.918  2721  2721 D HWUI    : RenderProxy::destroy: this=0xb40000714f47ce00, mContext=0xb4000072d4ca4dc0
06-15 22:24:20.918  2721  2881 D HWUI    : SkiaOpenGLPipeline::setSurface: this=0xb40000713b04d240, surface=NULL
06-15 22:24:20.924  2721  2721 D BLASTBufferQueue: [VRI[Toast]#316](f:0,a:3) destructor()
06-15 22:24:20.924  2721  2721 D BufferQueueConsumer: [VRI[Toast]#316(BLAST Consumer)316](id:aa10000013c,api:0,p:-1,c:2721) disconnect
06-15 22:24:20.925  9432 12197 I AudioEffect: command() 0xb4000072887d8500, cmdCode = 65536
06-15 22:24:20.926  1138  5212 D EffectHalHidl: audioSchedBoost, set audiohal task boost, pid=1138, tid=5212, ret=0
06-15 22:24:20.927  1138  5212 D EffectHalHidl: audioSchedBoost, set audiohal task boost, pid=1138, tid=5212, ret=0
06-15 22:24:20.927  1744  3921 I WindowManager: Window{143d90e u0 Toast} state from HAS_DRAWN to NO_SURFACE; reason: destroySurface
06-15 22:24:20.934  1744  3921 D OplusAONSmartDim: onWakeLockReleaseLocked: lock=22076180, flags=0x2000000a, packageName=android, tag="WindowManager/displayId:0", ws=WorkSource{10186 com.android.systemui}, uid=1000, pid=1744
06-15 22:24:20.934  1744  3921 D PowerManagerService: userActivityNoUpdateLocked: groupId=0, eventTime=37415357, event=other, flags=0x1, uid=1000
06-15 22:24:20.936  1744  3921 D WindowManager: NFW_findFocusedWindowIfNeeded:Window{fded2e7 u0 com.loyea/com.loyea.MainActivity} mCurrentFocus:Window{fded2e7 u0 com.loyea/com.loyea.MainActivity}
06-15 22:24:20.938  1744  3921 W NotificationService: Toast already killed. pkg=com.loyea token=android.os.BinderProxy@33b9a64
06-15 22:24:20.946  1744  3921 D NotificationService--OplusNotificationManagerServiceExtImpl: shouldInterceptToast: 
06-15 22:24:20.952  1744  3921 D NotificationService: Show next toast CurrentToastShown =false
06-15 22:24:20.960  3836  3994 D LlmClient: ASR request to https://api.xiaomimimo.com/v1/chat/completions (isMiMo=true): size=39816 bytes, format=m4a
06-15 22:24:20.964  2721  2721 I SystemUi--Notification: OplusNotificationLogger-->TOAST-->showToast , pkg = com.loyea, uid = 10369 , token = android.os.BinderProxy@dfeeb87 , content = no_need_print
06-15 22:24:20.966  2721  2721 D WindowManager: Add to mViews: com.oplus.systemui.toast.OplusToastLayout{487e6dd I.E...... ......I. 0,0-0,0 alpha=1.0 viewInfo = },pkg= com.android.systemui
06-15 22:24:20.966  2721  2881 D skia    : setRusSupported enable 0
06-15 22:24:20.972  1744  3935 D KEYLOG_PhoneWindowManagerExtImpl: checkAddPermission: com.oplus.permission.safe.WINDOW OKAY packageName = com.android.systemui
06-15 22:24:20.976  1744  3935 I WindowManager: addWindow: New client android.os.BinderProxy@85dc093 : window=Window{549f8d0 u0 Toast}
06-15 22:24:20.978  9432 12197 I AudioEffect: command() 0xb4000072887d8500, cmdCode = 65536
06-15 22:24:20.979  2721  2721 D ViewRootImplExtImpl: onDisplayChanged -1 for VRI android.view.ViewRootImpl@e2113d9
06-15 22:24:20.979  1138  5212 D EffectHalHidl: audioSchedBoost, set audiohal task boost, pid=1138, tid=5212, ret=0
06-15 22:24:20.979  1138  5212 D EffectHalHidl: audioSchedBoost, set audiohal task boost, pid=1138, tid=5212, ret=0
06-15 22:24:20.985  1067  1523 I OriginChannel: pwm_rgb: lux:18, time_delta:0.000000, pwm_turbo:100, bri:0, r:1134, g:1321, b:1211, c:651, elgo:3059, end:3, ts-5476376622896513024
06-15 22:24:20.986  2721  2721 E OplusBracketLog: [OplusViewMirrorManager] updateHostViewRootIfNeeded, not support android.view.ViewRootImpl@e2113d9
06-15 22:24:20.991  1744  3935 V WindowManager: Relayout Window{549f8d0 u0 Toast}: viewVisibility=4, oldvis=4, req=704x336 , apr = 0, vsysui=, x=0, y=224
06-15 22:24:20.996  1744  2015 D PowerManagerService: userActivityNoUpdateLocked: groupId=0, eventTime=37415412, event=touch, flags=0x0, uid=1000
06-15 22:24:20.997  1744  2015 D PowerManagerService: userActivityNoUpdateLocked: groupId=0, eventTime=37415412, event=touch, flags=0x0, uid=1000
06-15 22:24:20.998  1744  3935 D WindowManager: NFW_findFocusedWindowIfNeeded:Window{fded2e7 u0 com.loyea/com.loyea.MainActivity} mCurrentFocus:Window{fded2e7 u0 com.loyea/com.loyea.MainActivity}
06-15 22:24:21.017  1744  3935 V WindowManager: Relayout Window{549f8d0 u0 Toast}: viewVisibility=0, oldvis=4, req=844x336 , apr = 0, vsysui=
06-15 22:24:21.018  1744  3935 I WindowManager: Window{549f8d0 u0 Toast} state from NO_SURFACE to DRAW_PENDING; reason: resetDrawState
06-15 22:24:21.026  1744  3935 D WindowManager: NFW_findFocusedWindowIfNeeded:Window{fded2e7 u0 com.loyea/com.loyea.MainActivity} mCurrentFocus:Window{fded2e7 u0 com.loyea/com.loyea.MainActivity}
06-15 22:24:21.030  2721  2721 D BufferQueueConsumer: [](id:aa10000013d,api:0,p:-1,c:2721) connect: controlledByApp=false
06-15 22:24:21.032  2721  2721 D BufferQueueConsumer: [VRI[Toast]#317(BLAST Consumer)317](id:aa10000013d,api:0,p:-1,c:2721) setMaxAcquiredBufferCount: 3
06-15 22:24:21.032  9432 12197 I AudioEffect: command() 0xb4000072887d8500, cmdCode = 65536
06-15 22:24:21.033  1138  5212 D EffectHalHidl: audioSchedBoost, set audiohal task boost, pid=1138, tid=5212, ret=0
06-15 22:24:21.034  1138  5212 D EffectHalHidl: audioSchedBoost, set audiohal task boost, pid=1138, tid=5212, ret=0
06-15 22:24:21.045  2721  2881 D HWUI    : createSurface new attribs array
06-15 22:24:21.045  2721  2881 D libEGL  : this is from skia gles
06-15 22:24:21.048  2721  2721 I SurfaceControl:  setExtendedRangeBrightness sc=Surface(name=Toast)/@0x786299b,currentBufferRatio=1.0,desiredRatio=1.0
06-15 22:24:21.058  2721  2881 D BLASTBufferQueue: [VRI[Toast]#317](f:0,a:1) acquireNextBufferLocked size=844x336 mFrameNumber=1 applyTransaction=true mTimestamp=37415480233690(auto) mPendingTransactions.size=0 graphicBufferId=11686606020071 transform=0
06-15 22:24:21.059  2721  2881 D VRI[Toast]: Received frameCommittedCallback lastAttemptedDrawFrameNum=1 didProduceBuffer=true syncBuffer=false
06-15 22:24:21.060  2721  2721 D VRI[Toast]: draw finished. seqId=0
06-15 22:24:21.061  1744  3935 I WindowManager: Window{549f8d0 u0 Toast} state from DRAW_PENDING to COMMIT_DRAW_PENDING; reason: finishDrawingLocked
06-15 22:24:21.068  1744  1971 I WindowManager: Window{549f8d0 u0 Toast} state from COMMIT_DRAW_PENDING to READY_TO_SHOW; reason: commitFinishDrawingLocked
06-15 22:24:21.068  1744  1971 I WindowManager: Window{549f8d0 u0 Toast} state from READY_TO_SHOW to HAS_DRAWN; reason: performShowLocked
06-15 22:24:21.070  1744  1971 D OplusAONSmartDim: onWakeLockAcquireLocked: lock=22076180, flags=0x2000000a, packageName=android, tag="WindowManager/displayId:0", ws=WorkSource{10186 com.android.systemui}, uid=1000, pid=1744
06-15 22:24:21.072  2721  2721 I SurfaceControl:  setExtendedRangeBrightness sc=Surface(name=Toast)/@0x786299b,currentBufferRatio=1.0,desiredRatio=1.0
06-15 22:24:21.074  1744  3935 V WindowManager: Relayout Window{549f8d0 u0 Toast}: viewVisibility=0, oldvis=0, req=844x336 , apr = 0, vsysui=
06-15 22:24:21.084  9432 12197 I AudioEffect: command() 0xb4000072887d8500, cmdCode = 65536
06-15 22:24:21.087  1138  5212 D EffectHalHidl: audioSchedBoost, set audiohal task boost, pid=1138, tid=5212, ret=0
06-15 22:24:21.088  1138  5212 D EffectHalHidl: audioSchedBoost, set audiohal task boost, pid=1138, tid=5212, ret=0
06-15 22:24:21.090  2721  2881 D VRI[Toast]: Received frameCommittedCallback lastAttemptedDrawFrameNum=2 didProduceBuffer=true syncBuffer=false
06-15 22:24:21.091  2721  2721 D VRI[Toast]: draw finished. seqId=0
06-15 22:24:21.092  3026  5572 D CommonApp-121-10369: transport layer data is invalid
06-15 22:24:21.093  3026  5572 D CommonApp-104-10369: commonScoreStrategy scenarios 3 mTLD.uplink_packets + mTLD.downlink_packets > 10 avgRtt30
06-15 22:24:21.093  3026  5572 D CommonApp-104-10369: notifyScoreChange appScene COMMON score 100
06-15 22:24:21.095  3026  5572 D ScorePolicy: handleScoreChanged: []
06-15 22:24:21.095  3026  5572 D ScorePolicy: handleScoreChanged: []
06-15 22:24:21.095  3026  5572 D ScorePolicy: handleScoreChanged: []
06-15 22:24:21.108  3836  3994 E LlmClient: ASR failed! HTTP 429, response body: {
06-15 22:24:21.108  3836  3994 E LlmClient:     "error": {
06-15 22:24:21.108  3836  3994 E LlmClient:         "code": "429",
06-15 22:24:21.108  3836  3994 E LlmClient:         "message": "Too many requests",
06-15 22:24:21.108  3836  3994 E LlmClient:         "type": "limitation"
06-15 22:24:21.108  3836  3994 E LlmClient:     }
06-15 22:24:21.108  3836  3994 E LlmClient: }
06-15 22:24:21.110  1744  3613 D NotificationService--OplusNotificationManagerServiceExtImpl: shouldInterceptToast: 
06-15 22:24:21.117  7753  3776 W OPLUS_LOG_LOAD: ==LOGS PROG INFO, prog(com.heytap.accessory) ==
06-15 22:24:21.117  7753  3776 I PTC.DISC.AndroidMultiLanServer: Watcher sysNif=[wlan0], userNif=[wlan0 state=(LISTEN JOIN(B00D94|55269)), , null], clientNif=[wlan0 state=(LISTEN), , ], tcpServer state=LISTEN, ipv4=**68.1.9
06-15 22:24:21.141  9432 12197 I AudioEffect: command() 0xb4000072887d8500, cmdCode = 65536
06-15 22:24:21.142  1138  5212 D EffectHalHidl: audioSchedBoost, set audiohal task boost, pid=1138, tid=5212, ret=0
06-15 22:24:21.143  1138  5212 D EffectHalHidl: audioSchedBoost, set audiohal task boost, pid=1138, tid=5212, ret=0
06-15 22:24:21.176  4089  4138 I JPEG_JNI: EnterExeTask  controller.background_task_controller process {"client":"infer"}
06-15 22:24:21.179  1067  1523 I OriginChannel: pwm_rgb: lux:18, time_delta:0.000000, pwm_turbo:100, bri:0, r:1134, g:1326, b:1213, c:653, elgo:3081, end:3, ts-5476376622896513024
06-15 22:24:21.179  4089  4138 I JPEG_JNI: LeaveExeTask  module controller.background_task_controller 
06-15 22:24:21.179  4089  4138 I JPEG_JNI:  func process  
06-15 22:24:21.179  4089  4138 I JPEG_JNI:  input {"client":"infer"} 
06-15 22:24:21.179  4089  4138 I JPEG_JNI:  ret {}
06-15 22:24:21.194  9432 12197 I AudioEffect: command() 0xb4000072887d8500, cmdCode = 65536
06-15 22:24:21.194  1138  5212 D EffectHalHidl: audioSchedBoost, set audiohal task boost, pid=1138, tid=5212, ret=0
06-15 22:24:21.195  1138  5212 D EffectHalHidl: audioSchedBoost, set audiohal task boost, pid=1138, tid=5212, ret=0
06-15 22:24:21.246  9432 12197 I AudioEffect: command() 0xb4000072887d8500, cmdCode = 65536
06-15 22:24:21.247  1138  5212 D EffectHalHidl: audioSchedBoost, set audiohal task boost, pid=1138, tid=5212, ret=0
06-15 22:24:21.249  1138  5212 D EffectHalHidl: audioSchedBoost, set audiohal task boost, pid=1138, tid=5212, ret=0
06-15 22:24:21.302  9432 12197 I AudioEffect: command() 0xb4000072887d8500, cmdCode = 65536
06-15 22:24:21.302  1138  5212 D EffectHalHidl: audioSchedBoost, set audiohal task boost, pid=1138, tid=5212, ret=0
06-15 22:24:21.303  1138  5212 D EffectHalHidl: audioSchedBoost, set audiohal task boost, pid=1138, tid=5212, ret=0
06-15 22:24:21.337  1744  1973 D AES     : AEEIOCTL_GET/SET_SF_STATE IOCTL,cmd= 1074294797, lParam=0. 
06-15 22:24:21.337  1744  1973 D AES     : AEEIOCTL_RT_MON_Kick IOCTL,cmd= 2147774474, lParam=300. 
06-15 22:24:21.340  1168  1813 D SurfaceFlinger: calculateTimeoutTime, triggerInterval = 2 sec + 656205538 nsec
06-15 22:24:21.357  9432 12197 I AudioEffect: command() 0xb4000072887d8500, cmdCode = 65536
06-15 22:24:21.358  1138  5212 D EffectHalHidl: audioSchedBoost, set audiohal task boost, pid=1138, tid=5212, ret=0
06-15 22:24:21.359  1138  5212 D EffectHalHidl: audioSchedBoost, set audiohal task boost, pid=1138, tid=5212, ret=0
06-15 22:24:21.378  1067  1523 I OriginChannel: pwm_rgb: lux:18, time_delta:0.000000, pwm_turbo:100, bri:0, r:1134, g:1332, b:1206, c:653, elgo:3084, end:3, ts-5476376622896513024
06-15 22:24:21.411  9432 12197 I AudioEffect: command() 0xb4000072887d8500, cmdCode = 65536
06-15 22:24:21.412  1138  5212 D EffectHalHidl: audioSchedBoost, set audiohal task boost, pid=1138, tid=5212, ret=0
06-15 22:24:21.412  1138  5212 D EffectHalHidl: audioSchedBoost, set audiohal task boost, pid=1138, tid=5212, ret=0
06-15 22:24:21.465  9432 12197 I AudioEffect: command() 0xb4000072887d8500, cmdCode = 65536
06-15 22:24:21.466  1138  5212 D EffectHalHidl: audioSchedBoost, set audiohal task boost, pid=1138, tid=5212, ret=0
06-15 22:24:21.467  1138  5212 D EffectHalHidl: audioSchedBoost, set audiohal task boost, pid=1138, tid=5212, ret=0
06-15 22:24:21.486  1744  2015 D PowerManagerService: userActivityNoUpdateLocked: groupId=0, eventTime=37415903, event=touch, flags=0x0, uid=1000
06-15 22:24:21.487  1744  2015 D PowerManagerService: userActivityNoUpdateLocked: groupId=0, eventTime=37415903, event=touch, flags=0x0, uid=1000
06-15 22:24:21.519  9432 12197 I AudioEffect: command() 0xb4000072887d8500, cmdCode = 65536
06-15 22:24:21.520  1138  5212 D EffectHalHidl: audioSchedBoost, set audiohal task boost, pid=1138, tid=5212, ret=0
06-15 22:24:21.521  1138  5212 D EffectHalHidl: audioSchedBoost, set audiohal task boost, pid=1138, tid=5212, ret=0
06-15 22:24:21.572  9432 12197 I AudioEffect: command() 0xb4000072887d8500, cmdCode = 65536
06-15 22:24:21.573  1138  5212 D EffectHalHidl: audioSchedBoost, set audiohal task boost, pid=1138, tid=5212, ret=0
06-15 22:24:21.574  1138  5212 D EffectHalHidl: audioSchedBoost, set audiohal task boost, pid=1138, tid=5212, ret=0
06-15 22:24:21.575  1067  1523 I OriginChannel: pwm_rgb: lux:18, time_delta:0.000000, pwm_turbo:100, bri:0, r:1134, g:1330, b:1208, c:655, elgo:3082, end:3, ts-5476376622896513024
