06-15 22:24:07.591  1138  5212 D EffectHalHidl: audioSchedBoost, set audiohal task boost, pid=1138, tid=5212, ret=0
06-15 22:24:07.613  1067  1523 I OriginChannel: pwm_rgb: lux:16, time_delta:0.000000, pwm_turbo:100, bri:0, r:1134, g:1211, b:1085, c:576, elgo:2760, end:3, ts-5476376622896513024
06-15 22:24:07.620  1744  3152 I OplusHansManager : unfreeze uid: 10300 com.tencent.mobileqq pids: [32279, 7884] reason: Packet scene: |StrictMode-1|LcdOn
06-15 22:24:07.620  1744  4053 I OStatsManager_OplusBatteryStatsManager: updateStateTime: PkgName = com.tencent.mobileqq, uid = 10300, state to bg, mForegroundCnt = 0, isFg = false
06-15 22:24:07.621  1744  3921 D OplusProxyWakeLock: drop uidPid[10300,7884]  wakelock: lock:127606497 PARTIAL_WAKE_LOCK                 'MSF:W... ' (uid=10300 pid=7884) from ForceReleaseWakeLocks List.
06-15 22:24:07.622  1744  3095 I OplusHansManager : uid=10300, pkg=com.tencent.mobileqq F exit(), F stay=230, reason=Packet, FrozenActionKeepProxy=false
06-15 22:24:07.623  1744  3154 I OplusHansManager : ua_alarm 10300
06-15 22:24:07.623  1744  3154 D OplusAlarmAdjustment: unalignAlarmsByUid(), uid=10300, pkgName=com.tencent.mobileqq, actions=null, procs=null, requester=1
06-15 22:24:07.623  1744  2195 D OplusAlarmAdjustMap: removeAlignUid, uid=10300, requester=1
06-15 22:24:07.623  1744  3154 I OplusHansManager : up_BtScan: uid 10300 isUnProxy true
06-15 22:24:07.625 32279 32291 W AudioSystem: ioConfigChanged() closing unknown input 254
06-15 22:24:07.628  7884  7884 D ActivityThread: Package [com.loyea] reported as REPLACED, but missing application info. Assuming REMOVED.
06-15 22:24:07.629  7884  7884 D ActivityThread: Package [com.loyea] reported as REPLACED, but missing application info. Assuming REMOVED.
06-15 22:24:07.636 32279 32279 D ActivityThread: Package [com.loyea] reported as REPLACED, but missing application info. Assuming REMOVED.
06-15 22:24:07.640 32279 32279 D ActivityThread: Package [com.loyea] reported as REPLACED, but missing application info. Assuming REMOVED.
06-15 22:24:07.642  9432 12197 I AudioEffect: command() 0xb4000072887d8500, cmdCode = 65536
06-15 22:24:07.642  1138  5212 D EffectHalHidl: audioSchedBoost, set audiohal task boost, pid=1138, tid=5212, ret=0
06-15 22:24:07.643  1138  5212 D EffectHalHidl: audioSchedBoost, set audiohal task boost, pid=1138, tid=5212, ret=0
06-15 22:24:07.644  1744  3921 D CompatChangeReporter: Compat change id reported: 171306433; UID 10300; state: ENABLED
06-15 22:24:07.694  9432 12197 I AudioEffect: command() 0xb4000072887d8500, cmdCode = 65536
06-15 22:24:07.695  1138  5212 D EffectHalHidl: audioSchedBoost, set audiohal task boost, pid=1138, tid=5212, ret=0
06-15 22:24:07.696  1138  5212 D EffectHalHidl: audioSchedBoost, set audiohal task boost, pid=1138, tid=5212, ret=0
06-15 22:24:07.748  9432 12197 I AudioEffect: command() 0xb4000072887d8500, cmdCode = 65536
06-15 22:24:07.749  1138  5212 D EffectHalHidl: audioSchedBoost, set audiohal task boost, pid=1138, tid=5212, ret=0
06-15 22:24:07.750  3026  5572 D CommonApp-104-10369: transport layer data is invalid
06-15 22:24:07.750  1138  5212 D EffectHalHidl: audioSchedBoost, set audiohal task boost, pid=1138, tid=5212, ret=0
06-15 22:24:07.750  3026  5572 D CommonApp-121-10369: transport layer data is invalid
06-15 22:24:07.751  3026  5572 D ScorePolicy: handleScoreChanged: []
06-15 22:24:07.751  3026  5572 D ScorePolicy: handleScoreChanged: []
06-15 22:24:07.751  3026  5572 D ScorePolicy: handleScoreChanged: []
06-15 22:24:07.800  9432 12197 I AudioEffect: command() 0xb4000072887d8500, cmdCode = 65536
06-15 22:24:07.802  1138  5212 D EffectHalHidl: audioSchedBoost, set audiohal task boost, pid=1138, tid=5212, ret=0
06-15 22:24:07.803  1138  5212 D EffectHalHidl: audioSchedBoost, set audiohal task boost, pid=1138, tid=5212, ret=0
06-15 22:24:07.810  1067  1523 I OriginChannel: pwm_rgb: lux:16, time_delta:0.000000, pwm_turbo:100, bri:0, r:1134, g:1206, b:1080, c:576, elgo:2750, end:3, ts-5476376622896513024
06-15 22:24:07.854  9432 12197 I AudioEffect: command() 0xb4000072887d8500, cmdCode = 65536
06-15 22:24:07.855  1138  5212 D EffectHalHidl: audioSchedBoost, set audiohal task boost, pid=1138, tid=5212, ret=0
06-15 22:24:07.856  1138  5212 D EffectHalHidl: audioSchedBoost, set audiohal task boost, pid=1138, tid=5212, ret=0
06-15 22:24:07.881  1423  1471 D MipcProxy: handleMessage msg is 2420, instance 1
06-15 22:24:07.881  1423  1471 D MipcProxy: handleQosPeriodReportInd for instance 1
06-15 22:24:07.882  3026  4357 D SubsysRadioIndication[1]: radioQosPeriodReportInd result [18, 0, 26, 0, 34, 6, 16, 4, 24, 1, 32, 1, 58, 31, 24, -128, -39, 38, 32, -105, 3, 40, -84, -1, -1, -1, -1, -1, -1, -1, -1, 1, 48, -10, -1, -1, -1, -1, -1, -1, -1, -1, 1, 56, 14, 66, 20, 16, 5, 34, 16, 8, -128, -39, 38, 16, -105, 3, 24, 78, 40, -123, -94, -46, -27, -96, 1, 90, 0, 98, 2, 16, 3, 106, 0, 122, 5, 24, 120, 32, -2, 8]
06-15 22:24:07.883  3026  3026 D NetworkService[1]: handleMessage what:1005
06-15 22:24:07.883  3026  3026 D RadioAtomTracker: parseQosPeriodData ModemQos:CellularQosInfo2{5G, 633984/407, EndcState=0, Band=78, DLBW=0, Rsrp=-84, Rsrq=-10, Snr=14, SvcStatus=3, ULPDCPNumDataPdu=0, ULPDCPNumDropPdu=0, ULPDCPTput=0, ULRLCNumDataPdu=0, ULRLCNumRetxPdu=0, ULGrant=0, ULBSR=0, ULBler=0, DLPDCPNumDataPdu=0, DLPDCPTput=0, DLRLCNumDataPdu=0, DLRLCNumRetxPdu=0, DLRLCNumDropPdu=0, DLMACPaddingBytes=0, DLPdcpNumMissToUppPdu=0, DLBler=0, RlfCount=0, CellChangeCount=0, IsRedirectionOccur=0, IsDualSimConflict=0, Latency=0, Sub1RrcState=1, Sub2RrcState=1, RachCount=0, CalcPower=0, Mtpl=120, PathLoss=1150, CellLoad=0}
06-15 22:24:07.883  3026  3026 D NetworkService[1]: EVENT_REG_QOS_PERIOD_REPORT_IND_CHANGED ENTER
06-15 22:24:07.883  3026  3026 D AtomModemKpiInfo: handleMessage what:1001
06-15 22:24:07.884  3026  3026 D AtomModemKpiInfo: analyseQosInfo success
06-15 22:24:07.908  9432 12197 I AudioEffect: command() 0xb4000072887d8500, cmdCode = 65536
06-15 22:24:07.909  1138  5212 D EffectHalHidl: audioSchedBoost, set audiohal task boost, pid=1138, tid=5212, ret=0
06-15 22:24:07.910  1138  5212 D EffectHalHidl: audioSchedBoost, set audiohal task boost, pid=1138, tid=5212, ret=0
06-15 22:24:07.961  9432 12197 I AudioEffect: command() 0xb4000072887d8500, cmdCode = 65536
06-15 22:24:07.962  1138  5212 D EffectHalHidl: audioSchedBoost, set audiohal task boost, pid=1138, tid=5212, ret=0
06-15 22:24:07.963  1138  5212 D EffectHalHidl: audioSchedBoost, set audiohal task boost, pid=1138, tid=5212, ret=0
06-15 22:24:07.967  1744  2197 V AlarmManager: sending alarm Alarm{fa0a868 type 1 origWhen 1781533447966 whenElapsed 59035765 android} uid 1000 whenElapsed 59035765 windowLength 0 maxWhenElapsed 59035765 repeatInterval 0 action null component null tag StorgaeBandInfoAlarmTag flags 0x9 procName system_server
06-15 22:24:07.970  1744  6239 E OplusStorageUFSBandwidth: storage_io_metrics_path is /proc/oplus_storage/io_metrics/forever/
06-15 22:24:07.973  1744  6239 E OplusStorageUFSBandwidth: Bandwidth - Read: 3.99 MB/s, Write: 0.00 MB/s
06-15 22:24:07.973  1744  6239 E OplusStorageUFSBandwidth: Task time: 4ms
06-15 22:24:07.976  1744  6239 E OplusStorageUFSBandwidth: Alarm set to trigger in 10 seconds
06-15 22:24:08.008  1067  1523 I OriginChannel: pwm_rgb: lux:16, time_delta:0.000000, pwm_turbo:100, bri:0, r:1134, g:1199, b:1078, c:572, elgo:2743, end:3, ts-5476376622896513024
06-15 22:24:08.014  9432 12197 I AudioEffect: command() 0xb4000072887d8500, cmdCode = 65536
06-15 22:24:08.015  1138  5212 D EffectHalHidl: audioSchedBoost, set audiohal task boost, pid=1138, tid=5212, ret=0
06-15 22:24:08.016  1138  5212 D EffectHalHidl: audioSchedBoost, set audiohal task boost, pid=1138, tid=5212, ret=0
06-15 22:24:08.052  4089  4138 I JPEG_JNI: EnterExeTask  controller.background_task_controller process {"client":"infer"}
06-15 22:24:08.061  4089  4138 I JPEG_JNI: LeaveExeTask  module controller.background_task_controller 
06-15 22:24:08.061  4089  4138 I JPEG_JNI:  func process  
06-15 22:24:08.061  4089  4138 I JPEG_JNI:  input {"client":"infer"} 
06-15 22:24:08.061  4089  4138 I JPEG_JNI:  ret {}
06-15 22:24:08.066  9432 12197 I AudioEffect: command() 0xb4000072887d8500, cmdCode = 65536
06-15 22:24:08.067  1138  5212 D EffectHalHidl: audioSchedBoost, set audiohal task boost, pid=1138, tid=5212, ret=0
06-15 22:24:08.068  1138  5212 D EffectHalHidl: audioSchedBoost, set audiohal task boost, pid=1138, tid=5212, ret=0
06-15 22:24:08.119  9432 12197 I AudioEffect: command() 0xb4000072887d8500, cmdCode = 65536
06-15 22:24:08.120  1138  5212 D EffectHalHidl: audioSchedBoost, set audiohal task boost, pid=1138, tid=5212, ret=0
06-15 22:24:08.120  1138  5212 D EffectHalHidl: audioSchedBoost, set audiohal task boost, pid=1138, tid=5212, ret=0
06-15 22:24:08.172  9432 12197 I AudioEffect: command() 0xb4000072887d8500, cmdCode = 65536
06-15 22:24:08.172  1138  5212 D EffectHalHidl: audioSchedBoost, set audiohal task boost, pid=1138, tid=5212, ret=0
06-15 22:24:08.173  1138  5212 D EffectHalHidl: audioSchedBoost, set audiohal task boost, pid=1138, tid=5212, ret=0
06-15 22:24:08.207  1067  1523 I OriginChannel: pwm_rgb: lux:16, time_delta:0.000000, pwm_turbo:100, bri:0, r:1134, g:1201, b:1073, c:576, elgo:2741, end:3, ts-5476376622896513024
06-15 22:24:08.209  2427  2427 I WifiHAL : wifi_get_link_stats: result=0
06-15 22:24:08.211  1744  2275 D WifiStaIfaceHidlImpl: getCachedScanData is not implemented by HIDL
06-15 22:24:08.224  9432 12197 I AudioEffect: command() 0xb4000072887d8500, cmdCode = 65536
06-15 22:24:08.224  1138  5212 D EffectHalHidl: audioSchedBoost, set audiohal task boost, pid=1138, tid=5212, ret=0
06-15 22:24:08.227  1138  5212 D EffectHalHidl: audioSchedBoost, set audiohal task boost, pid=1138, tid=5212, ret=0
06-15 22:24:08.237  3026  3026 D VendorWifiService: onEvent event:9,action:1
06-15 22:24:08.256  1744  2415 D ScorerUtils: isLowTraffic: txTputKBps=0, rxTputKBps=3
06-15 22:24:08.257  1744  2415 D OplusWifiPower_TriggerCenter: mComponentCallback: wifistat
06-15 22:24:08.278  9432 12197 I AudioEffect: command() 0xb4000072887d8500, cmdCode = 65536
06-15 22:24:08.279  1138  5212 D EffectHalHidl: audioSchedBoost, set audiohal task boost, pid=1138, tid=5212, ret=0
06-15 22:24:08.280  1138  5212 D EffectHalHidl: audioSchedBoost, set audiohal task boost, pid=1138, tid=5212, ret=0
06-15 22:24:08.332  9432 12197 I AudioEffect: command() 0xb4000072887d8500, cmdCode = 65536
06-15 22:24:08.332  1138  5212 D EffectHalHidl: audioSchedBoost, set audiohal task boost, pid=1138, tid=5212, ret=0
06-15 22:24:08.333  1138  5212 D EffectHalHidl: audioSchedBoost, set audiohal task boost, pid=1138, tid=5212, ret=0
06-15 22:24:08.385  9432 12197 I AudioEffect: command() 0xb4000072887d8500, cmdCode = 65536
06-15 22:24:08.385  1138  5212 D EffectHalHidl: audioSchedBoost, set audiohal task boost, pid=1138, tid=5212, ret=0
06-15 22:24:08.386  1138  5212 D EffectHalHidl: audioSchedBoost, set audiohal task boost, pid=1138, tid=5212, ret=0
06-15 22:24:08.420  1067  1523 I OriginChannel: pwm_rgb: lux:16, time_delta:0.000000, pwm_turbo:100, bri:0, r:1134, g:1204, b:1081, c:586, elgo:2760, end:3, ts-5476376622896513024
06-15 22:24:08.438  9432 12197 I AudioEffect: command() 0xb4000072887d8500, cmdCode = 65536
06-15 22:24:08.438  1138  5212 D EffectHalHidl: audioSchedBoost, set audiohal task boost, pid=1138, tid=5212, ret=0
06-15 22:24:08.439  1138  5212 D EffectHalHidl: audioSchedBoost, set audiohal task boost, pid=1138, tid=5212, ret=0
06-15 22:24:08.490  9432 12197 I AudioEffect: command() 0xb4000072887d8500, cmdCode = 65536
06-15 22:24:08.491  2721  2854 I SystemUi--Statusbar: OplusNetworkSpeedControllExImpl-->updateNetworkSpeed: isConnected:true,isSwitchOn:true,isSuspend:false,isPause:false
06-15 22:24:08.491  1138  5212 D EffectHalHidl: audioSchedBoost, set audiohal task boost, pid=1138, tid=5212, ret=0
06-15 22:24:08.492  1138  5212 D EffectHalHidl: audioSchedBoost, set audiohal task boost, pid=1138, tid=5212, ret=0
06-15 22:24:08.495  2721  2854 I SystemUi--Statusbar: OplusNetworkSpeedControllExImpl-->getTotalByte: totalRxBytes:3330980091,totalTxBytes:748757844,loopbackTxBytes:37772829,loopbackRxBytes:37772829 ,totalBytes:4004192277
06-15 22:24:08.521  1168  1168 I BufferQueueProducer: [StatusBar#91](this:0xb400007d383d9af8,id:-1,api:0,p:-1,c:1168) queueBuffer: fps=0.25 dur=4011.12 max=4011.12 min=4011.12
06-15 22:24:08.544  9432 12197 I AudioEffect: command() 0xb4000072887d8500, cmdCode = 65536
06-15 22:24:08.544  1138  5212 D EffectHalHidl: audioSchedBoost, set audiohal task boost, pid=1138, tid=5212, ret=0
06-15 22:24:08.545  1138  5212 D EffectHalHidl: audioSchedBoost, set audiohal task boost, pid=1138, tid=5212, ret=0
06-15 22:24:08.553 13194 22498 D ShellSubscriberWorkerThread: the first 8 bytes empty, and RestData length > 8 
06-15 22:24:08.562  4089  4138 I JPEG_JNI: EnterExeTask  controller.background_task_controller process {"client":"infer"}
06-15 22:24:08.566  4089  4138 I JPEG_JNI: LeaveExeTask  module controller.background_task_controller 
06-15 22:24:08.566  4089  4138 I JPEG_JNI:  func process  
06-15 22:24:08.566  4089  4138 I JPEG_JNI:  input {"client":"infer"} 
06-15 22:24:08.566  4089  4138 I JPEG_JNI:  ret {}
06-15 22:24:08.597  9432 12197 I AudioEffect: command() 0xb4000072887d8500, cmdCode = 65536
06-15 22:24:08.597  1138  5212 D EffectHalHidl: audioSchedBoost, set audiohal task boost, pid=1138, tid=5212, ret=0
06-15 22:24:08.598  1138  5212 D EffectHalHidl: audioSchedBoost, set audiohal task boost, pid=1138, tid=5212, ret=0
06-15 22:24:08.619  1067  1523 I OriginChannel: pwm_rgb: lux:16, time_delta:0.000000, pwm_turbo:100, bri:0, r:1134, g:1233, b:1112, c:603, elgo:2834, end:3, ts-5476376622896513024
06-15 22:24:08.649  9432 12197 I AudioEffect: command() 0xb4000072887d8500, cmdCode = 65536
06-15 22:24:08.650  1138  5212 D EffectHalHidl: audioSchedBoost, set audiohal task boost, pid=1138, tid=5212, ret=0
06-15 22:24:08.650  1138  5212 D EffectHalHidl: audioSchedBoost, set audiohal task boost, pid=1138, tid=5212, ret=0
06-15 22:24:08.701  9432 12197 I AudioEffect: command() 0xb4000072887d8500, cmdCode = 65536
06-15 22:24:08.702  1138  5212 D EffectHalHidl: audioSchedBoost, set audiohal task boost, pid=1138, tid=5212, ret=0
06-15 22:24:08.702  1138  5212 D EffectHalHidl: audioSchedBoost, set audiohal task boost, pid=1138, tid=5212, ret=0
06-15 22:24:08.744  3026  3026 D RadioMessenger: handleMessage Request msgid 2311
06-15 22:24:08.745  3026  3026 D RadioProxyJ[1]: [3490]> getAllCellularCellInfo
06-15 22:24:08.753  9432 12197 I AudioEffect: command() 0xb4000072887d8500, cmdCode = 65536
06-15 22:24:08.754  1138  5212 D EffectHalHidl: audioSchedBoost, set audiohal task boost, pid=1138, tid=5212, ret=0
06-15 22:24:08.754  1138  5212 D EffectHalHidl: audioSchedBoost, set audiohal task boost, pid=1138, tid=5212, ret=0
06-15 22:24:08.758  1423  1471 D MipcProxy: handleMessage msg is 4001, instance 1
06-15 22:24:08.758  1423  1471 D RadioProxy: getAllCellularCellInfo : response cb for instance 1
06-15 22:24:08.759  3026  4357 D SubsysRadioResponse: getAllCellularCellInfoResponse
06-15 22:24:08.759  3026  4357 D SubsysRadioResponse: responseAllCellularCellInfo len:11
06-15 22:24:08.759  3026  4357 D RadioProxyJ[1]: [3490]< getAllCellularCellInfoResponse ******
06-15 22:24:08.759  3026  3026 D MessengerResponseHandler: handleMessage Response msgid 281
06-15 22:24:08.774  3026  5572 D CommonApp-104-10369: transport layer data is invalid
06-15 22:24:08.775  3026  5572 D CommonApp-121-10369: transport layer data is invalid
06-15 22:24:08.777  3026  5572 D ScorePolicy: handleScoreChanged: []
06-15 22:24:08.777  3026  5572 D ScorePolicy: handleScoreChanged: []
06-15 22:24:08.777  3026  5572 D ScorePolicy: handleScoreChanged: []
06-15 22:24:08.805  9432 12197 I AudioEffect: command() 0xb4000072887d8500, cmdCode = 65536
06-15 22:24:08.806  1138  5212 D EffectHalHidl: audioSchedBoost, set audiohal task boost, pid=1138, tid=5212, ret=0
06-15 22:24:08.807  1138  5212 D EffectHalHidl: audioSchedBoost, set audiohal task boost, pid=1138, tid=5212, ret=0
06-15 22:24:08.817  1067  1523 I OriginChannel: pwm_rgb: lux:17, time_delta:0.000000, pwm_turbo:100, bri:0, r:1134, g:1275, b:1151, c:625, elgo:2924, end:3, ts-5476376622896513024
06-15 22:24:08.859  9432 12197 I AudioEffect: command() 0xb4000072887d8500, cmdCode = 65536
06-15 22:24:08.859  1138  5212 D EffectHalHidl: audioSchedBoost, set audiohal task boost, pid=1138, tid=5212, ret=0
06-15 22:24:08.860  1138  5212 D EffectHalHidl: audioSchedBoost, set audiohal task boost, pid=1138, tid=5212, ret=0
06-15 22:24:08.912  9432 12197 I AudioEffect: command() 0xb4000072887d8500, cmdCode = 65536
06-15 22:24:08.912  1138  5212 D EffectHalHidl: audioSchedBoost, set audiohal task boost, pid=1138, tid=5212, ret=0
06-15 22:24:08.913  1138  5212 D EffectHalHidl: audioSchedBoost, set audiohal task boost, pid=1138, tid=5212, ret=0
06-15 22:24:08.965  9432 12197 I AudioEffect: command() 0xb4000072887d8500, cmdCode = 65536
06-15 22:24:08.965  1138  5212 D EffectHalHidl: audioSchedBoost, set audiohal task boost, pid=1138, tid=5212, ret=0
06-15 22:24:08.966  1138  5212 D EffectHalHidl: audioSchedBoost, set audiohal task boost, pid=1138, tid=5212, ret=0
06-15 22:24:09.014  1067  1523 I OriginChannel: pwm_rgb: lux:17, time_delta:0.000000, pwm_turbo:100, bri:0, r:1134, g:1299, b:1184, c:632, elgo:2987, end:3, ts-5476376622896513024
06-15 22:24:09.017  9432 12197 I AudioEffect: command() 0xb4000072887d8500, cmdCode = 65536
06-15 22:24:09.017  1138  5212 D EffectHalHidl: audioSchedBoost, set audiohal task boost, pid=1138, tid=5212, ret=0
06-15 22:24:09.018  1138  5212 D EffectHalHidl: audioSchedBoost, set audiohal task boost, pid=1138, tid=5212, ret=0
06-15 22:24:09.068  4089  4138 I JPEG_JNI: EnterExeTask  controller.background_task_controller process {"client":"infer"}
06-15 22:24:09.069  9432 12197 I AudioEffect: command() 0xb4000072887d8500, cmdCode = 65536
06-15 22:24:09.069  4089  4138 I JPEG_JNI: LeaveExeTask  module controller.background_task_controller 
06-15 22:24:09.069  4089  4138 I JPEG_JNI:  func process  
06-15 22:24:09.069  4089  4138 I JPEG_JNI:  input {"client":"infer"} 
06-15 22:24:09.069  4089  4138 I JPEG_JNI:  ret {}
06-15 22:24:09.070  1138  5212 D EffectHalHidl: audioSchedBoost, set audiohal task boost, pid=1138, tid=5212, ret=0
06-15 22:24:09.071  1138  5212 D EffectHalHidl: audioSchedBoost, set audiohal task boost, pid=1138, tid=5212, ret=0
06-15 22:24:09.123  9432 12197 I AudioEffect: command() 0xb4000072887d8500, cmdCode = 65536
06-15 22:24:09.124  1138  5212 D EffectHalHidl: audioSchedBoost, set audiohal task boost, pid=1138, tid=5212, ret=0
06-15 22:24:09.125  1138  5212 D EffectHalHidl: audioSchedBoost, set audiohal task boost, pid=1138, tid=5212, ret=0
06-15 22:24:09.140  1744  3921 I RemoteProvisionSysSvc: getRegistration(android.hardware.security.keymint.IRemotelyProvisionedComponent/default)
06-15 22:24:09.154  1744  2191 D ActivityManager: reportOneUidFrozenStateChanged uid 10402 frozen = false
06-15 22:24:09.155  1744  3921 D ActivityManager: pid 13685 com.android.rkpdapp received async transactions while frozen
06-15 22:24:09.159  1744  3921 D ActivityManager: sync unfroze 13685 com.android.rkpdapp for 6
06-15 22:24:09.160 13685 13685 D ActivityThread: Package [com.loyea] reported as REPLACED, but missing application info. Assuming REMOVED.
06-15 22:24:09.162  1423  1471 D MipcProxy: handleMessage msg is 2420, instance 1
06-15 22:24:09.162  1423  1471 D MipcProxy: handleQosPeriodReportInd for instance 1
06-15 22:24:09.162 13685 13685 D ActivityThread: Package [com.loyea] reported as REPLACED, but missing application info. Assuming REMOVED.
06-15 22:24:09.164  3026  4357 D SubsysRadioIndication[1]: radioQosPeriodReportInd result [18, 0, 26, 0, 34, 6, 16, 4, 24, 1, 32, 1, 58, 31, 24, -128, -39, 38, 32, -105, 3, 40, -84, -1, -1, -1, -1, -1, -1, -1, -1, 1, 48, -10, -1, -1, -1, -1, -1, -1, -1, -1, 1, 56, 14, 66, 20, 16, 5, 34, 16, 8, -128, -39, 38, 16, -105, 3, 24, 78, 40, -123, -94, -46, -27, -96, 1, 90, 0, 98, 2, 16, 3, 106, 0, 122, 5, 24, 120, 32, -2, 8]
06-15 22:24:09.165  3026  3026 D NetworkService[1]: handleMessage what:1005
06-15 22:24:09.166  3026  3026 D RadioAtomTracker: parseQosPeriodData ModemQos:CellularQosInfo2{5G, 633984/407, EndcState=0, Band=78, DLBW=0, Rsrp=-84, Rsrq=-10, Snr=14, SvcStatus=3, ULPDCPNumDataPdu=0, ULPDCPNumDropPdu=0, ULPDCPTput=0, ULRLCNumDataPdu=0, ULRLCNumRetxPdu=0, ULGrant=0, ULBSR=0, ULBler=0, DLPDCPNumDataPdu=0, DLPDCPTput=0, DLRLCNumDataPdu=0, DLRLCNumRetxPdu=0, DLRLCNumDropPdu=0, DLMACPaddingBytes=0, DLPdcpNumMissToUppPdu=0, DLBler=0, RlfCount=0, CellChangeCount=0, IsRedirectionOccur=0, IsDualSimConflict=0, Latency=0, Sub1RrcState=1, Sub2RrcState=1, RachCount=0, CalcPower=0, Mtpl=120, PathLoss=1150, CellLoad=0}
06-15 22:24:09.166  3026  3026 D NetworkService[1]: EVENT_REG_QOS_PERIOD_REPORT_IND_CHANGED ENTER
06-15 22:24:09.166  3026  3026 D AtomModemKpiInfo: handleMessage what:1001
06-15 22:24:09.166  3026  3026 D AtomModemKpiInfo: analyseQosInfo success
06-15 22:24:09.176  9432 12197 I AudioEffect: command() 0xb4000072887d8500, cmdCode = 65536
06-15 22:24:09.177  1138  5212 D EffectHalHidl: audioSchedBoost, set audiohal task boost, pid=1138, tid=5212, ret=0
06-15 22:24:09.178  1138  5212 D EffectHalHidl: audioSchedBoost, set audiohal task boost, pid=1138, tid=5212, ret=0
06-15 22:24:09.186  2927  2927 D OplusTelephonyController: onSignalStrengthChanged: SignalStrength=SignalStrength:{mCdma=CellSignalStrengthCdma: cdmaDbm=2147483647 cdmaEcio=2147483647 evdoDbm=2147483647 evdoEcio=2147483647 evdoSnr=2147483647 level=0,mGsm=CellSignalStrengthGsm: rssi=2147483647 ber=2147483647 mTa=2147483647 mLevel=0,mWcdma=CellSignalStrengthWcdma: ss=2147483647 ber=2147483647 rscp=2147483647 ecno=2147483647 level=0,mTdscdma=CellSignalStrengthTdscdma: rssi=2147483647 ber=2147483647 rscp=2147483647 level=0,mLte=CellSignalStrengthLte: rssi=2147483647 rsrp=2147483647 rsrq=2147483647 rssnr=2147483647 cqiTableIndex=2147483647 cqi=2147483647 ta=2147483647 level=0 parametersUseForLevel=0,mNr=CellSignalStrengthNr:{ csiRsrp = 2147483647 csiRsrq = 2147483647 csiCqiTableIndex = 2147483647 csiCqiReport = [] ssRsrp = -75 ssRsrq = -11 ssSinr = 22 level = 3 parametersUseForLevel = 0 timingAdvance = 2147483647 },primary=CellSignalStrengthNr}
06-15 22:24:09.188  3026  3026 D SubsysEventListenerManager-SubsysTelephonyCallback[0]: onSignalStrengthsChanged
06-15 22:24:09.191  1744  1744 I RegistrationProxy: onServiceConnected: com.android.rkpdapp.service.RemoteProvisioningService
06-15 22:24:09.192  1744  3935 W ProcessStats: Tracking association SourceState{26b1699 system/1000 ImpFg #66858} whose proc state 5 is better than process ProcessState{3521276 com.android.rkpdapp/10402 pkg=com.android.rkpdapp} proc state 14 (16 skipped)
06-15 22:24:09.194  2721  2876 I SystemUi--Statusbar: MobileConnectionRepositoryImpl-->subId:1 isSoftSimCard:false slotId:0
06-15 22:24:09.205  1744  3935 I RegistrationProxy: IGetRegistrationCallback.onSuccess
06-15 22:24:09.212  1744  3921 D ActivityManager: Async freezing 13685 com.android.rkpdapp
06-15 22:24:09.213  1067  1523 I OriginChannel: pwm_rgb: lux:17, time_delta:0.000000, pwm_turbo:100, bri:0, r:1134, g:1300, b:1192, c:633, elgo:2995, end:3, ts-5476376622896513024
06-15 22:24:09.215  1744  3613 I RemoteProvisionSysSvc: Fetching key 10300 for client 150103299
06-15 22:24:09.215  1744  3613 I RegistrationProxy: getKeyAsync operation started with callback 223222912
06-15 22:24:09.219 13685  4428 I RkpdRegistrationBinder: Key requested for : android.hardware.security.keymint.IRemotelyProvisionedComponent/default, clientUid: 1017, keyId: 10300, callback: 152103746
06-15 22:24:09.223 13685  4428 I RkpdRegistrationBinder: No key assigned, looking for an available key with expiry of 2026-06-18T14:24:09.222800Z
06-15 22:24:09.224 13685  4428 I RkpdRegistrationBinder: No key assigned, looking for an available key with expiry of 2026-06-15T15:24:09.220055Z
06-15 22:24:09.225 13685  4428 I RkpdRegistrationBinder: No keys are available, kicking off provisioning
06-15 22:24:09.226  1744  3613 I RegistrationProxy: Provisioning required before keys are available for android.security.rkp.service.RegistrationProxy$2@d4e1c80
06-15 22:24:09.230 13685  4428 V RkpdServerInterface: Requesting data from server. Attempt 1
06-15 22:24:09.231  9432 12197 I AudioEffect: command() 0xb4000072887d8500, cmdCode = 65536
06-15 22:24:09.231  1138  5212 D EffectHalHidl: audioSchedBoost, set audiohal task boost, pid=1138, tid=5212, ret=0
06-15 22:24:09.232  1138  5212 D EffectHalHidl: audioSchedBoost, set audiohal task boost, pid=1138, tid=5212, ret=0
06-15 22:24:09.235 13685  4428 I RkpdServerInterface: Possible restricted network. Taking a lower connect timeout
06-15 22:24:09.265  3026  5610 D NetworkService[0]: getIfIndexByNetid netId:104,ifName:wlan0,ifIndex:40
06-15 22:24:09.266  3026  5610 D NetworkService[1]: getIfIndexByNetid netId:104,ifName:wlan0,ifIndex:40
06-15 22:24:09.284  9432 12197 I AudioEffect: command() 0xb4000072887d8500, cmdCode = 65536
06-15 22:24:09.284  1138  5212 D EffectHalHidl: audioSchedBoost, set audiohal task boost, pid=1138, tid=5212, ret=0
06-15 22:24:09.286  1138  5212 D EffectHalHidl: audioSchedBoost, set audiohal task boost, pid=1138, tid=5212, ret=0
06-15 22:24:09.339  9432 12197 I AudioEffect: command() 0xb4000072887d8500, cmdCode = 65536
06-15 22:24:09.340  1138  5212 D EffectHalHidl: audioSchedBoost, set audiohal task boost, pid=1138, tid=5212, ret=0
06-15 22:24:09.341  1138  5212 D EffectHalHidl: audioSchedBoost, set audiohal task boost, pid=1138, tid=5212, ret=0
06-15 22:24:09.393  9432 12197 I AudioEffect: command() 0xb4000072887d8500, cmdCode = 65536
06-15 22:24:09.394  1138  5212 D EffectHalHidl: audioSchedBoost, set audiohal task boost, pid=1138, tid=5212, ret=0
06-15 22:24:09.395  1138  5212 D EffectHalHidl: audioSchedBoost, set audiohal task boost, pid=1138, tid=5212, ret=0
06-15 22:24:09.411  1067  1523 I OriginChannel: pwm_rgb: lux:17, time_delta:0.000000, pwm_turbo:100, bri:0, r:1134, g:1298, b:1192, c:630, elgo:2995, end:3, ts-5476376622896513024
06-15 22:24:09.447  9432 12197 I AudioEffect: command() 0xb4000072887d8500, cmdCode = 65536
06-15 22:24:09.449  1138  5212 D EffectHalHidl: audioSchedBoost, set audiohal task boost, pid=1138, tid=5212, ret=0
06-15 22:24:09.450  1138  5212 D EffectHalHidl: audioSchedBoost, set audiohal task boost, pid=1138, tid=5212, ret=0
06-15 22:24:09.502  9432 12197 I AudioEffect: command() 0xb4000072887d8500, cmdCode = 65536
06-15 22:24:09.504  1138  5212 D EffectHalHidl: audioSchedBoost, set audiohal task boost, pid=1138, tid=5212, ret=0
06-15 22:24:09.505  1138  5212 D EffectHalHidl: audioSchedBoost, set audiohal task boost, pid=1138, tid=5212, ret=0
06-15 22:24:09.557  9432 12197 I AudioEffect: command() 0xb4000072887d8500, cmdCode = 65536
06-15 22:24:09.559  1138  5212 D EffectHalHidl: audioSchedBoost, set audiohal task boost, pid=1138, tid=5212, ret=0
06-15 22:24:09.560  1138  5212 D EffectHalHidl: audioSchedBoost, set audiohal task boost, pid=1138, tid=5212, ret=0
06-15 22:24:09.571  4089  4138 I JPEG_JNI: EnterExeTask  controller.background_task_controller process {"client":"infer"}
06-15 22:24:09.573  4089  4138 I JPEG_JNI: LeaveExeTask  module controller.background_task_controller 
06-15 22:24:09.573  4089  4138 I JPEG_JNI:  func process  
06-15 22:24:09.573  4089  4138 I JPEG_JNI:  input {"client":"infer"} 
06-15 22:24:09.573  4089  4138 I JPEG_JNI:  ret {}
06-15 22:24:09.609  1067  1523 I OriginChannel: pwm_rgb: lux:18, time_delta:0.000000, pwm_turbo:100, bri:0, r:1134, g:1348, b:1238, c:658, elgo:3106, end:3, ts-5476376622896513024
06-15 22:24:09.611  9432 12197 I AudioEffect: command() 0xb4000072887d8500, cmdCode = 65536
06-15 22:24:09.613  1138  5212 D EffectHalHidl: audioSchedBoost, set audiohal task boost, pid=1138, tid=5212, ret=0
06-15 22:24:09.615  1138  5212 D EffectHalHidl: audioSchedBoost, set audiohal task boost, pid=1138, tid=5212, ret=0
06-15 22:24:09.666  9432 12197 I AudioEffect: command() 0xb4000072887d8500, cmdCode = 65536
06-15 22:24:09.666  1138  5212 D EffectHalHidl: audioSchedBoost, set audiohal task boost, pid=1138, tid=5212, ret=0
06-15 22:24:09.667  1138  5212 D EffectHalHidl: audioSchedBoost, set audiohal task boost, pid=1138, tid=5212, ret=0
06-15 22:24:09.718  9432 12197 I AudioEffect: command() 0xb4000072887d8500, cmdCode = 65536
06-15 22:24:09.719  1138  5212 D EffectHalHidl: audioSchedBoost, set audiohal task boost, pid=1138, tid=5212, ret=0
06-15 22:24:09.720  1138  5212 D EffectHalHidl: audioSchedBoost, set audiohal task boost, pid=1138, tid=5212, ret=0
06-15 22:24:09.773  9432 12197 I AudioEffect: command() 0xb4000072887d8500, cmdCode = 65536
06-15 22:24:09.774  1138  5212 D EffectHalHidl: audioSchedBoost, set audiohal task boost, pid=1138, tid=5212, ret=0
06-15 22:24:09.776  1138  5212 D EffectHalHidl: audioSchedBoost, set audiohal task boost, pid=1138, tid=5212, ret=0
06-15 22:24:09.799  3026  5572 D CommonApp-104-10369: transport layer data is invalid
06-15 22:24:09.799  3026  5572 D CommonApp-121-10369: transport layer data is invalid
06-15 22:24:09.800  3026  5572 D ScorePolicy: handleScoreChanged: []
06-15 22:24:09.801  3026  5572 D ScorePolicy: handleScoreChanged: []
06-15 22:24:09.801  3026  5572 D ScorePolicy: handleScoreChanged: []
06-15 22:24:09.808  1067  1523 I OriginChannel: pwm_rgb: lux:19, time_delta:0.000000, pwm_turbo:100, bri:0, r:1134, g:1445, b:1323, c:706, elgo:3319, end:3, ts-5476376622896513024
06-15 22:24:09.828  9432 12197 I AudioEffect: command() 0xb4000072887d8500, cmdCode = 65536
06-15 22:24:09.829  1138  5212 D EffectHalHidl: audioSchedBoost, set audiohal task boost, pid=1138, tid=5212, ret=0
06-15 22:24:09.831  1138  5212 D EffectHalHidl: audioSchedBoost, set audiohal task boost, pid=1138, tid=5212, ret=0
06-15 22:24:09.882  9432 12197 I AudioEffect: command() 0xb4000072887d8500, cmdCode = 65536
06-15 22:24:09.884  1138  5212 D EffectHalHidl: audioSchedBoost, set audiohal task boost, pid=1138, tid=5212, ret=0
06-15 22:24:09.885  1138  5212 D EffectHalHidl: audioSchedBoost, set audiohal task boost, pid=1138, tid=5212, ret=0
06-15 22:24:09.937  9432 12197 I AudioEffect: command() 0xb4000072887d8500, cmdCode = 65536
06-15 22:24:09.938  1138  5212 D EffectHalHidl: audioSchedBoost, set audiohal task boost, pid=1138, tid=5212, ret=0
06-15 22:24:09.940  1138  5212 D EffectHalHidl: audioSchedBoost, set audiohal task boost, pid=1138, tid=5212, ret=0
06-15 22:24:09.974  1744  2197 V AlarmManager: sending alarm Alarm{6ac4e5f type 1 origWhen 1781533449973 whenElapsed 59037771 android} uid 1000 whenElapsed 59037771 windowLength 0 maxWhenElapsed 59037771 repeatInterval 0 action null component null tag StorgaeBandInfoAlarmTag flags 0x9 procName system_server
06-15 22:24:09.976  1744  6239 E OplusStorageUFSBandwidth: storage_io_metrics_path is /proc/oplus_storage/io_metrics/forever/
06-15 22:24:09.979  1744  6239 E OplusStorageUFSBandwidth: Bandwidth - Read: 1.99 MB/s, Write: 0.50 MB/s
06-15 22:24:09.979  1744  6239 E OplusStorageUFSBandwidth: Task time: 3ms
06-15 22:24:09.982  1744  6239 E OplusStorageUFSBandwidth: Alarm set to trigger in 10 seconds
06-15 22:24:09.987  1119  1119 D vendor.oplus.hardware.charger-V10-service: getChargerControl:sub_current=100
06-15 22:24:09.987  1119  1119 D vendor.oplus.hardware.charger-V10-service: sub_voltage=3800
06-15 22:24:09.987  1119  1119 D vendor.oplus.hardware.charger-V10-service: sub_soc=-1
06-15 22:24:09.987  1119  1119 D vendor.oplus.hardware.charger-V10-service: sub_temperature=250
06-15 22:24:09.987  1119  1119 D vendor.oplus.hardware.charger-V10-service: main_soc=49
06-15 22:24:09.991  9432 12197 I AudioEffect: command() 0xb4000072887d8500, cmdCode = 65536
06-15 22:24:09.992  1138  5212 D EffectHalHidl: audioSchedBoost, set audiohal task boost, pid=1138, tid=5212, ret=0
06-15 22:24:09.993  1138  5212 D EffectHalHidl: audioSchedBoost, set audiohal task boost, pid=1138, tid=5212, ret=0
06-15 22:24:10.006  1067  1523 I OriginChannel: pwm_rgb: lux:20, time_delta:0.000000, pwm_turbo:100, bri:0, r:1134, g:1520, b:1393, c:747, elgo:3466, end:3, ts-5476376622896513024
06-15 22:24:10.045  9432 12197 I AudioEffect: command() 0xb4000072887d8500, cmdCode = 65536
06-15 22:24:10.046  1138  5212 D EffectHalHidl: audioSchedBoost, set audiohal task boost, pid=1138, tid=5212, ret=0
06-15 22:24:10.047  1138  5212 D EffectHalHidl: audioSchedBoost, set audiohal task boost, pid=1138, tid=5212, ret=0
06-15 22:24:10.047  1524  1925 W OPLUS_LOG_LOAD: ==LOGS PROG INFO, prog(camerahalserver) ==
06-15 22:24:10.047  1524  1925 D ULogGuard: Monitoring: 2 threads, 0 requests, 0 time-bombs; 1 guards. ResetFlags = 0x7
06-15 22:24:10.075  4089  4138 I JPEG_JNI: EnterExeTask  controller.background_task_controller process {"client":"infer"}
06-15 22:24:10.076  4089  4138 I JPEG_JNI: LeaveExeTask  module controller.background_task_controller 
06-15 22:24:10.076  4089  4138 I JPEG_JNI:  func process  
06-15 22:24:10.076  4089  4138 I JPEG_JNI:  input {"client":"infer"} 
06-15 22:24:10.076  4089  4138 I JPEG_JNI:  ret {}
06-15 22:24:10.099  9432 12197 I AudioEffect: command() 0xb4000072887d8500, cmdCode = 65536
06-15 22:24:10.100  1138  5212 D EffectHalHidl: audioSchedBoost, set audiohal task boost, pid=1138, tid=5212, ret=0
06-15 22:24:10.102  1138  5212 D EffectHalHidl: audioSchedBoost, set audiohal task boost, pid=1138, tid=5212, ret=0
06-15 22:24:10.139   769  4423 W keystore2: system/security/keystore2/watchdog/src/lib.rs:143 - ### Keystore Watchdog report - BEGIN ###
06-15 22:24:10.140   769  4423 W keystore2: system/security/keystore2/watchdog/src/lib.rs:152 - When extracting from a bug report, please include this header and all 1 records below (to footer)
06-15 22:24:10.140   769  4423 W keystore2: system/security/keystore2/watchdog/src/lib.rs:199 - ThreadId(11) Calling get_rkpd_attestation_key() Started: 06-15 14:24:09.136 UTC Pending: 1.003898384s Overdue 3.9ms
06-15 22:24:10.140   769  4423 W keystore2: system/security/keystore2/watchdog/src/lib.rs:211 - ### Keystore Watchdog report - END ###
06-15 22:24:10.154  9432 12197 I AudioEffect: command() 0xb4000072887d8500, cmdCode = 65536
06-15 22:24:10.155  1138  5212 D EffectHalHidl: audioSchedBoost, set audiohal task boost, pid=1138, tid=5212, ret=0
06-15 22:24:10.157  1138  5212 D EffectHalHidl: audioSchedBoost, set audiohal task boost, pid=1138, tid=5212, ret=0
06-15 22:24:10.204  1067  1523 I OriginChannel: pwm_rgb: lux:20, time_delta:0.000000, pwm_turbo:100, bri:0, r:1134, g:1515, b:1395, c:750, elgo:3480, end:3, ts-5476376622896513024
06-15 22:24:10.208  9432 12197 I AudioEffect: command() 0xb4000072887d8500, cmdCode = 65536
06-15 22:24:10.209  1138  5212 D EffectHalHidl: audioSchedBoost, set audiohal task boost, pid=1138, tid=5212, ret=0
06-15 22:24:10.210  1138  5212 D EffectHalHidl: audioSchedBoost, set audiohal task boost, pid=1138, tid=5212, ret=0
06-15 22:24:10.261  9432 12197 I AudioEffect: command() 0xb4000072887d8500, cmdCode = 65536
06-15 22:24:10.262  1138  5212 D EffectHalHidl: audioSchedBoost, set audiohal task boost, pid=1138, tid=5212, ret=0
06-15 22:24:10.264  1138  5212 D EffectHalHidl: audioSchedBoost, set audiohal task boost, pid=1138, tid=5212, ret=0
06-15 22:24:10.316  9432 12197 I AudioEffect: command() 0xb4000072887d8500, cmdCode = 65536
06-15 22:24:10.317  1138  5212 D EffectHalHidl: audioSchedBoost, set audiohal task boost, pid=1138, tid=5212, ret=0
06-15 22:24:10.318  1138  5212 D EffectHalHidl: audioSchedBoost, set audiohal task boost, pid=1138, tid=5212, ret=0
06-15 22:24:10.370  9432 12197 I AudioEffect: command() 0xb4000072887d8500, cmdCode = 65536
06-15 22:24:10.371  1138  5212 D EffectHalHidl: audioSchedBoost, set audiohal task boost, pid=1138, tid=5212, ret=0
06-15 22:24:10.373  1138  5212 D EffectHalHidl: audioSchedBoost, set audiohal task boost, pid=1138, tid=5212, ret=0
06-15 22:24:10.404  1067  1523 I OriginChannel: pwm_rgb: lux:20, time_delta:0.000000, pwm_turbo:100, bri:0, r:1134, g:1511, b:1388, c:744, elgo:3465, end:3, ts-5476376622896513024
06-15 22:24:10.425  9432 12197 I AudioEffect: command() 0xb4000072887d8500, cmdCode = 65536
06-15 22:24:10.426  1138  5212 D EffectHalHidl: audioSchedBoost, set audiohal task boost, pid=1138, tid=5212, ret=0
06-15 22:24:10.428  1138  5212 D EffectHalHidl: audioSchedBoost, set audiohal task boost, pid=1138, tid=5212, ret=0
06-15 22:24:10.442  1423  1471 D MipcProxy: handleMessage msg is 2420, instance 1
06-15 22:24:10.442  1423  1471 D MipcProxy: handleQosPeriodReportInd for instance 1
06-15 22:24:10.443  3026  3076 D SubsysRadioIndication[1]: radioQosPeriodReportInd result [18, 0, 26, 0, 34, 6, 16, 4, 24, 1, 32, 1, 58, 31, 24, -128, -39, 38, 32, -105, 3, 40, -84, -1, -1, -1, -1, -1, -1, -1, -1, 1, 48, -10, -1, -1, -1, -1, -1, -1, -1, -1, 1, 56, 14, 66, 20, 16, 5, 34, 16, 8, -128, -39, 38, 16, -105, 3, 24, 78, 40, -123, -94, -46, -27, -96, 1, 90, 0, 98, 2, 16, 3, 106, 0, 122, 5, 24, 120, 32, -2, 8]
06-15 22:24:10.444  3026  3026 D NetworkService[1]: handleMessage what:1005
06-15 22:24:10.444  3026  3026 D RadioAtomTracker: parseQosPeriodData ModemQos:CellularQosInfo2{5G, 633984/407, EndcState=0, Band=78, DLBW=0, Rsrp=-84, Rsrq=-10, Snr=14, SvcStatus=3, ULPDCPNumDataPdu=0, ULPDCPNumDropPdu=0, ULPDCPTput=0, ULRLCNumDataPdu=0, ULRLCNumRetxPdu=0, ULGrant=0, ULBSR=0, ULBler=0, DLPDCPNumDataPdu=0, DLPDCPTput=0, DLRLCNumDataPdu=0, DLRLCNumRetxPdu=0, DLRLCNumDropPdu=0, DLMACPaddingBytes=0, DLPdcpNumMissToUppPdu=0, DLBler=0, RlfCount=0, CellChangeCount=0, IsRedirectionOccur=0, IsDualSimConflict=0, Latency=0, Sub1RrcState=1, Sub2RrcState=1, RachCount=0, CalcPower=0, Mtpl=120, PathLoss=1150, CellLoad=0}
06-15 22:24:10.444  3026  3026 D NetworkService[1]: EVENT_REG_QOS_PERIOD_REPORT_IND_CHANGED ENTER
06-15 22:24:10.444  3026  3026 D AtomModemKpiInfo: handleMessage what:1001
06-15 22:24:10.444  3026  3026 D AtomModemKpiInfo: analyseQosInfo success
06-15 22:24:10.479  9432 12197 I AudioEffect: command() 0xb4000072887d8500, cmdCode = 65536
06-15 22:24:10.480  1138  5212 D EffectHalHidl: audioSchedBoost, set audiohal task boost, pid=1138, tid=5212, ret=0
06-15 22:24:10.481  1138  5212 D EffectHalHidl: audioSchedBoost, set audiohal task boost, pid=1138, tid=5212, ret=0
06-15 22:24:10.532  9432 12197 I AudioEffect: command() 0xb4000072887d8500, cmdCode = 65536
06-15 22:24:10.533  1138  5212 D EffectHalHidl: audioSchedBoost, set audiohal task boost, pid=1138, tid=5212, ret=0
06-15 22:24:10.534  1138  5212 D EffectHalHidl: audioSchedBoost, set audiohal task boost, pid=1138, tid=5212, ret=0
06-15 22:24:10.578  4089  4138 I JPEG_JNI: EnterExeTask  controller.background_task_controller process {"client":"infer"}
06-15 22:24:10.583  4089  4138 I JPEG_JNI: LeaveExeTask  module controller.background_task_controller 
06-15 22:24:10.583  4089  4138 I JPEG_JNI:  func process  
06-15 22:24:10.583  4089  4138 I JPEG_JNI:  input {"client":"infer"} 
06-15 22:24:10.583  4089  4138 I JPEG_JNI:  ret {}
06-15 22:24:10.585  9432 12197 I AudioEffect: command() 0xb4000072887d8500, cmdCode = 65536
06-15 22:24:10.587  1138  5212 D EffectHalHidl: audioSchedBoost, set audiohal task boost, pid=1138, tid=5212, ret=0
06-15 22:24:10.588  1138  5212 D EffectHalHidl: audioSchedBoost, set audiohal task boost, pid=1138, tid=5212, ret=0
06-15 22:24:10.600  1067  1523 I OriginChannel: pwm_rgb: lux:20, time_delta:0.000000, pwm_turbo:100, bri:0, r:1134, g:1517, b:1384, c:744, elgo:3461, end:3, ts-5476376622896513024
06-15 22:24:10.639  9432 12197 I AudioEffect: command() 0xb4000072887d8500, cmdCode = 65536
06-15 22:24:10.641  1138  5212 D EffectHalHidl: audioSchedBoost, set audiohal task boost, pid=1138, tid=5212, ret=0
06-15 22:24:10.642  1138  5212 D EffectHalHidl: audioSchedBoost, set audiohal task boost, pid=1138, tid=5212, ret=0
06-15 22:24:10.694  9432 12197 I AudioEffect: command() 0xb4000072887d8500, cmdCode = 65536
06-15 22:24:10.696  1138  5212 D EffectHalHidl: audioSchedBoost, set audiohal task boost, pid=1138, tid=5212, ret=0
06-15 22:24:10.697  1138  5212 D EffectHalHidl: audioSchedBoost, set audiohal task boost, pid=1138, tid=5212, ret=0
06-15 22:24:10.747  9471 20411 D gaia-GaiaConnectChecker: start connect check++
06-15 22:24:10.749  9432 12197 I AudioEffect: command() 0xb4000072887d8500, cmdCode = 65536
06-15 22:24:10.750  1138  5212 D EffectHalHidl: audioSchedBoost, set audiohal task boost, pid=1138, tid=5212, ret=0
06-15 22:24:10.752  1138  5212 D EffectHalHidl: audioSchedBoost, set audiohal task boost, pid=1138, tid=5212, ret=0
06-15 22:24:10.800  1067  1523 I OriginChannel: pwm_rgb: lux:20, time_delta:0.000000, pwm_turbo:100, bri:0, r:1134, g:1517, b:1382, c:747, elgo:3465, end:3, ts-5476376622896513024
06-15 22:24:10.803  9432 12197 I AudioEffect: command() 0xb4000072887d8500, cmdCode = 65536
06-15 22:24:10.804  1138  5212 D EffectHalHidl: audioSchedBoost, set audiohal task boost, pid=1138, tid=5212, ret=0
06-15 22:24:10.805  1138  5212 D EffectHalHidl: audioSchedBoost, set audiohal task boost, pid=1138, tid=5212, ret=0
06-15 22:24:10.824  3026  5572 D CommonApp-104-10369: transport layer data is invalid
06-15 22:24:10.824  3026  5572 D CommonApp-121-10369: transport layer data is invalid
06-15 22:24:10.825  3026  5572 D ScorePolicy: handleScoreChanged: []
06-15 22:24:10.826  3026  5572 D ScorePolicy: handleScoreChanged: []
06-15 22:24:10.826  3026  5572 D ScorePolicy: handleScoreChanged: []
06-15 22:24:10.856  9432 12197 I AudioEffect: command() 0xb4000072887d8500, cmdCode = 65536
06-15 22:24:10.858  1138  5212 D EffectHalHidl: audioSchedBoost, set audiohal task boost, pid=1138, tid=5212, ret=0
06-15 22:24:10.859  1138  5212 D EffectHalHidl: audioSchedBoost, set audiohal task boost, pid=1138, tid=5212, ret=0
06-15 22:24:10.887 13685  4428 E RkpdServerInterface: Server timed out. failed to connect to remoteprovisioning.googleapis.com/216.239.36.223 (port 443) from /192.168.1.9 (port 45442) after 400ms
06-15 22:24:10.901 13685  4428 E RkpdRegistrationBinder: RKPD failed to provision keys
06-15 22:24:10.901 13685  4428 E RkpdRegistrationBinder: com.android.rkpdapp.RkpdException: Error getting data from server.
06-15 22:24:10.901 13685  4428 E RkpdRegistrationBinder: 	at com.android.rkpdapp.interfaces.ServerInterface.makeNetworkError(ServerInterface.java:304)
06-15 22:24:10.901 13685  4428 E RkpdRegistrationBinder: 	at com.android.rkpdapp.interfaces.ServerInterface.connectAndGetData(ServerInterface.java:475)
06-15 22:24:10.901 13685  4428 E RkpdRegistrationBinder: 	at com.android.rkpdapp.interfaces.ServerInterface.fetchGeek(ServerInterface.java:267)
06-15 22:24:10.901 13685  4428 E RkpdRegistrationBinder: 	at com.android.rkpdapp.interfaces.ServerInterface.fetchGeekAndUpdate(ServerInterface.java:331)
06-15 22:24:10.901 13685  4428 E RkpdRegistrationBinder: 	at com.android.rkpdapp.service.RegistrationBinder.fetchGeekAndProvisionKeys(RegistrationBinder.java:150)
06-15 22:24:10.901 13685  4428 E RkpdRegistrationBinder: 	at com.android.rkpdapp.service.RegistrationBinder.getKeyWorker(RegistrationBinder.java:120)
06-15 22:24:10.901 13685  4428 E RkpdRegistrationBinder: 	at com.android.rkpdapp.service.RegistrationBinder.getKeyThreadWorker(RegistrationBinder.java:244)
06-15 22:24:10.901 13685  4428 E RkpdRegistrationBinder: 	at com.android.rkpdapp.service.RegistrationBinder.lambda$getKey$3(RegistrationBinder.java:231)
06-15 22:24:10.901 13685  4428 E RkpdRegistrationBinder: 	at com.android.rkpdapp.service.RegistrationBinder.$r8$lambda$3tjqw_fbETEHa8OE8G7aQdQksF8(RegistrationBinder.java:0)
06-15 22:24:10.901 13685  4428 E RkpdRegistrationBinder: 	at com.android.rkpdapp.service.RegistrationBinder$$ExternalSyntheticLambda12.run(R8$$SyntheticClass:0)
06-15 22:24:10.901 13685  4428 E RkpdRegistrationBinder: 	at java.util.concurrent.Executors$RunnableAdapter.call(Executors.java:524)
06-15 22:24:10.901 13685  4428 E RkpdRegistrationBinder: 	at java.util.concurrent.FutureTask.run(FutureTask.java:343)
06-15 22:24:10.901 13685  4428 E RkpdRegistrationBinder: 	at java.util.concurrent.ThreadPoolExecutor.runWorker(ThreadPoolExecutor.java:1156)
06-15 22:24:10.901 13685  4428 E RkpdRegistrationBinder: 	at java.util.concurrent.ThreadPoolExecutor$Worker.run(ThreadPoolExecutor.java:651)
06-15 22:24:10.901 13685  4428 E RkpdRegistrationBinder: 	at java.lang.Thread.run(Thread.java:1119)
06-15 22:24:10.903  1744  1744 E RemoteProvisionSysSvc: RKP error fetching key for client 150103299: ERROR_UNKNOWN: Error getting data from server.
06-15 22:24:10.904   769 22507 E keystore2: system/security/keystore2/rkpd_client/src/lib.rs:193 - IGetKeyCallback failed: ERROR_UNKNOWN: Error getting data from server.
06-15 22:24:10.905   769   924 I keystore2: system/security/keystore2/watchdog/src/lib.rs:230 - Watchdog complete for: ThreadId(11) Calling get_rkpd_attestation_key() Started: 06-15 14:24:09.136 UTC Pending: 1.768394384s Overdue 768.395385ms
06-15 22:24:10.905   769   924 W keystore2: system/security/keystore2/src/remote_provisioning.rs:97 - Error occurred: system/security/keystore2/rkpd_client/src/lib.rs:194: GetKeyCallback failed: r#ERROR_UNKNOWN "ERROR_UNKNOWN: Error getting data from server."
06-15 22:24:10.905   769   924 W keystore2: 
06-15 22:24:10.905   769   924 W keystore2: Caused by:
06-15 22:24:10.905   769   924 W keystore2:     Failed to get key: r#ERROR_UNKNOWN
06-15 22:24:10.911  9432 12197 I AudioEffect: command() 0xb4000072887d8500, cmdCode = 65536
06-15 22:24:10.911  1138  5212 D EffectHalHidl: audioSchedBoost, set audiohal task boost, pid=1138, tid=5212, ret=0
06-15 22:24:10.913   771   771 D TlcKM   : TEE_GenerateAndAttestKey
06-15 22:24:10.913  1138  5212 D EffectHalHidl: audioSchedBoost, set audiohal task boost, pid=1138, tid=5212, ret=0
06-15 22:24:10.918   771   771 D TlcKM   : TEE_AttestKey
06-15 22:24:10.919   771   771 E TlcKM   : Error: Cannot open file: /mnt/vendor/persist/attest_keybox.so.
06-15 22:24:10.919   771   771 D TlcKM   : TEE_AttestKey(): load from RPMB instead of /mnt/vendor/persist/attest_keybox.so now
06-15 22:24:10.920   771   771 D TlcKM   : TEE_AttestKey exiting with 0
06-15 22:24:10.920   771   771 D TlcKM   : TEE_AttestIds
06-15 22:24:10.920   771   771 E TlcKM   : Error: Cannot open file: /mnt/vendor/persist/attestation_ids.so.
06-15 22:24:10.920   771   771 D TlcKM   : TEE_AttestIds(): load from RPMB instead of /mnt/vendor/persist/attestation_ids.so now
06-15 22:24:10.921   771   771 D TlcKM   : TEE_AttestIds exiting with 0
06-15 22:24:10.930   771   771 D TlcKM   : TEE_GenerateAndAttestKey exiting with 0
06-15 22:24:10.964  9432 12197 I AudioEffect: command() 0xb4000072887d8500, cmdCode = 65536
06-15 22:24:10.965  1138  5212 D EffectHalHidl: audioSchedBoost, set audiohal task boost, pid=1138, tid=5212, ret=0
06-15 22:24:10.967  1138  5212 D EffectHalHidl: audioSchedBoost, set audiohal task boost, pid=1138, tid=5212, ret=0
06-15 22:24:10.977   769  4440 I keystore2: system/security/keystore2/src/database.rs:1412 - First database operation finished.
06-15 22:24:10.996  1067  1523 I OriginChannel: pwm_rgb: lux:20, time_delta:0.000000, pwm_turbo:100, bri:0, r:1134, g:1509, b:1378, c:749, elgo:3460, end:3, ts-5476376622896513024
06-15 22:24:11.018  9432 12197 I AudioEffect: command() 0xb4000072887d8500, cmdCode = 65536
06-15 22:24:11.018  1138  5212 D EffectHalHidl: audioSchedBoost, set audiohal task boost, pid=1138, tid=5212, ret=0
06-15 22:24:11.019  1138  5212 D EffectHalHidl: audioSchedBoost, set audiohal task boost, pid=1138, tid=5212, ret=0
06-15 22:24:11.070  9432 12197 I AudioEffect: command() 0xb4000072887d8500, cmdCode = 65536
06-15 22:24:11.071  1138  5212 D EffectHalHidl: audioSchedBoost, set audiohal task boost, pid=1138, tid=5212, ret=0
06-15 22:24:11.072  1138  5212 D EffectHalHidl: audioSchedBoost, set audiohal task boost, pid=1138, tid=5212, ret=0
06-15 22:24:11.084  4089  4138 I JPEG_JNI: EnterExeTask  controller.background_task_controller process {"client":"infer"}
06-15 22:24:11.088  4089  4138 I JPEG_JNI: LeaveExeTask  module controller.background_task_controller 
06-15 22:24:11.088  4089  4138 I JPEG_JNI:  func process  
06-15 22:24:11.088  4089  4138 I JPEG_JNI:  input {"client":"infer"} 
06-15 22:24:11.088  4089  4138 I JPEG_JNI:  ret {}
06-15 22:24:11.123  9432 12197 I AudioEffect: command() 0xb4000072887d8500, cmdCode = 65536
06-15 22:24:11.123  1138  5212 D EffectHalHidl: audioSchedBoost, set audiohal task boost, pid=1138, tid=5212, ret=0
06-15 22:24:11.124  1138  5212 D EffectHalHidl: audioSchedBoost, set audiohal task boost, pid=1138, tid=5212, ret=0
06-15 22:24:11.174  9432 12197 I AudioEffect: command() 0xb4000072887d8500, cmdCode = 65536
06-15 22:24:11.175  1138  5212 D EffectHalHidl: audioSchedBoost, set audiohal task boost, pid=1138, tid=5212, ret=0
06-15 22:24:11.176  1138  5212 D EffectHalHidl: audioSchedBoost, set audiohal task boost, pid=1138, tid=5212, ret=0
06-15 22:24:11.194  1067  1523 I OriginChannel: pwm_rgb: lux:20, time_delta:0.000000, pwm_turbo:100, bri:0, r:1134, g:1514, b:1380, c:750, elgo:3463, end:3, ts-5476376622896513024
06-15 22:24:11.226  9432 12197 I AudioEffect: command() 0xb4000072887d8500, cmdCode = 65536
06-15 22:24:11.227  1138  5212 D EffectHalHidl: audioSchedBoost, set audiohal task boost, pid=1138, tid=5212, ret=0
06-15 22:24:11.228  1138  5212 D EffectHalHidl: audioSchedBoost, set audiohal task boost, pid=1138, tid=5212, ret=0
06-15 22:24:11.250  2427  2427 I WifiHAL : wifi_get_link_stats: result=0
06-15 22:24:11.251  1744  2275 D WifiStaIfaceHidlImpl: getCachedScanData is not implemented by HIDL
06-15 22:24:11.279  3026  3026 D VendorWifiService: onEvent event:9,action:1
06-15 22:24:11.279  9432 12197 I AudioEffect: command() 0xb4000072887d8500, cmdCode = 65536
