06-15 22:23:59.439  1503  4252 D ReflectedParamUpdater: extent() != 1 for single value type: algo.buffers.allocator-ids.values
06-15 22:23:59.439  1503  4252 D ReflectedParamUpdater: extent() != 1 for single value type: output.buffers.pool-ids.values
06-15 22:23:59.440  1503  4252 D ReflectedParamUpdater: extent() != 1 for single value type: algo.buffers.pool-ids.values
06-15 22:23:59.447  1503  4252 I CCodecConfig: query failed after returning 10 values (BAD_INDEX)
06-15 22:23:59.451  1503 21328 W ServiceManagerCppClient: Failed to get isDeclared for media_quality: Status(-1, EX_SECURITY): 'SELinux denied for service.'
06-15 22:23:59.452  1503 21328 E MediaCodec: Media Quality Service not found.
06-15 22:23:59.455  9432 12197 I AudioEffect: command() 0xb4000072887d8500, cmdCode = 65536
06-15 22:23:59.456  1138 18077 D EffectHalHidl: audioSchedBoost, set audiohal task boost, pid=1138, tid=18077, ret=0
06-15 22:23:59.456  1138 18077 D EffectHalHidl: audioSchedBoost, set audiohal task boost, pid=1138, tid=18077, ret=0
06-15 22:23:59.459  1067  1523 I OriginChannel: pwm_rgb: lux:21, time_delta:0.000000, pwm_turbo:100, bri:0, r:1134, g:1565, b:1399, c:761, elgo:3552, end:3, ts-5476376622896513024
06-15 22:23:59.470  1503  4252 W AString : ctor got NULL, using empty string instead
06-15 22:23:59.477  1503  4252 W Codec2Client: query -- param skipped: index = 1107298332.
06-15 22:23:59.478  1503  4252 I CCodecConfig: query failed after returning 10 values (BAD_INDEX)
06-15 22:23:59.479  1503  4252 E mediaserver: Failed to query component interface for required system resources: 6
06-15 22:23:59.487  4089  4138 I JPEG_JNI: EnterExeTask  controller.background_task_controller process {"client":"infer"}
06-15 22:23:59.491  4089  4138 I JPEG_JNI: LeaveExeTask  module controller.background_task_controller 
06-15 22:23:59.491  4089  4138 I JPEG_JNI:  func process  
06-15 22:23:59.491  4089  4138 I JPEG_JNI:  input {"client":"infer"} 
06-15 22:23:59.491  4089  4138 I JPEG_JNI:  ret {}
06-15 22:23:59.495  1503  4252 W Codec2Client: query -- param skipped: index = 1342179345.
06-15 22:23:59.495  1503  4252 W Codec2Client: query -- param skipped: index = 2415921170.
06-15 22:23:59.497  1503  4252 W Codec2Client: query -- param skipped: index = 3254792206.
06-15 22:23:59.497  1503  4252 W Codec2Client: query -- param skipped: index = 3254792194.
06-15 22:23:59.499  1503  4252 D BufferPoolAccessor2.0: bufferpool2 0xb400007a7625a628 : 0(0 size) total buffers - 0(0 size) used buffers - 0/4 (recycle/alloc) - 4/4 (fetch/transfer)
06-15 22:23:59.501  1580  1775 D BufferPoolAccessor2.0: bufferpool2 0xb40000765a00fe28 : 0(0 size) total buffers - 0(0 size) used buffers - 235/237 (recycle/alloc) - 1/110 (fetch/transfer)
06-15 22:23:59.501  1580  1775 D BufferPoolAccessor2.0: Destruction - bufferpool2 0xb40000765a00fe28 cached: 0/0M, 0/0% in use; allocs: 237, 99% recycled; transfers: 110, 99% unfetched
06-15 22:23:59.507  9432 12197 I AudioEffect: command() 0xb4000072887d8500, cmdCode = 65536
06-15 22:23:59.509  1138 18077 D EffectHalHidl: audioSchedBoost, set audiohal task boost, pid=1138, tid=18077, ret=0
06-15 22:23:59.510  1138 18077 D EffectHalHidl: audioSchedBoost, set audiohal task boost, pid=1138, tid=18077, ret=0
06-15 22:23:59.516  1580 30940 E Codec2-ComponentInterface: We have a failed config
06-15 22:23:59.517  1503  4252 D CCodecBuffers: [c2.android.aac.encoder#94:1D-Output.Impl[N]] converted 0 buffers to array mode of 4
06-15 22:23:59.518  1065  1141 D C2MtkComponentStore: setDmaBufUsage: usage 5, flags 0, heapName mtk_mm for decoder.
06-15 22:23:59.523  1580  4295 D SimpleC2Component: Using output block pool with poolID 180 => got 180 - 0
06-15 22:23:59.523  1503 21328 D Utils   : Set regular priority for thread (tid 21328)
06-15 22:23:59.524  1503 21328 D OplusMPEG4Writer: start [226]: 
06-15 22:23:59.526  1503  4299 D AudioRecord: start(869): sync event 0 trigger session 0
06-15 22:23:59.527  1138 18077 D AudioBoost: audioSchedBoost, pid=1138, tid=18077, enable=1, ret=0
06-15 22:23:59.527  1138 18077 D AF_RecordTrack_ExtImpl: startMagicVoice mYouMeSdk = 0
06-15 22:23:59.527  1138 18077 D AudioFlinger: RecordThread::start event 0, triggerSession 0
06-15 22:23:59.529  1744  1978 I QosScheduler[QoSPolicy]: setSceneQoS begin:true sceneId:5
06-15 22:23:59.529  1744  1978 W QosScheduler: executeSceneQosStrategy failed! qos feature no enable
06-15 22:23:59.529  1744  4053 I OStatsManager_Calc: noteAudio: uid = 10369, start = true
06-15 22:23:59.529  1138 18077 D AudioPolicyService: updateUidStates_l() current->uid=10369 current->pid=3836 allowCapture=1 UidState=2 apmStat=2
06-15 22:23:59.529  1138 18077 D APM_AudioPolicyManager: BIRecord: In startInput, profile is primary input
06-15 22:23:59.529  1138 18077 D APM_AudioPolicyManager: startInput() portId 869 input 254 session 1817
06-15 22:23:59.530  1138 18077 D APM::AudioPolicyEngine: getDeviceForInputSource()input source 1, device 80000004
06-15 22:23:59.532  1138  1577 D AudioSystem: +setParameters(): CamcorderSwitchMic=false 
06-15 22:23:59.532  1138  1577 D AudioFlingerExtImpl: AudioFlingerExtImpl oplusSetParameters: keyvalue CamcorderSwitchMic=false
06-15 22:23:59.532  1138  4247 D AudioFlinger: updateWakeLockUids_l AudioIn_FE uids:10369 
06-15 22:23:59.533  1049  4799 D OplusMicSwap: CamcorderSetParameters: output set camcorderret = 5, camcorderstrvalue = false
06-15 22:23:59.533  1049  4799 D OplusMicSwap: CamcorderSetParameters: camera switch mic 0
06-15 22:23:59.533  1049  1092 D AudioALSAStreamIn: updateSinkMetadataV7(),  device:0x0
06-15 22:23:59.534  1138 18077 D APM_AudioPolicyManager: [MTK_APM_Route]setInputDevice mIoHandle 254 : changing device 0x80000004 to 0x80000004, force = 1
06-15 22:23:59.534  1138  1577 V AudioFlinger::PatchPanel: createAudioPatch_l() num_sources 1 num_sinks 1 handle 0
06-15 22:23:59.535  1049  4799 D AudioALSAHardware: +createAudioPatch() num_sources [1] , num_sinks [1], handle [0x0], current mAudioHalPatchVector size 5
06-15 22:23:59.535  1049  4799 D AudioALSAStreamManager: +setParameters(), IOport = 254, keyValuePairs = input_source=1;routing=-2147483644
06-15 22:23:59.535  1049  4799 D AudioALSAStreamManager: +routingInputDevice(), input_device: 0x80000004 => 0x80000004
06-15 22:23:59.535  1049  4799 D WCNChipController: IsBTI2SSupport(), BTChipHWInterface() = 1, ret = 1
06-15 22:23:59.535  1049  4799 D AudioDspStreamManager: getDspBtscoEnable(), BTSCO offload = 1
06-15 22:23:59.535  1049  4799 D android.hardware.audio.service.mediatek: isSupport() return mSupport USB_DIR_TX 0, USB_DIR_RX: 0
06-15 22:23:59.535  1049  4799 D AudioALSAStreamManager: routingInputDevice(), haveOtherSharedDevice = 0
06-15 22:23:59.535  1049  4799 W AudioALSAStreamManager: -routingInputDevice(), input_device(0x80000004) is AUDIO_DEVICE_NONE(0x0) or current_input_device(0x80000004), return
06-15 22:23:59.535  1049  4799 D AudioALSAStreamIn: setParameters(), this = 0xb4000074356f7700, idenity = 254, mPolicyDevice = 0x80000004
06-15 22:23:59.535  1049  4799 D AudioALSAHardware: -createAudioPatch() num_sources [1] , num_sinks [1], handle [0xfd]
06-15 22:23:59.535  1744  3613 I IPCThreadState: oneway function results for code 10007 on binder at 0xb400007139447f00 will be dropped but finished with status UNKNOWN_TRANSACTION
06-15 22:23:59.536  1744  3613 I IPCThreadState: oneway function results for code 10006 on binder at 0xb400007139447f00 will be dropped but finished with status UNKNOWN_TRANSACTION
06-15 22:23:59.538  1049  1092 D AudioALSAStreamIn: updateSinkMetadataV7(),  device:0x0
06-15 22:23:59.538  1138  1577 V AudioFlinger::PatchPanel: createAudioPatch_l() status 0
06-15 22:23:59.538  1138  1577 V AudioFlinger::PatchPanel: -createAudioPatch_l() status 0
06-15 22:23:59.538  1138 18077 D APM_AudioPolicyManager: setInputDevice() AF::createAudioPatch returned 0 patchHandle 2028 num_sources 1 num_sinks 1
06-15 22:23:59.539  1744  4300 V AudioServiceExtImpl: oplusGetParameters() keyValuePairs:OPLUS_AUDIO_GET_FOCUS_STACK, uid: 1000
06-15 22:23:59.539  2721  2854 I SystemUi--QuickSettings: OplusSeparateQSPrivacyManager-->onPrivacyItemsChanged permGroupName android.permission-group.MICROPHONE
06-15 22:23:59.539  2721  2854 I SystemUi--QuickSettings: OplusSeparateQSPrivacyManager-->onPrivacyItemsChanged packageName com.loyea, uid 10369, size: 1
06-15 22:23:59.540  1138 18077 W AudioPolicyClientImpl: setSoundTriggerCaptureState active 1
06-15 22:23:59.540  1138 18077 D AudioPolicyManagerExtImpl: startinput client uid = 10369
06-15 22:23:59.540  1744  3921 D AudioSystem: Reset audio port generation
06-15 22:23:59.540  1138  1577 D AudioSystem: +setParameters(): startinput_pid=10369 
06-15 22:23:59.541  1138  1577 D AudioFlingerExtImpl: AudioFlingerExtImpl oplusSetParameters: keyvalue startinput_pid=10369
06-15 22:23:59.541  1049  1092 D AudioALSAHardware: +setParameters(): startinput_pid=10369
06-15 22:23:59.541  1744  4301 V AudioServiceExtImpl: oplusGetParameters() keyValuePairs:OPLUS_AUDIO_GET_FOCUS_STACK, uid: 1000
06-15 22:23:59.541  1049  1092 D AudioALSAPlaybackHandlerKTVThread: setParameters: startinput_pid ktvret = 5, value = 10369
06-15 22:23:59.541  1049  1092 D AudioALSAPlaybackHandlerKTVThread: KTV set false
06-15 22:23:59.541  1049  1092 D OplusAudioAecRecord: setParameters: AEC Not From setParameters
06-15 22:23:59.541  1049  1092 D AudioALSAHardware: =====>GetInstance()->MMI_Auto_Test
06-15 22:23:59.541  1049  1092 D audio_engineer_test: do_audio_test_process Enter all_test[0]:NoneTest in_call:false
06-15 22:23:59.541  1049  1092 D OplusVoiceTranslation: --getInstance()
06-15 22:23:59.542  1049  1092 D OplusAudioAecRecord: setParameters: AEC Not From setParameters
06-15 22:23:59.542  1049  1092 D OplusAudioALSAVocalHighlight: parseAudioVocalHighlightParam(), not support set Audio Vocal Highlight Param!
06-15 22:23:59.542  1049  1092 D AudioALSAHardware: -setParameters(): startinput_pid=10369
06-15 22:23:59.542  2721  2721 I SystemEventCoordinator: isQsExpanded true: false, false
06-15 22:23:59.543  1744  4303 V AudioServiceExtImpl: oplusGetParameters() keyValuePairs:OPLUS_AUDIO_GET_FOCUS_STACK, uid: 1000
06-15 22:23:59.543  1138 18077 D AtlasEventUploadUtils: setEvent event:atlas_event_audio_record_start
06-15 22:23:59.543  1138  2145 D NativePermissionController: checkPermission: missing 13 for 10092
06-15 22:23:59.544  1744  4307 V AudioServiceExtImpl: oplusGetParameters() keyValuePairs:OPLUS_AUDIO_GET_FOCUS_STACK, uid: 1000
06-15 22:23:59.544  4007 11615 D OplusAtlas.OplusAudioRecordInfoUploadHelper: callback success event:atlas_event_audio_record_start eventInfo:recorderPid:3836,TrackSession:1817,inputDevice:80000004
06-15 22:23:59.544  1138 18077 D AudioBoost: audioSchedBoost, pid=1138, tid=18077, enable=0, ret=0
06-15 22:23:59.544  1744  3942 I IPCThreadState: oneway function results for code 10006 on binder at 0xb400007139447f00 will be dropped but finished with status UNKNOWN_TRANSACTION
06-15 22:23:59.544  1049  4799 I sound_trigger_hw_default: stdev_stop_recognition
06-15 22:23:59.544  1049  4799 I sound_trigger_hw_default: mtk_stop_recognition(), handle = 1
06-15 22:23:59.544  1049  4799 I sound_trigger_hw_default: FREE ALOCK model_context->phase_2p5_read_lock = 0x0
06-15 22:23:59.545  1138  5212 D NativePermissionController: checkPermission: missing 13 for 10092
06-15 22:23:59.545  4007 11615 D OplusAtlasAudioDetectionManager: callback success event:atlas_event_audio_record_start eventInfo:recorderPid:3836,TrackSession:1817,inputDevice:80000004
06-15 22:23:59.545  4007 12094 D OplusAtlas.OplusAudioRecordInfoUploadHelper: setRecordEvent pid:3836 session:1817
06-15 22:23:59.545  4007 12094 D OplusAtlas.OplusAudioRecordInfoUploadHelper: new AudioRecordInfo session:1817
06-15 22:23:59.545  1049  4799 I sound_trigger_hw_default: set_model_start(), model_start = 0, handle = 1, 1st level = 69, 2nd level = 69, status = 0
06-15 22:23:59.545  1049  4799 I sound_trigger_hw_default: +stop_swip_recognition(), handle = 1
06-15 22:23:59.546  1049  4799 D AudioALSAHardware: +setParameters(): MTK_VOW_ENABLE=0
06-15 22:23:59.546  1049  4799 D OplusAudioAecRecord: setParameters: AEC Not From setParameters
06-15 22:23:59.546  1049  4799 D AudioALSAHardware: =====>GetInstance()->MMI_Auto_Test
06-15 22:23:59.546  1049  4799 D audio_engineer_test: do_audio_test_process Enter all_test[0]:NoneTest in_call:false
06-15 22:23:59.546  1049  4799 D OplusVoiceTranslation: --getInstance()
06-15 22:23:59.546  1049  4799 D OplusAudioAecRecord: setParameters: AEC Not From setParameters
06-15 22:23:59.546  1049  4799 D OplusAudioALSAVocalHighlight: parseAudioVocalHighlightParam(), not support set Audio Vocal Highlight Param!
06-15 22:23:59.546  1049  4799 D AudioALSAStreamManager: getVoiceWakeUpNeedOn(), mVoiceWakeUpNeedOn = 1
06-15 22:23:59.546  1049  4799 D AudioALSAStreamManager: setVoiceWakeUpNeedOn(), mVoiceWakeUpNeedOn: 1 => 0 
06-15 22:23:59.546  1049  4799 D AudioALSAStreamManager: setVoiceWakeUpEnable(), enable = 0
06-15 22:23:59.546  1049  4799 D AudioALSAStreamManager: setVoiceWakeUpEnable_l(), enable = 0
06-15 22:23:59.546  1049  4799 D AudioALSAVoiceWakeUpController: +setVoiceWakeUpEnable(), mEnable: 1 => 0, mIsUseHeadsetMic = 0, mHeadsetMicMode = 2, mHandsetMicMode = 2
06-15 22:23:59.546  1049  4799 D AudioALSAVoiceWakeUpController: +setVoiceWakeUpDebugDumpEnable(), mDebug_Enable: 0 => 0
06-15 22:23:59.546  1049  4799 W AudioALSAVoiceWakeUpController: -setVoiceWakeUpDebugDumpEnable(), enable(0) == mDebug_Enable(0), return
06-15 22:23:59.546  1049  4799 D AudioALSAVoiceWakeUpController: setVoiceWakeUpEnable(), vow ch = 2
06-15 22:23:59.547  1744  4308 V AudioServiceExtImpl: oplusGetParameters() keyValuePairs:OPLUS_AUDIO_GET_FOCUS_STACK, uid: 1000
06-15 22:23:59.547  1049  1093 W StreamHAL: Error from HAL stream in function set_microphone_direction: Function not implemented
06-15 22:23:59.547  1138  2771 D NativePermissionController: checkPermission: missing 13 for 10092
06-15 22:23:59.547  1049  4309 D AudioALSAStreamIn: open(), flag 0x0, this = 0xb4000074356f7700
06-15 22:23:59.547  1049  4309 D WCNChipController: IsBTI2SSupport(), BTChipHWInterface() = 1, ret = 1
06-15 22:23:59.547  1049  4309 D AudioDspStreamManager: getDspBtscoEnable(), BTSCO offload = 1
06-15 22:23:59.547  1049  4309 D android.hardware.audio.service.mediatek: isSupport() return mSupport USB_DIR_TX 0, USB_DIR_RX: 0
06-15 22:23:59.547  1049  4309 D WCNChipController: IsBTI2SSupport(), BTChipHWInterface() = 1, ret = 1
06-15 22:23:59.547  1049  4309 D AudioDspStreamManager: getDspBtscoEnable(), BTSCO offload = 1
06-15 22:23:59.547  1049  4309 D android.hardware.audio.service.mediatek: isSupport() return mSupport USB_DIR_TX 0, USB_DIR_RX: 0
06-15 22:23:59.547  1049  4309 D AudioALSAStreamIn: open(),flag 0x0 current input share device 0x80000004 -> policy share device 0x80000004
06-15 22:23:59.547  1049  4309 D AudioALSAStreamManager: +createCaptureHandler(), mAudioMode = 0, input_source = 1, input_device = 0x80000004, mBypassDualMICProcessUL=0, rate=44100, flag=0x0
06-15 22:23:59.547  1049  4309 D WCNChipController: IsBTI2SSupport(), BTChipHWInterface() = 1, ret = 1
06-15 22:23:59.547  1049  4309 D AudioDspStreamManager: getDspBtscoEnable(), BTSCO offload = 1
06-15 22:23:59.547  1049  4309 D android.hardware.audio.service.mediatek: isSupport() return mSupport USB_DIR_TX 0, USB_DIR_RX: 0
06-15 22:23:59.547  1049  4309 D WCNChipController: IsBTI2SSupport(), BTChipHWInterface() = 1, ret = 1
06-15 22:23:59.547  1049  4309 D AudioDspStreamManager: getDspBtscoEnable(), BTSCO offload = 1
06-15 22:23:59.547  1049  4309 D android.hardware.audio.service.mediatek: isSupport() return mSupport USB_DIR_TX 0, USB_DIR_RX: 0
06-15 22:23:59.548  1744  4314 V AudioServiceExtImpl: oplusGetParameters() keyValuePairs:OPLUS_AUDIO_GET_FOCUS_STACK, uid: 1000
06-15 22:23:59.548  1744  3152 D OplusHansManager : 1138/1041 to 17825/10297 | android.media.IAudioFlingerClient | 1 reason default_unfreezeForKernel
06-15 22:23:59.549  1138  5212 D AudioFlingerExtImpl: getRecordInfo result=1,1,10,44100
06-15 22:23:59.549  1744  4315 V AudioServiceExtImpl: oplusGetParameters() keyValuePairs:OPLUS_AUDIO_GET_FOCUS_STACK, uid: 1000
06-15 22:23:59.549  1138  2145 D NativePermissionController: checkPermission: missing 13 for 10092
06-15 22:23:59.550  1049  4309 D AudioDspStreamManager: getDspInHandlerEnable flag = 0 ret = 1
06-15 22:23:59.550  1049  4309 D AudioALSAStreamManager: isCaptureOffload(), offload customization is 1 (InputSource,MIC)
06-15 22:23:59.550  1049  4309 D AudioALSAStreamManager: createCaptureHandler(),add for goodix all
06-15 22:23:59.550  1049  4309 D AudioALSACaptureHandlerNormal: AudioALSACaptureHandlerNormal()
06-15 22:23:59.550  1049  4309 D AudioALSACaptureHandlerNormal: init()
06-15 22:23:59.550  1049  4309 D AudioALSAStreamManager: setHDRRecord(), setHDRRecord = 1, mHDRRecordEna = 1
06-15 22:23:59.550  1049  4309 D AudioALSAStreamManager: getVoiceWakeUpNeedOn(), mVoiceWakeUpNeedOn = 0
06-15 22:23:59.550  1049  4309 D AudioALSAHardwareResourceManager: setHDRRecord(), setHDRRecord = 1, mHDRRecordEna = 1
06-15 22:23:59.550  1049  4309 D AudioMTKGainController: setScene(), scene = HDR_RECORD
06-15 22:23:59.550  1049  4309 D AudioMTKGainController: getSceneIndex(), HDR_RECORD index found = 3
06-15 22:23:59.549  1049  1092 W StreamHAL: Error from HAL stream in function set_microphone_field_dimension: Function not implemented
06-15 22:23:59.551  1744  4316 V AudioServiceExtImpl: oplusGetParameters() keyValuePairs:OPLUS_AUDIO_GET_FOCUS_STACK, uid: 1000
06-15 22:23:59.551  1744  4319 V AudioServiceExtImpl: oplusGetParameters() keyValuePairs:OPLUS_AUDIO_GET_FOCUS_STACK, uid: 1000
06-15 22:23:59.552  1744  4322 V AudioServiceExtImpl: oplusGetParameters() keyValuePairs:OPLUS_AUDIO_GET_FOCUS_STACK, uid: 1000
06-15 22:23:59.553  4007 12094 D OplusAtlasService: isAppInRecording getActiveAudioPids is null
06-15 22:23:59.553  1744  3921 D AS.AudioService: handleRecordingConfigurationChanged: event = 2 ,sampleRate = 44100 ,uid = 10369 ,source = 1 ,device = 15
06-15 22:23:59.554  1744  4323 V AudioServiceExtImpl: oplusGetParameters() keyValuePairs:OPLUS_AUDIO_GET_FOCUS_STACK, uid: 1000
06-15 22:23:59.554  1744  1978 W QosScheduler: executeSceneQosStrategy failed! qos feature no enable
06-15 22:23:59.554  1744  4041 I OGuardManager_WeakAwareManager: stop uid:10369 type:AudioRecorder mRunning:false duration:0
06-15 22:23:59.555  3026  3026 D SubsysBroadcastManager: onReceive action:android.media.ACTION_AUDIO_RECORD_START
06-15 22:23:59.555  3026  3026 D OSService: onAudioRecordChange
06-15 22:23:59.555  1744  4324 V AudioServiceExtImpl: oplusGetParameters() keyValuePairs:OPLUS_AUDIO_GET_FOCUS_STACK, uid: 1000
06-15 22:23:59.555  3026  3026 D SysBroadcastReceiver: android.media.ACTION_AUDIO_RECORD_START
06-15 22:23:59.556  1744  4325 V AudioServiceExtImpl: oplusGetParameters() keyValuePairs:OPLUS_AUDIO_GET_FOCUS_STACK, uid: 1000
06-15 22:23:59.556  3026  3026 D SysBroadcastReceiver: EventId=1010001	ID_AUDIO_RECORD_START	TimeStamp =1781533439555	Intent =Intent { act=android.media.ACTION_AUDIO_RECORD_START flg=0x4000010 xflg=0x4 (has extras) }	Content =null	Pid =0	PkgName =null
06-15 22:23:59.557  1138 18077 D AudioBoost: audioAppKeyThreadReport() pid 1503, tid 4299, enable 1, inUid 1, eventIt -1, threadType 0, id 446
06-15 22:23:59.557  1138 18077 D AudioBoost: appThreadInfo update:start 4299, write -1, cbk 4246 read -1
06-15 22:23:59.557  1138 18077 D AudioBoost: audioAppKeyThreadReport(), restore boost for threadType 0, tid 4299
06-15 22:23:59.557  1138 18077 D AudioBoost: audioAppKeyThreadReport(), restore boost for threadType 2, tid 4246
06-15 22:23:59.557  1744  4327 V AudioServiceExtImpl: oplusGetParameters() keyValuePairs:OPLUS_AUDIO_GET_FOCUS_STACK, uid: 1000
06-15 22:23:59.557  1503  4299 I AudioRecord: start(869): return status 0
06-15 22:23:59.558  1744  3921 D AudioService.RecordingActivityMonitor: recorderEvent, event = 0
06-15 22:23:59.560  3026  5643 D SystemState: noteAudioInStart: pid = 3836, uid = 10369
06-15 22:23:59.560  3026  5643 I VideoCallScene: isInVideoCall, mIsVoiceCall = false, mIsActivityVoiceCall = false, mActivityVoiceCallUid = -1, mVoiceCallPkg = , mVoiceCallUid = -1, cameraUid = -1, mIsVideoPlay = false, mVideoPlayUid = 10299
06-15 22:23:59.560  3026  5643 I ConferenceScene: audioRecordStateChanged 3836 10369 true
06-15 22:23:59.560  1138  1574 D AudioBoost: startBoostForWake mId 446, p 1503, t 4299, wp 1503, wt 4299.
06-15 22:23:59.560  1138  1574 D AudioBoost: audioSchedBoost, pid=1503, tid=4299, enable=1, ret=0
06-15 22:23:59.561  3836  3994 D MediaRecorder: start- 0xb40000720198e940
06-15 22:23:59.561  1744  4332 V AudioServiceExtImpl: oplusGetParameters() keyValuePairs:OPLUS_AUDIO_GET_FOCUS_STACK, uid: 1000
06-15 22:23:59.565  3026  5572 D CommonApp-104-10369: transport layer data is invalid
06-15 22:23:59.565  3026  5572 D CommonApp-121-10369: transport layer data is invalid
06-15 22:23:59.565  3026  5572 D ScorePolicy: handleScoreChanged: []
06-15 22:23:59.565  3026  5572 D ScorePolicy: handleScoreChanged: []
06-15 22:23:59.565  3026  5572 D ScorePolicy: handleScoreChanged: []
06-15 22:23:59.565  9432 12197 I AudioEffect: command() 0xb4000072887d8500, cmdCode = 65536
06-15 22:23:59.566  1138  2145 D EffectHalHidl: audioSchedBoost, set audiohal task boost, pid=1138, tid=2145, ret=0
06-15 22:23:59.566  1138  2145 D EffectHalHidl: audioSchedBoost, set audiohal task boost, pid=1138, tid=2145, ret=0
06-15 22:23:59.567  1138  1574 D AudioBoost: startBoostForWake mId 446, p 1503, t 4246, wp 1503, wt 4246.
06-15 22:23:59.567  1138  1574 D AudioBoost: audioSchedBoost, pid=1503, tid=4246, enable=1, ret=0
06-15 22:23:59.568  1104  4733 E PerformanceService: [WAKER_IDENTIFY] pid message 4246;1;1 is writen to proc
06-15 22:23:59.568  1138  1574 D AudioBoost: audioWakeTracing setWakeSeedThread end, pid 1503, tid 4246, inUid 1, id 446, isWakee 1, -> handle = 2233.
06-15 22:23:59.574 24488 24565 W MTS_BaseSceneDetectorFactory: [m]illegal pkgName: com.loyea
06-15 22:23:59.574 24488 24565 W MTS_AppSceneDetector: [m]create detector fail
06-15 22:23:59.574 24488 24565 W MTS_AppSceneDetector: [m]detect record start when get detector is null, uid: 10369
06-15 22:23:59.574 19779 19779 D OVMS-i  : onRecordingConfigChanged() cnt: 1
06-15 22:23:59.576  1049  4799 D AudioALSADeviceConfigManager: ApplyDeviceTurnoffSequenceByName(), DeviceName = builtin_Mic_Vow_DualMic descriptor->DeviceStatusCounter = 1, Ctlsize=10
06-15 22:23:59.580  1049  4799 D OplusAudioALSAProfiledScreen: setVowEnable() setVowEnable = 0!
06-15 22:23:59.580  1049  4799 D AudioALSAVoiceWakeUpController: -setVoiceWakeUpEnable()
06-15 22:23:59.580  1049  4799 D AudioALSAHardware: -setParameters(): MTK_VOW_ENABLE=0
06-15 22:23:59.580  1049  4799 I sound_trigger_hw_default: disable_vow_hw(), start to call VOW_CHECK_STATUS
06-15 22:23:59.581  1049  4799 I sound_trigger_hw_default: stdev_stop_recognition done for handle 1
06-15 22:23:59.581  1049  4309 D AudioALSACaptureHandlerBase: getCaptureHandlerType(), mCaptureHandlerType = 2
06-15 22:23:59.581  1049  4309 D AudioALSACaptureHandlerNormal: +open(), input_device = 0x80000004, input_source = 0x1, sample_rate=44100, num_channels=1
06-15 22:23:59.581  1049  4309 D AudioDspStreamManager: getDspRawInHandlerEnable flag = 0 ret = 1
06-15 22:23:59.581  1049  4309 D AudioDspStreamManager: getDspInHandlerEnable flag = 0 ret = 1
06-15 22:23:59.581  1744  3613 D SoundTriggerHalConcurrentCaptureHandler: onCaptureStateChange, mCaptureState = true
06-15 22:23:59.581  1744  2330 I SoundTriggerHalEnforcer: [phraseRecognitionCallback] ModelStates.replace 
06-15 22:23:59.581  1744  2330 I SoundTriggerModule: [phraseRecognitionCallback] ModelState.LOADED 
06-15 22:23:59.582  1744  2330 I SoundTriggerMiddlewareLogging: RECOGNITION (1, PhraseRecognitionEventSys{phraseRecognitionEvent: PhraseRecognitionEvent{common: RecognitionEvent{status: 1, type: 0, captureAvailable: false, captureDelayMs: 0, capturePreambleMs: 0, triggerInData: false, audioConfig: null, data: [], recognitionStillActive: false}, phraseExtras: []}, halEventReceivedMillis: -1, token: android.os.Binder@a743bac}, 65)
06-15 22:23:59.583  1049  4309 D AudioALSACaptureDataClientAurisysNormal: AudioALSACaptureDataClientAurisysNormal(+)
06-15 22:23:59.583  1049  4309 D AudioALSACaptureDataProviderBase: configStreamAttribute(), audio_mode: 0 => 0, input_device: 0x80000004 => 0x80000004, flag: 0x0 => 0x0, input_source: 1->1, output_device: 0x1 => 0x1, sample_rate: 48000 => 44100, period_us: 0 => 0, DSP out sample_rate: 48000 => 44100
06-15 22:23:59.583  1049  4309 D AudioALSACaptureDataProviderBase: configStreamAttribute(), mInputScence: 0 => 0, mOutputScence: 0 => 0
06-15 22:23:59.583  1049  4309 D AudioALSACaptureDataProviderBase: attach(), 0xb40000742dba0800, mCaptureDataClientVector.size()=0, Identity=0xb4000074357fdd80, mCaptureDataProviderType = 18
06-15 22:23:59.583  1049  4309 W OplusMicSwap: SetSwapMicEnable: The machine does not support CamcorderSwapMic function
06-15 22:23:59.583  1049  4309 D OplusMicSwap: SetSwapMicEnable:  oplus_get_config = (null) isenable = 0
06-15 22:23:59.584 19779 19779 D OVMS-a  : onRecognition: recognitionEvent = com.oplus.wrapper.hardware.soundtrigger.SoundTrigger$RecognitionEvent@4ea1d15
06-15 22:23:59.584 19779 19779 D OVMS-WakeupService: onRecognition: wakeupversion: 220301
06-15 22:23:59.585  1049  4309 D AudioALSACaptureDataProviderDspRaw: open(+), audiomode=0, feature_id = 14
06-15 22:23:59.585  1049  4309 D AudioALSACaptureDataProviderDspRaw: btempDebug: 0
06-15 22:23:59.585  1049  4309 D AudioSpeechEnhanceInfo: GetHifiRecord, mHiFiRecordEnable=0
06-15 22:23:59.585  1049  4309 D AudioALSACaptureDataProviderBase: getInputSampleRate(), input_device: 0x80000004, output_device 0x1, hifi_record = 0, phone call open = 0
06-15 22:23:59.585  1049  4309 D AudioALSAHardwareResourceManager: paramPath = InputSource,MIC
06-15 22:23:59.585  1049  4309 D AudioALSACaptureDataProviderDspRaw: open(), HDR_RECORD on, device: -2147483644, channels: 4
06-15 22:23:59.585  1049  4309 D AudioALSADeviceConfigManager: ApplyDeviceTurnonSequenceByName() DeviceName = ADDA_TO_CAPTURE1_4CH descriptor->DeviceStatusCounte = 0, Ctlsize=8
06-15 22:23:59.585 19779 19779 D OVMS-WakeupService: processRecognitionEvent: abort status
06-15 22:23:59.586  1049  4309 D AudioALSAHardwareResourceManager: +startInputDevice_l(), new_device: 0x80000004, mInputDevice: 0x0, mStartInputDeviceCount: 0, mMicInverse: 0, InputChannel: 3, mBuiltInMicSpecificTyp: 0
06-15 22:23:59.586  1049  4309 W AudioALSAHardwareResourceManager: startInputDevice_l(), HDR record only support 2 mic!
06-15 22:23:59.586  1049  4309 D AudioALSAHardwareResourceManager: enableTurnOnSequence(), sequence: builtin_Mic_HDR_DualMic
06-15 22:23:59.586  1049  4309 D AudioALSADeviceConfigManager: ApplyDeviceTurnonSequenceByName() DeviceName = builtin_Mic_HDR_DualMic descriptor->DeviceStatusCounte = 0, Ctlsize=30
06-15 22:23:59.597  1049  4309 D AudioALSAHardwareResourceManager: -startInputDevice_l(), mInputDevice = 0x80000004, mStartInputDeviceCount = 1
06-15 22:23:59.597  1049  4309 D AudioALSADeviceParser: compare pcm success = 89, stringpair = DSP_Capture_Raw
06-15 22:23:59.599  1049  4309 D AudioALSACaptureDataProviderDspRaw: buffersizemax 196608, mConfig format: 3, channels: 4, rate: 48000, period_size: 960, period_count: 4, latency: 20,  mStreamAttributeSource.buffer_size: 61440
06-15 22:23:59.599  1049  4309 D audio_messenger_ipi: audio_ipi_dma_cbk_register(), task 17, sz 8192/61440, cbk 0x742a2ad0f0, arg 0xb40000742dba0800
06-15 22:23:59.600  1049  4309 D AudioMTKGainController: +SetCaptureGain(), mode=0, source=1, input device=0x80000004, output device=0x1
06-15 22:23:59.600  1049  4309 D AudioSpeechEnhanceInfo: IsAPDMNRTuningEnable(), 0
06-15 22:23:59.603  1049  4309 D AudioALSACaptureDataProviderBase: dsp_taskdump_property = 0
06-15 22:23:59.603  1049  4309 D audio_messenger_ipi: hal send, task: 17, msg_id: 0x100, ack_type: 0, p1: 0x0, p2: 0x0
06-15 22:23:59.604  1049  4309 D AudioALSADeviceParser: compare pcm success = 89, stringpair = DSP_Capture_Raw
06-15 22:23:59.606  1049  4309 D AudioALSACaptureDataProviderDspRaw: openApHwPcm(), mPcm = 0xb4000074356998c0
06-15 22:23:59.607  1049  4309 D AudioDspStreamManager: addCaptureDataProvider() CaptureDataProvider = 12970367425810401280 0xb40000742dba0800
06-15 22:23:59.607  1049  4309 D AudioALSADeviceParser: compare pcm success = 12, stringpair = Capture_1
06-15 22:23:59.607  1049  4309 D AudioDspStreamManager: setDspRuntimeEn(), task_scene = 10, condition = 1
06-15 22:23:59.612  1049  4309 D AudioDspStreamManager: capture mCaptureDspConfig format: 3, channels: 4, rate: 48000, period_size: 960, period_count: 4
06-15 22:23:59.622  9432 12197 I AudioEffect: command() 0xb4000072887d8500, cmdCode = 65536
06-15 22:23:59.623  1138 18077 D EffectHalHidl: audioSchedBoost, set audiohal task boost, pid=1138, tid=18077, ret=0
06-15 22:23:59.624  1138 18077 D EffectHalHidl: audioSchedBoost, set audiohal task boost, pid=1138, tid=18077, ret=0
06-15 22:23:59.656  1168  1168 I BufferQueueProducer: [com.loyea/com.loyea.MainActivity#8668](this:0xb400007d2bbd5af8,id:-1,api:0,p:-1,c:1168) queueBuffer: fps=32.42 dur=1171.99 max=445.37 min=15.44
06-15 22:23:59.657  1067  1523 I OriginChannel: pwm_rgb: lux:21, time_delta:0.000000, pwm_turbo:100, bri:0, r:1134, g:1560, b:1406, c:755, elgo:3546, end:3, ts-5476376622896513024
06-15 22:23:59.675  9432 12197 I AudioEffect: command() 0xb4000072887d8500, cmdCode = 65536
06-15 22:23:59.676  1138 18077 D EffectHalHidl: audioSchedBoost, set audiohal task boost, pid=1138, tid=18077, ret=0
06-15 22:23:59.676  1138 18077 D EffectHalHidl: audioSchedBoost, set audiohal task boost, pid=1138, tid=18077, ret=0
06-15 22:23:59.681  2721  2721 I SystemUi--Statusbar: CollapsedStatusBarFragmentExImpl-->setForceStatusBarVisible:true callers:com.android.systemui.statusbar.window.StatusBarWindowControllerImpl.setForceStatusBarVisible:11 com.android.systemui.statusbar.events.SystemStatusAnimationSchedulerImpl.access$runChipAppearAnimation:22 com.android.systemui.statusbar.events.SystemStatusAnimationSchedulerImpl$startAnimationLifecycle$1.invokeSuspend:29 kotlin.coroutines.jvm.internal.BaseContinuationImpl.resumeWith:11 
06-15 22:23:59.681  2721  2721 I SystemUi--Statusbar: StatusBarWindowController-->applyForceStatusBarVisibleFlag show status bar:mForceStatusBarVisible:true mIsLaunchAnimationRunning:false mOngoingProcessRequiresStatusBarVisible:false
06-15 22:23:59.693  2721  2721 D OplusPrivacyDotViewController: setChipAnimation: false true
06-15 22:23:59.693  2721  2721 D OplusPrivacyDotViewController: scheduleUpdate: 
06-15 22:23:59.694  2721  2954 D OplusPrivacyDotViewController: processNextViewState: 
06-15 22:23:59.694  2721  2954 D OplusPrivacyDotViewController: resolveState ViewState(systemPrivacyEventIsActive=false, shadeExpanded=false, needShow=true, rtl=false, rotation=0, height=0, x=34, y=67, cornerIndex=1, designatedCorner=android.widget.FrameLayout{876dfc7 G.E...... ......I. 0,0-14,14 #7f0a0606 app:id/icons_container alpha=0.0 viewInfo = }, contentDescription=null, chipAnimationStart=true, preDraw=false) shouldShowDot false
06-15 22:23:59.694  2721  2954 W SystemUi--Common: OplusSysUiSchedMgr-->schedForPrivacyIconShowing not showing, no need release
06-15 22:23:59.699  1744  3613 V WindowManager: Relayout Window{93d9963 u0 StatusBar}: viewVisibility=0, oldvis=0, req=1240x139 , apr = 0, vsysui=, x=0, y=0
06-15 22:23:59.700  2721  2721 I SurfaceControl:  setExtendedRangeBrightness sc=Surface(name=StatusBar)/@0x86e4267,currentBufferRatio=1.0,desiredRatio=1.0
06-15 22:23:59.703  1744  3613 D WindowManager: setFrameRateStart invalid typeId return!
06-15 22:23:59.706  1168  1168 I BufferQueueProducer: [StatusBar#91](this:0xb400007d383d9af8,id:-1,api:0,p:-1,c:1168) queueBuffer: fps=0.31 dur=3201.67 max=3201.67 min=3201.67
06-15 22:23:59.712  1049  4309 D audio_messenger_ipi: hal send, task: 17, msg_id: 0x1f, ack_type: 1, p1: 0xa, p2: 0x0
06-15 22:23:59.713  1049  4309 D audio_messenger_ipi: hal send, task: 17, msg_id: 0x11, ack_type: 1, p1: 0x20, p2: 0x0
06-15 22:23:59.713  1049  4309 D AudioALSAPlaybackHandlerKTVThread: openKTV2(), ktvapppid = 10369, ktvfgpid = 0,input_device:80000004,voip:0, reverbStatus:0
06-15 22:23:59.713  1049  4309 D AudioALSAPlaybackHandlerKTVThread: +setinputActive(), pre_active_num = 0, start_input = 2147483652
06-15 22:23:59.713  1049  4309 D OplusAudioALSACaptureDataProviderBase: calculateMuteSize muteTime = 120, mMuteSize = 92160
06-15 22:23:59.713  1049  4309 D OplusAudioALSACaptureDataProviderBase: calculateFadeInSize fadeInTime = 60, mFadeInSize = 46080 mStep = 0.000087, audio_format(0x4)
06-15 22:23:59.713  1049  4309 D AudioALSACaptureDataProviderDspRaw: open(-)
06-15 22:23:59.713  1049  4309 D AudioALSACaptureDataClientAurisysNormal: mLatency 20, mRawDataPeriodBufSize 15360, mProcessedDataPeriodBufSize 1764, mEchoRefDataPeriodBufSize 0, stream_attribute_target->audio_format = 1 mStreamAttributeSource->audio_format = 4
06-15 22:23:59.713  1049  4309 D AudioMTKGainController: +SetCaptureGain(), mode=0, source=1, input device=0x80000004, output device=0x1
06-15 22:23:59.713  1049  4309 D AudioSpeechEnhanceInfo: IsAPDMNRTuningEnable(), 0
06-15 22:23:59.713  1049  4336 D AudioALSACaptureDataProviderDspRaw: +readThread(), pid: 1049, tid: 4336, kReadBufferSize=0x3c00, kReadBufferSizeNormal=0x3c00, open_index=21, UPLINK_SET_AMICDCC_BUFFER_TIME_MS = 80, counter=1 
06-15 22:23:59.713  1049  4336 D AudioALSACaptureDataProviderBase: pcm_start
06-15 22:23:59.713  1049  4336 D OplusAudioALSAThreadSched: setAudioHalRecordThreadToUx(), this project can't add audio hal record to ux!
06-15 22:23:59.718  1049  4309 D AudioALSACaptureDataClientAurisysNormal: CreateAurisysLibManager(), voip: 0, HDR record: 1,low_latency: 0, aec: 0, input_source: 1, flag: 0x0 => mAurisysScenario: 10
06-15 22:23:59.718  1049  4309 D AudioALSAHardware: UpdateSceneToAurisys(), mInputScence = 0, mMultiRecordScene = 0
06-15 22:23:59.718  1049  4309 D aurisys_utility: input dev: 0x80000004, fmt = 0x4, fs: 48000, max fs: 48000, ch: 4, max ch: 2, ch maks: 0x2c, hw_info_mask: 0x0; output dev: 0x1, fmt = 0x0, fs: 0, max fs: 48000, ch: 0, max ch: 2, ch maks: 0x0, hw_info_mask: 0x0; task_scene: 3, audio_mode: 0, stream_type: 0, output_flags: 0x0, input_source: 1, input_flags: 0x0; network_info: 0, enhancement_feature_mask: 0x0
06-15 22:23:59.718  1049  4309 D AudioUtility: setupCustomInfoStr(), custom_info = "SetAudioCustomScene=;MTK_REC_AINR=false;", (scene = , vol_level = -1, bt_codec = -1)
06-15 22:23:59.718  1049  4309 D aurisys_utility: lib, working fs: 48000, fmt: 0x4, frame = 10, b_interleave = 0, num_ul_ref_buf_array = 0, num_dl_ref_buf_array = 0
06-15 22:23:59.718  1049  4309 D aurisys_utility: ul in[type:0], ch: 4, ch_mask: 0x3c, buf fs: 48000, buf content fs: 48000, fmt: 0x4; ul out[type:1], ch: 2, ch_mask: 0xc, buf fs: 48000, buf content fs: 48000, fmt: 0x4
06-15 22:23:59.718  1049  4309 D aurisys_utility: lib, working fs: 48000, fmt: 0x4, frame = 0, b_interleave = 1, num_ul_ref_buf_array = 0, num_dl_ref_buf_array = 0
06-15 22:23:59.718  1049  4309 D aurisys_utility: ul in[type:0], ch: 2, ch_mask: 0xc, buf fs: 48000, buf content fs: 48000, fmt: 0x4; ul out[type:1], ch: 2, ch_mask: 0xc, buf fs: 48000, buf content fs: 48000, fmt: 0x4
06-15 22:23:59.723  1744  2015 D PowerManagerService: userActivityNoUpdateLocked: groupId=0, eventTime=37394143, event=touch, flags=0x0, uid=1000
06-15 22:23:59.724  1744  2015 D PowerManagerService: userActivityNoUpdateLocked: groupId=0, eventTime=37394143, event=touch, flags=0x0, uid=1000
06-15 22:23:59.724  1049  4309 D aurisys_lib_handler: aurisys_arsi_parsing_param_file(), gProductInfo "platform=MT6985,device=OP528F,model=PGFM10", file_path "/odm/etc/audio/hdr_params", enhancement_mode 0, param_buf_size 916, data_size 916, custom_info SetAudioCustomScene=;MTK_REC_AINR=false;
06-15 22:23:59.725  1049  4309 D aurisys_lib_handler: aurisys_arsi_parsing_param_file(), gProductInfo "platform=MT6985,device=OP528F,model=PGFM10", file_path "/odm/etc/audio/lvacfs_params", enhancement_mode 0, param_buf_size 128, data_size 128, custom_info SetAudioCustomScene=;MTK_REC_AINR=false;
06-15 22:23:59.726  1049  4309 D aurisys_lib_handler: aurisys_arsi_create_handler(), lib_name oplus_oprec, 0xb40000743563c800, memory_size 24720, arsi_handler 0xb40000740e423640, retval 0x0
06-15 22:23:59.726  9432 12197 I AudioEffect: command() 0xb4000072887d8500, cmdCode = 65536
06-15 22:23:59.726  1049  4309 D aurisys_lib_handler: aurisys_arsi_create_handler(), arsi_query_process_unit_bytes, ul 7680, dl 0, retval 0
06-15 22:23:59.726  1138 18077 D EffectHalHidl: audioSchedBoost, set audiohal task boost, pid=1138, tid=18077, ret=0
06-15 22:23:59.727  1138 18077 D EffectHalHidl: audioSchedBoost, set audiohal task boost, pid=1138, tid=18077, ret=0
06-15 22:23:59.727  1049  4309 D goodix_lvacfs: [INFO] lvacfs_SetParamsFilePath  entry
06-15 22:23:59.727  1049  4309 D goodix_lvacfs: [INFO] lvacfs_SetParamsFilePath  set user path [/odm/etc/audio/lvacfs_params]
06-15 22:23:59.727  1049  4309 D goodix_lvacfs: [INFO] lvacfs_wrapper_CreateLibraryInstance: Entry ProfileID=1  SampleRate=48000  Format=3  InChannel=2  OutChannel=2
06-15 22:23:59.731  1049  4309 D goodix_lvacfs: [INFO] Version information:
06-15 22:23:59.731  1049  4309 D goodix_lvacfs: Wrapper Version: WRAP_(01)(08)(00)
06-15 22:23:59.731  1049  4309 D goodix_lvacfs: Library Version: LVAC_(12)(0)(1)(20)
06-15 22:23:59.731  1049  4309 D goodix_lvacfs: 
06-15 22:23:59.731  1049  4309 D goodix_lvacfs: [INFO] lvacfs_getLvacfsFormat:  Format=3  ret=2
06-15 22:23:59.731  1049  4309 D goodix_lvacfs: [INFO] lvacfs_getLvacfsSampleRate:  SampleRate=48000  ret=6
06-15 22:23:59.731  1049  4309 D goodix_lvacfs: [INFO] lvacfs_wrapper_CreateLibraryInstance  Parameters File Path=[/odm/etc/audio/lvacfs_params/2mic/]
06-15 22:23:59.731  1049  4309 D goodix_lvacfs: [INFO] lvacfs_wrapper_CreateLibraryInstance  TraceLevel=[0]
06-15 22:23:59.734  1049  4336 D AudioALSACaptureDataClientAurisysNormal: copyCaptureDataToClient(), mProcessThreadLaunched == false. return
06-15 22:23:59.740  9811  9811 W VRI[OplusOSEdgeFloatBar]: handleResized abandoned!
06-15 22:23:59.743  1049  4309 D goodix_lvacfs: [INFO] lvacfs_wrapper_CreateLibraryInstance:Default AF parameters [EffectLevel:0  VoiceEffectLevel:0  AudioFocusAngle:0  AudioFocusWidth:60  Gain:0]
06-15 22:23:59.743  1049  4309 D goodix_lvacfs: [INFO] lvacfs_wrapper_CreateLibraryInstance:  exit  Core Library Instance=0xb4000074357fe380  LVACFS_Handle=0xb400007435613260
06-15 22:23:59.743  1049  4309 D aurisys_lib_handler: aurisys_arsi_create_handler(), lib_name goodix_lvacfs, 0xb40000743563cc00, memory_size 840, arsi_handler 0xb4000074356f7e00, retval 0x0
06-15 22:23:59.743  1049  4309 D aurisys_lib_handler: aurisys_arsi_create_handler(), arsi_query_process_unit_bytes, ul 6144, dl 6144, retval 0
06-15 22:23:59.743  1049  4309 D aurisys_lib_manager: UL Lib, lib_name oplus_oprec, 0xb40000743563c800, sample_rate: 48000 => 48000, num_channels: 4 => 4, audio_format: 0x4 => 0x4, interleave: 1 => 0, frame: 0 => 10
06-15 22:23:59.743  1049  4309 D aurisys_lib_manager: UL Lib, lib_name goodix_lvacfs, 0xb40000743563cc00, sample_rate: 48000 => 48000, num_channels: 2 => 2, audio_format: 0x4 => 0x4, interleave: 0 => 1, frame: 10 => 0
06-15 22:23:59.743  1049  4309 D aurisys_lib_manager: UL out, sample_rate: 48000 => 44100, num_channels: 2 => 1, audio_format: 0x4 => 0x1, interleave: 1 => 1, frame: 0 => 0
06-15 22:23:59.745  2721  2721 W VRI[StatusBar]: handleResized abandoned!
06-15 22:23:59.745  2721  2721 W VRI[NavigationBar_displayId_0]: handleResized abandoned!
06-15 22:23:59.746  1049  4309 D MtkAudioChannelConvertInC: InitMtkAudioChannelConverterInC
06-15 22:23:59.746  1049  4309 E aurisys_lib_manager: aurisys_set_ul_digital_gain(), gain_hanlder NULL! return
06-15 22:23:59.746  1049  4309 D AudioALSACaptureDataClientAurisysNormal: AudioALSACaptureDataClientAurisysNormal(-), mDropMs = 60, mDropPopSize = 5292
06-15 22:23:59.746  1049  4309 D AudioALSACaptureHandlerNormal: -open()
06-15 22:23:59.746  1049  4309 D AudioALSAStreamIn: open(), Set RawStartFrameCount = 0
06-15 22:23:59.746  1049  4309 D AudioALSAStreamIn: openWavDump(), mDumpFile is NULL
06-15 22:23:59.751  3836  3836 W VRI[MainActivity]: handleResized abandoned!
06-15 22:23:59.778  9432 12197 I AudioEffect: command() 0xb4000072887d8500, cmdCode = 65536
06-15 22:23:59.778  1138 18077 D EffectHalHidl: audioSchedBoost, set audiohal task boost, pid=1138, tid=18077, ret=0
06-15 22:23:59.779  1138 18077 D EffectHalHidl: audioSchedBoost, set audiohal task boost, pid=1138, tid=18077, ret=0
06-15 22:23:59.829  9432 12197 I AudioEffect: command() 0xb4000072887d8500, cmdCode = 65536
06-15 22:23:59.830  1138 18077 D EffectHalHidl: audioSchedBoost, set audiohal task boost, pid=1138, tid=18077, ret=0
06-15 22:23:59.831  1138 18077 D EffectHalHidl: audioSchedBoost, set audiohal task boost, pid=1138, tid=18077, ret=0
06-15 22:23:59.834  1065  1141 D C2MtkComponentStore: setDmaBufUsage: usage 5, flags 0, heapName mtk_mm for decoder.
06-15 22:23:59.859  1067  1523 I OriginChannel: pwm_rgb: lux:20, time_delta:0.000000, pwm_turbo:100, bri:0, r:1134, g:1532, b:1398, c:751, elgo:3512, end:3, ts-5476376622896513024
06-15 22:23:59.881  9432 12197 I AudioEffect: command() 0xb4000072887d8500, cmdCode = 65536
06-15 22:23:59.882  1138 18077 D EffectHalHidl: audioSchedBoost, set audiohal task boost, pid=1138, tid=18077, ret=0
06-15 22:23:59.883  1138 18077 D EffectHalHidl: audioSchedBoost, set audiohal task boost, pid=1138, tid=18077, ret=0
06-15 22:23:59.899  1744  2015 D PowerManagerService: userActivityNoUpdateLocked: groupId=0, eventTime=37394320, event=touch, flags=0x0, uid=1000
06-15 22:23:59.899  1744  2015 D PowerManagerService: userActivityNoUpdateLocked: groupId=0, eventTime=37394320, event=touch, flags=0x0, uid=1000
06-15 22:23:59.924  4089  4113 W System  : A resource failed to call ContentProviderClient.close. 
06-15 22:23:59.934  9432 12197 I AudioEffect: command() 0xb4000072887d8500, cmdCode = 65536
06-15 22:23:59.935  1138 18077 D EffectHalHidl: audioSchedBoost, set audiohal task boost, pid=1138, tid=18077, ret=0
06-15 22:23:59.936  1138 18077 D EffectHalHidl: audioSchedBoost, set audiohal task boost, pid=1138, tid=18077, ret=0
06-15 22:23:59.938  1119  1119 D vendor.oplus.hardware.charger-V10-service: getChargerControl:sub_current=100
06-15 22:23:59.938  1119  1119 D vendor.oplus.hardware.charger-V10-service: sub_voltage=3800
06-15 22:23:59.938  1119  1119 D vendor.oplus.hardware.charger-V10-service: sub_soc=-1
06-15 22:23:59.938  1119  1119 D vendor.oplus.hardware.charger-V10-service: sub_temperature=250
06-15 22:23:59.938  1119  1119 D vendor.oplus.hardware.charger-V10-service: main_soc=49
06-15 22:23:59.943  1744  2197 V AlarmManager: sending alarm Alarm{cfb0160 type 1 origWhen 1781533439943 whenElapsed 59027741 android} uid 1000 whenElapsed 59027741 windowLength 0 maxWhenElapsed 59027741 repeatInterval 0 action null component null tag StorgaeBandInfoAlarmTag flags 0x9 procName system_server
06-15 22:23:59.946  1744  6239 E OplusStorageUFSBandwidth: storage_io_metrics_path is /proc/oplus_storage/io_metrics/forever/
06-15 22:23:59.947  1744  6239 E OplusStorageUFSBandwidth: Bandwidth - Read: 5.99 MB/s, Write: 0.00 MB/s
06-15 22:23:59.947  1744  6239 E OplusStorageUFSBandwidth: Task time: 1ms
06-15 22:23:59.950  1744  6239 E OplusStorageUFSBandwidth: Alarm set to trigger in 10 seconds
06-15 22:23:59.988  9432 12197 I AudioEffect: command() 0xb4000072887d8500, cmdCode = 65536
06-15 22:23:59.988  1138 18077 D EffectHalHidl: audioSchedBoost, set audiohal task boost, pid=1138, tid=18077, ret=0
06-15 22:23:59.989  1138 18077 D EffectHalHidl: audioSchedBoost, set audiohal task boost, pid=1138, tid=18077, ret=0
06-15 22:23:59.993  4089  4138 I JPEG_JNI: EnterExeTask  controller.background_task_controller process {"client":"infer"}
06-15 22:24:00.000  4089  4138 I JPEG_JNI: LeaveExeTask  module controller.background_task_controller 
06-15 22:24:00.000  4089  4138 I JPEG_JNI:  func process  
06-15 22:24:00.000  4089  4138 I JPEG_JNI:  input {"client":"infer"} 
06-15 22:24:00.000  4089  4138 I JPEG_JNI:  ret {}
06-15 22:24:00.000  1744  2197 V AlarmManager: sending alarm Alarm{46366de type 3 origWhen 59027798 whenElapsed 59027798 android} uid 1000 whenElapsed 59027798 windowLength 0 maxWhenElapsed 59027798 repeatInterval 0 action null component null tag TIME_TICK flags 0x9 procName system_server
06-15 22:24:00.003  2721  2721 I SystemUi--SystemUi--: Clock-->smallTime: 10:24
06-15 22:24:00.004  2721  2721 I SystemUi--SystemUi--: Clock-->smallTime: 10:24
06-15 22:24:00.004  2721  2721 I SystemUi--SystemUi--: Clock-->smallTime: 10:24
06-15 22:24:00.012  3026  3026 D SubsysBroadcastManager: onReceive action:android.intent.action.TIME_TICK
06-15 22:24:00.012  1744  2019 D OplusDisplayBrightnessBroadcastReceiver: onReceive action = android.intent.action.TIME_TICK , listeners = [com.android.server.display.feature.ambience.events.event.TimeEvent$TimeChangeReceiver@baccda0]
06-15 22:24:00.014  2953  3642 D AMC     : [TriggerSystem] handleLoopTick trigger:vowifihandover phoneId:0 voWifiHandoverCount:0
06-15 22:24:00.014  2953  3642 D AMC     : [TriggerSystem] handleLoopTick trigger:vowifihandover phoneId:1 voWifiHandoverCount:0
06-15 22:24:00.014  2721  2721 I SystemUi--Statusbar: QsClock-->textWidth:102.0, mPaddingEnd 21, dynamicWidth 44, systemFontScale 1.0
06-15 22:24:00.016  3337 18757 D PhoneUsageTime: lastChargeFullTime=1781533380027 LastChargeFullDurationTime=28941898
06-15 22:24:00.041  9432 12197 I AudioEffect: command() 0xb4000072887d8500, cmdCode = 65536
06-15 22:24:00.041  1138 18077 D EffectHalHidl: audioSchedBoost, set audiohal task boost, pid=1138, tid=18077, ret=0
06-15 22:24:00.041  1138 18077 D EffectHalHidl: audioSchedBoost, set audiohal task boost, pid=1138, tid=18077, ret=0
06-15 22:24:00.053  1067  1523 I OriginChannel: pwm_rgb: lux:20, time_delta:0.000000, pwm_turbo:100, bri:0, r:1134, g:1463, b:1348, c:723, elgo:3373, end:3, ts-5476376622896513024
06-15 22:24:00.055  9912  9912 V DeepThinker: BroadcastReceiverWrapper: onReceive, start dispatch android.media.ACTION_AUDIO_RECORD_START
06-15 22:24:00.055  9912  9912 V DeepThinker: BroadcastReceiverWrapper: onReceive, finish dispatch android.media.ACTION_AUDIO_RECORD_START  category : null  Time consuming : 0 ms
06-15 22:24:00.056 19779 19779 I OVMS-OVMS_AudioRecordingReceiver: onReceive(): recording start, pid = 3836
06-15 22:24:00.056 19779 19779 I OVMS-v  : onReceive(): recording start, pid = 3836 com.loyea
06-15 22:24:00.061  3026  5643 I VoiceCallScene: isInVoiceCall, mIsVoiceCall = false, mIsActivityVoiceCall = false, mIsVideoCallScene = false,isLiveScene = false
06-15 22:24:00.062 19779  6228 W OVMS-v  : SceneSwitch simultaneous state: false
06-15 22:24:00.068  1744  2015 D PowerManagerService: userActivityNoUpdateLocked: groupId=0, eventTime=37394489, event=touch, flags=0x0, uid=1000
06-15 22:24:00.070  1744  2015 D PowerManagerService: userActivityNoUpdateLocked: groupId=0, eventTime=37394489, event=touch, flags=0x0, uid=1000
06-15 22:24:00.093  9432 12197 I AudioEffect: command() 0xb4000072887d8500, cmdCode = 65536
06-15 22:24:00.094  1138 18077 D EffectHalHidl: audioSchedBoost, set audiohal task boost, pid=1138, tid=18077, ret=0
06-15 22:24:00.094  1138 18077 D EffectHalHidl: audioSchedBoost, set audiohal task boost, pid=1138, tid=18077, ret=0
06-15 22:24:00.145  9432 12197 I AudioEffect: command() 0xb4000072887d8500, cmdCode = 65536
06-15 22:24:00.145  1138 18077 D EffectHalHidl: audioSchedBoost, set audiohal task boost, pid=1138, tid=18077, ret=0
06-15 22:24:00.146  1138 18077 D EffectHalHidl: audioSchedBoost, set audiohal task boost, pid=1138, tid=18077, ret=0
06-15 22:24:00.198  9432 12197 I AudioEffect: command() 0xb4000072887d8500, cmdCode = 65536
06-15 22:24:00.199  1138 18077 D EffectHalHidl: audioSchedBoost, set audiohal task boost, pid=1138, tid=18077, ret=0
06-15 22:24:00.199  1138 18077 D EffectHalHidl: audioSchedBoost, set audiohal task boost, pid=1138, tid=18077, ret=0
06-15 22:24:00.202  1423  1471 D MipcProxy: handleMessage msg is 2420, instance 1
06-15 22:24:00.202  1423  1471 D MipcProxy: handleQosPeriodReportInd for instance 1
06-15 22:24:00.203  3026  4357 D SubsysRadioIndication[1]: radioQosPeriodReportInd result [18, 0, 26, 0, 34, 6, 16, 4, 24, 1, 32, 1, 58, 31, 24, -128, -39, 38, 32, -105, 3, 40, -81, -1, -1, -1, -1, -1, -1, -1, -1, 1, 48, -10, -1, -1, -1, -1, -1, -1, -1, -1, 1, 56, 20, 66, 20, 16, 5, 34, 16, 8, -128, -39, 38, 16, -105, 3, 24, 78, 40, -123, -94, -46, -27, -96, 1, 90, 0, 98, 2, 16, 3, 106, 0, 122, 5, 24, 120, 32, -2, 8]
06-15 22:24:00.204  3026  3026 D NetworkService[1]: handleMessage what:1005
06-15 22:24:00.204  3026  3026 D RadioAtomTracker: parseQosPeriodData ModemQos:CellularQosInfo2{5G, 633984/407, EndcState=0, Band=78, DLBW=0, Rsrp=-81, Rsrq=-10, Snr=20, SvcStatus=3, ULPDCPNumDataPdu=0, ULPDCPNumDropPdu=0, ULPDCPTput=0, ULRLCNumDataPdu=0, ULRLCNumRetxPdu=0, ULGrant=0, ULBSR=0, ULBler=0, DLPDCPNumDataPdu=0, DLPDCPTput=0, DLRLCNumDataPdu=0, DLRLCNumRetxPdu=0, DLRLCNumDropPdu=0, DLMACPaddingBytes=0, DLPdcpNumMissToUppPdu=0, DLBler=0, RlfCount=0, CellChangeCount=0, IsRedirectionOccur=0, IsDualSimConflict=0, Latency=0, Sub1RrcState=1, Sub2RrcState=1, RachCount=0, CalcPower=0, Mtpl=120, PathLoss=1150, CellLoad=0}
06-15 22:24:00.205  3026  3026 D NetworkService[1]: EVENT_REG_QOS_PERIOD_REPORT_IND_CHANGED ENTER
06-15 22:24:00.205  3026  3026 D AtomModemKpiInfo: handleMessage what:1001
06-15 22:24:00.205  3026  3026 D AtomModemKpiInfo: analyseQosInfo success
