06-15 22:24:02.320  9701  9734 W AudioSystem: ioConfigChanged() closing unknown input 254
06-15 22:24:02.320  1138  2145 D NativePermissionController: checkPermission: missing 13 for 10092
06-15 22:24:02.320  9902 20395 W AudioSystem: ioConfigChanged() closing unknown input 254
06-15 22:24:02.320  9432  4284 W AudioSystem: ioConfigChanged() closing unknown input 254
06-15 22:24:02.320 10487 18034 W AudioSystem: ioConfigChanged() closing unknown input 254
06-15 22:24:02.320  1138  2771 E audio_pcm_dump: check_pcm_path : create path /data/persist_log fail 17
06-15 22:24:02.320  1138  2771 E audio_pcm_dump: check_pcm_path failed.
06-15 22:24:02.320  1138  2771 E audio_pcm_dump: check_pcm_path : create path /data/persist_log fail 17
06-15 22:24:02.320  1138  2771 E audio_pcm_dump: check_pcm_path failed.
06-15 22:24:02.320  1744  3935 I IPCThreadState: oneway function results for code 10007 on binder at 0xb400007139447f00 will be dropped but finished with status UNKNOWN_TRANSACTION
06-15 22:24:02.320  9578 32014 W OPLUS_LOG_LOAD: ==LOGS PROG INFO, prog(com.coloros.assistantscreen) ==
06-15 22:24:02.320  9578 32014 W AudioSystem: ioConfigChanged() closing unknown input 254
06-15 22:24:02.321  1138  5212 D NativePermissionController: checkPermission: missing 13 for 10092
06-15 22:24:02.321  4007  4078 W AudioSystem: ioConfigChanged() closing unknown input 254
06-15 22:24:02.321  2721  5346 W AudioSystem: ioConfigChanged() closing unknown input 254
06-15 22:24:02.321 19779 19779 D OVMS-a  : onResourcesAvailable
06-15 22:24:02.321 19779 19779 D OVMS-WakeupService: onResourcesAvailable
06-15 22:24:02.321 19779 19779 I OVMS-l  : removeRestartRecognitionTask
06-15 22:24:02.321 19779 19779 I OVMS-l  : postRestartRecognitionTask: onResourcesAvailable delay: 1000
06-15 22:24:02.322  3026  4357 W AudioSystem: ioConfigChanged() closing unknown input 254
06-15 22:24:02.322  1138  2145 D NativePermissionController: checkPermission: missing 13 for 10092
06-15 22:24:02.322  1138  2145 D NativePermissionController: checkPermission: missing 13 for 10092
06-15 22:24:02.322  9382 31352 W AudioSystem: ioConfigChanged() closing unknown input 254
06-15 22:24:02.322  1744  4350 V AudioServiceExtImpl: oplusGetParameters() keyValuePairs:OPLUS_AUDIO_GET_FOCUS_STACK, uid: 1000
06-15 22:24:02.322  3836  3994 D MediaRecorder: release- 0xb40000720198e940
06-15 22:24:02.322  3836  3994 D MediaRecorder: destructor+ 0xb40000720198e940
06-15 22:24:02.322  3836  3994 D MediaRecorder: destructor- 0xb40000720198e940
06-15 22:24:02.323  1744  4351 V AudioServiceExtImpl: oplusGetParameters() keyValuePairs:OPLUS_AUDIO_GET_FOCUS_STACK, uid: 1000
06-15 22:24:02.323  1138  2145 D NativePermissionController: checkPermission: missing 13 for 10092
06-15 22:24:02.323  1744  4352 V AudioServiceExtImpl: oplusGetParameters() keyValuePairs:OPLUS_AUDIO_GET_FOCUS_STACK, uid: 1000
06-15 22:24:02.323  1138  5212 D NativePermissionController: checkPermission: missing 13 for 10092
06-15 22:24:02.324  1744  4353 V AudioServiceExtImpl: oplusGetParameters() keyValuePairs:OPLUS_AUDIO_GET_FOCUS_STACK, uid: 1000
06-15 22:24:02.324  1744  4354 V AudioServiceExtImpl: oplusGetParameters() keyValuePairs:OPLUS_AUDIO_GET_FOCUS_STACK, uid: 1000
06-15 22:24:02.325  1744  4360 V AudioServiceExtImpl: oplusGetParameters() keyValuePairs:OPLUS_AUDIO_GET_FOCUS_STACK, uid: 1000
06-15 22:24:02.325  1744  4363 V AudioServiceExtImpl: oplusGetParameters() keyValuePairs:OPLUS_AUDIO_GET_FOCUS_STACK, uid: 1000
06-15 22:24:02.326  1744  4365 V AudioServiceExtImpl: oplusGetParameters() keyValuePairs:OPLUS_AUDIO_GET_FOCUS_STACK, uid: 1000
06-15 22:24:02.326  1744  4366 V AudioServiceExtImpl: oplusGetParameters() keyValuePairs:OPLUS_AUDIO_GET_FOCUS_STACK, uid: 1000
06-15 22:24:02.327  1744  4367 V AudioServiceExtImpl: oplusGetParameters() keyValuePairs:OPLUS_AUDIO_GET_FOCUS_STACK, uid: 1000
06-15 22:24:02.328  1744  4368 V AudioServiceExtImpl: oplusGetParameters() keyValuePairs:OPLUS_AUDIO_GET_FOCUS_STACK, uid: 1000
06-15 22:24:02.330  1744  4369 V AudioServiceExtImpl: oplusGetParameters() keyValuePairs:OPLUS_AUDIO_GET_FOCUS_STACK, uid: 1000
06-15 22:24:02.330  1744  4370 V AudioServiceExtImpl: oplusGetParameters() keyValuePairs:OPLUS_AUDIO_GET_FOCUS_STACK, uid: 1000
06-15 22:24:02.331  1744  4371 V AudioServiceExtImpl: oplusGetParameters() keyValuePairs:OPLUS_AUDIO_GET_FOCUS_STACK, uid: 1000
06-15 22:24:02.331  1744  4375 V AudioServiceExtImpl: oplusGetParameters() keyValuePairs:OPLUS_AUDIO_GET_FOCUS_STACK, uid: 1000
06-15 22:24:02.356  9432 12197 I AudioEffect: command() 0xb4000072887d8500, cmdCode = 65536
06-15 22:24:02.357  1138  5212 D EffectHalHidl: audioSchedBoost, set audiohal task boost, pid=1138, tid=5212, ret=0
06-15 22:24:02.358  1138  5212 D EffectHalHidl: audioSchedBoost, set audiohal task boost, pid=1138, tid=5212, ret=0
06-15 22:24:02.370  1744  3095 I OplusHansManager : uid=10054, pkg=io.wallpaperengine.weclient cannot transition from R to M, importance=floatWindow
06-15 22:24:02.371  1744  3095 I OplusHansManager : uid=10301, pkg=com.baidu.input cannot transition from R to M, importance=input
06-15 22:24:02.394  3836  3994 D LlmClient: ASR request to https://api.xiaomimimo.com/v1/chat/completions (isMiMo=true): size=31241 bytes, format=m4a
06-15 22:24:02.409  9432 12197 I AudioEffect: command() 0xb4000072887d8500, cmdCode = 65536
06-15 22:24:02.410  1138  5212 D EffectHalHidl: audioSchedBoost, set audiohal task boost, pid=1138, tid=5212, ret=0
06-15 22:24:02.410  1138  5212 D EffectHalHidl: audioSchedBoost, set audiohal task boost, pid=1138, tid=5212, ret=0
06-15 22:24:02.414  1138  1574 D AudioBoost: doStopBoostForWake id 446 +++
06-15 22:24:02.414  1138  1574 E AudioBoost: id 446 not boost.
06-15 22:24:02.423  1138  5212 D NativePermissionController: checkPermission: missing 13 for 10092
06-15 22:24:02.425  1138  5212 D NativePermissionController: checkPermission: missing 13 for 10092
06-15 22:24:02.434  3026  5610 D NetworkService[0]: getIfIndexByNetid netId:104,ifName:wlan0,ifIndex:40
06-15 22:24:02.434  3026  5610 D NetworkService[1]: getIfIndexByNetid netId:104,ifName:wlan0,ifIndex:40
06-15 22:24:02.437  1138  2771 D NativePermissionController: checkPermission: missing 13 for 10092
06-15 22:24:02.438  1138  2771 D NativePermissionController: checkPermission: missing 13 for 10092
06-15 22:24:02.446  1067  1523 I OriginChannel: pwm_rgb: lux:18, time_delta:0.000000, pwm_turbo:100, bri:0, r:1134, g:1310, b:1215, c:646, elgo:3043, end:3, ts-5476376622896513024
06-15 22:24:02.461  9432 12197 I AudioEffect: command() 0xb4000072887d8500, cmdCode = 65536
06-15 22:24:02.462  1138  5212 D EffectHalHidl: audioSchedBoost, set audiohal task boost, pid=1138, tid=5212, ret=0
06-15 22:24:02.462  1138  5212 D EffectHalHidl: audioSchedBoost, set audiohal task boost, pid=1138, tid=5212, ret=0
06-15 22:24:02.511  4089  4138 I JPEG_JNI: EnterExeTask  controller.background_task_controller process {"client":"infer"}
06-15 22:24:02.512  4089  4138 I JPEG_JNI: LeaveExeTask  module controller.background_task_controller 
06-15 22:24:02.512  4089  4138 I JPEG_JNI:  func process  
06-15 22:24:02.512  4089  4138 I JPEG_JNI:  input {"client":"infer"} 
06-15 22:24:02.512  4089  4138 I JPEG_JNI:  ret {}
06-15 22:24:02.514  9432 12197 I AudioEffect: command() 0xb4000072887d8500, cmdCode = 65536
06-15 22:24:02.515  1138  5212 D EffectHalHidl: audioSchedBoost, set audiohal task boost, pid=1138, tid=5212, ret=0
06-15 22:24:02.515  1138  5212 D EffectHalHidl: audioSchedBoost, set audiohal task boost, pid=1138, tid=5212, ret=0
06-15 22:24:02.567  9432 12197 I AudioEffect: command() 0xb4000072887d8500, cmdCode = 65536
06-15 22:24:02.567  1138  5212 D EffectHalHidl: audioSchedBoost, set audiohal task boost, pid=1138, tid=5212, ret=0
06-15 22:24:02.567  1138  5212 D EffectHalHidl: audioSchedBoost, set audiohal task boost, pid=1138, tid=5212, ret=0
06-15 22:24:02.572 24392 24448 D HLog-HLog: [metis]updateMemoryCache existPushInfo : 
06-15 22:24:02.572 24392 24448 D HLog-UpMgr: [metis]配置是否有变更 : true
06-15 22:24:02.573 24392 24448 D HLog-HLog: [metis]findCurrentTraceDto existPushInfo : 
06-15 22:24:02.573 24392 24448 D HLog-UpMgr: [metis]检查配置是否有更新 !
06-15 22:24:02.618  9432 12197 I AudioEffect: command() 0xb4000072887d8500, cmdCode = 65536
06-15 22:24:02.619  1138  5212 D EffectHalHidl: audioSchedBoost, set audiohal task boost, pid=1138, tid=5212, ret=0
06-15 22:24:02.620  1138  5212 D EffectHalHidl: audioSchedBoost, set audiohal task boost, pid=1138, tid=5212, ret=0
06-15 22:24:02.632  3026  5572 D CommonApp-121-10369: transport layer data is invalid
06-15 22:24:02.633  3026  5572 D CommonApp-104-10369: commonScoreStrategy scenarios 3 mTLD.uplink_packets + mTLD.downlink_packets > 10 avgRtt20
06-15 22:24:02.634  3026  5572 D CommonApp-104-10369: notifyScoreChange appScene COMMON score 100
06-15 22:24:02.634  3026  5572 D CommonApp-104-10369: needNotify 77777
06-15 22:24:02.636  3026  5572 D ScorePolicy: handleScoreChanged: [mInstanceId: -1 mPolicyId: 3342338 mLevel: 2 mValue: 100 mTechnology: 2 mNetId: 104 mUid: 10369 mPeriod: 0 mThreshold: 0 mBadReasonType: 0 mBadReason: 0 mScene: 0 mCBClientId: 0]
06-15 22:24:02.636  3026  5572 D ScorePolicy: handleScoreChanged: [mInstanceId: -1 mPolicyId: 3342340 mLevel: 1 mValue: 100 mTechnology: 2 mNetId: 104 mUid: 10369 mPeriod: 0 mThreshold: 0 mBadReasonType: 0 mBadReason: 0 mScene: 0 mCBClientId: 0]
06-15 22:24:02.636  3026  5572 D ScorePolicy: handleScoreChanged: []
06-15 22:24:02.636  3026  5572 D ScoreClient: notifyScoreChange60145585 1001
06-15 22:24:02.636  3026  5572 D ScoreClient: notifyScoreChange254058895 1008
06-15 22:24:02.636  3026  5572 D ScoreClient: notifyScoreChange43499245 1
06-15 22:24:02.636  3026  5572 D ScoreClient: notifyScoreChange209832767 1
06-15 22:24:02.636  3026  5572 D ScoreLoader: clinetId 256714365 [mInstanceId: -1 mPolicyId: 3342340 mLevel: 1 mValue: 100 mTechnology: 2 mNetId: 104 mUid: 10369 mPeriod: 0 mThreshold: 0 mBadReasonType: 0 mBadReason: 0 mScene: 0 mCBClientId: 49657902, mInstanceId: -1 mPolicyId: 3342340 mLevel: 1 mValue: 100 mTechnology: 2 mNetId: 104 mUid: 10369 mPeriod: 0 mThreshold: 0 mBadReasonType: 0 mBadReason: 0 mScene: 0 mCBClientId: 218028800]
06-15 22:24:02.637  3026  3026 D AtomHighLoadSenseInfo: handleMessage what:1001
06-15 22:24:02.637  3026  3026 D AtomHighLoadSenseInfo: handleScoreChanged results:[mInstanceId: -1 mPolicyId: 3342338 mLevel: 2 mValue: 100 mTechnology: 2 mNetId: 104 mUid: 10369 mPeriod: 0 mThreshold: 0 mBadReasonType: 0 mBadReason: 0 mScene: 0 mCBClientId: 60145585]
06-15 22:24:02.637  3026  3026 D AtomNetworkScoreInfo: handleMessage: 1008
06-15 22:24:02.638  3026  3026 D AtomNetworkScoreInfo: Received scoreresult[mInstanceId: -1 mPolicyId: 3342340 mLevel: 1 mValue: 100 mTechnology: 2 mNetId: 104 mUid: 10369 mPeriod: 0 mThreshold: 0 mBadReasonType: 0 mBadReason: 0 mScene: 0 mCBClientId: 254058895]
06-15 22:24:02.638  3026  3026 D NetworkScoreEvent: update event
06-15 22:24:02.638  3026  3026 D RegStateTracker: Received scoreresult[mInstanceId: -1 mPolicyId: 3342340 mLevel: 1 mValue: 100 mTechnology: 2 mNetId: 104 mUid: 10369 mPeriod: 0 mThreshold: 0 mBadReasonType: 0 mBadReason: 0 mScene: 0 mCBClientId: 209832767]
06-15 22:24:02.641  3026  5572 D ScoreLoader: clinetId 159181502 [mInstanceId: -1 mPolicyId: 3342340 mLevel: 1 mValue: 100 mTechnology: 2 mNetId: 104 mUid: 10369 mPeriod: 0 mThreshold: 0 mBadReasonType: 0 mBadReason: 0 mScene: 0 mCBClientId: 50669175]
06-15 22:24:02.642  1744  2415 D OplusL3Monitor: network=104, score=100, onScoreChanged result = mInstanceId: -1 mPolicyId: 3342340 mLevel: 1 mValue: 100 mTechnology: 2 mNetId: 104 mUid: 10369 mPeriod: 0 mThreshold: 0 mBadReasonType: 0 mBadReason: 0 mScene: 0 mCBClientId: 218028800, screen= true
06-15 22:24:02.643  3026  5572 D ScoreLoader: clinetId 174932933 [mInstanceId: -1 mPolicyId: 3342338 mLevel: 2 mValue: 100 mTechnology: 2 mNetId: 104 mUid: 10369 mPeriod: 0 mThreshold: 0 mBadReasonType: 0 mBadReason: 0 mScene: 0 mCBClientId: 169736911, mInstanceId: -1 mPolicyId: 3342338 mLevel: 2 mValue: 100 mTechnology: 2 mNetId: 104 mUid: 10369 mPeriod: 0 mThreshold: 0 mBadReasonType: 0 mBadReason: 0 mScene: 0 mCBClientId: 80649692, mInstanceId: -1 mPolicyId: 3342338 mLevel: 2 mValue: 100 mTechnology: 2 mNetId: 104 mUid: 10369 mPeriod: 0 mThreshold: 0 mBadReasonType: 0 mBadReason: 0 mScene: 0 mCBClientId: 31364852, mInstanceId: -1 mPolicyId: 3342338 mLevel: 2 mValue: 100 mTechnology: 2 mNetId: 104 mUid: 10369 mPeriod: 0 mThreshold: 0 mBadReasonType: 0 mBadReason: 0 mScene: 0 mCBClientId: 83939947, mInstanceId: -1 mPolicyId: 3342340 mLevel: 1 mValue: 100 mTechnology: 2 mNetId: 104 mUid: 10369 mPeriod: 0 mThreshold: 0 mBadReasonType: 0 mBadReason: 0 mScene: 0 mCBClientId: 36407721, mInstanceId: -1 mPolicyId: 3342340 mLevel: 1 mValue: 100 mTechnology: 2 mNetId: 104 mUid: 10369 mPeriod: 0 mThreshold: 0 mBadReasonType: 0 mBadReason: 0 mScene: 0 mCBClientId: 95159087, mInstanceId: -1 mPolicyId: 3342340 mLevel: 1 mValue: 100 mTechnology: 2 mNetId: 104 mUid: 10369 mPeriod: 0 mThreshold: 0 mBadReasonType: 0 mBadReason: 0 mScene: 0 mCBClientId: 137955728, mInstanceId: -1 mPolicyId: 3342340 mLevel: 1 mValue: 100 mTechnology: 2 mNetId: 104 mUid: 10369 mPeriod: 0 mThreshold: 0 mBadReasonType: 0 mBadReason: 0 mScene: 0 mCBClientId: 128579264, mInstanceId: -1 mPolicyId: 3342340 mLevel: 1 mValue: 100 mTechnology: 2 mNetId: 104 mUid: 10369 mPeriod: 0 mThreshold: 0 mBadReasonType: 0 mBadReason: 0 mScene: 0 mCBClientId: 133807637, mInstanceId: -1 mPolicyId: 3342340 mLevel: 1 mValue: 100 mTechnology: 2 mNetId: 104 mUid: 10369 mPeriod: 0 mThreshold: 0 mBadReasonType: 0 mBadReason: 0 mScene: 0 mCBClientId: 123556498, mInstanceId: -1 mPolicyId: 3342340 mLevel: 1 mValue: 100 mTechnology: 2 mNetId: 104 mUid: 10369 mPeriod: 0 mThreshold: 0 mBadReasonType: 0 mBadReason: 0 mScene: 0 mCBClientId: 227625518]
06-15 22:24:02.644  3026  5572 D ScoreLoader: clinetId 175570575 [mInstanceId: -1 mPolicyId: 3342338 mLevel: 2 mValue: 100 mTechnology: 2 mNetId: 104 mUid: 10369 mPeriod: 0 mThreshold: 0 mBadReasonType: 0 mBadReason: 0 mScene: 0 mCBClientId: 244901523]
06-15 22:24:02.644  1067  1523 I OriginChannel: pwm_rgb: lux:16, time_delta:0.000000, pwm_turbo:100, bri:0, r:1134, g:1229, b:1136, c:603, elgo:2842, end:3, ts-5476376622896513024
06-15 22:24:02.645  2953  3630 D OplusRecoveryEventData: onScoreChanged mInstanceId: -1 mPolicyId: 3342338 mLevel: 2 mValue: 100 mTechnology: 2 mNetId: 104 mUid: 10369 mPeriod: 0 mThreshold: 0 mBadReasonType: 0 mBadReason: 0 mScene: 0 mCBClientId: 80649692
06-15 22:24:02.645  2953  3630 D OLK-NAS : get score result     mInstanceId: -1 mPolicyId: 3342340 mLevel: 1 mValue: 100 mTechnology: 2 mNetId: 104 mUid: 10369 mPeriod: 0 mThreshold: 0 mBadReasonType: 0 mBadReason: 0 mScene: 0 mCBClientId: 133807637
06-15 22:24:02.645  2953  3630 D OLK-NAS : networkScoreChange networkId: 104 better = true, score = 100
06-15 22:24:02.646  2953  3506 D SmartStrategyCooperateMachine: now score is 100
06-15 22:24:02.646  2953  3630 D OLK-NAS : isApiSupported pkgName:com.ss.android.ugc.aweme capId:1
06-15 22:24:02.646  2953  3630 D OLK-NAS : isApiSupported supportApiBitmask:0 supportPermBits:511
06-15 22:24:02.646  2953  3630 D OLK-NAS : isApiSupported pkgName:com.eg.android.AlipayGphone capId:1
06-15 22:24:02.646  2953  3630 D OLK-NAS : isApiSupported supportApiBitmask:0 supportPermBits:63
06-15 22:24:02.646  2953  4916 E SmartDataSwitchStateManager: null network score or unexpected tech
06-15 22:24:02.656  3836  3994 E LlmClient: ASR failed! HTTP 400, response body: {"error":{"code":"400","message":"Param Incorrect","param":"input_audio.data mime type must be one of: audio/wav, audio/mp3, audio/mpeg. Got: audio/m4a","type":""}}
06-15 22:24:02.660  1744  3935 D NotificationService--OplusNotificationManagerServiceExtImpl: shouldInterceptToast: 
06-15 22:24:02.663  1744  3935 D NotificationService: Show next toast CurrentToastShown =false
06-15 22:24:02.673 13194 25179 E MIDASApplication: MIDASPullAtomManager: onPullAtom 150122
06-15 22:24:02.673  9432 12197 I AudioEffect: command() 0xb4000072887d8500, cmdCode = 65536
06-15 22:24:02.674  1138  5212 D EffectHalHidl: audioSchedBoost, set audiohal task boost, pid=1138, tid=5212, ret=0
06-15 22:24:02.675  1138  5212 D EffectHalHidl: audioSchedBoost, set audiohal task boost, pid=1138, tid=5212, ret=0
06-15 22:24:02.677  2721  3948 W OPLUS_LOG_LOAD: ==LOGS PROG INFO, prog(com.android.systemui) ==
06-15 22:24:02.677  2721  3948 I ndroid.systemui: AssetManager2(0xb40000713acba628) locale list changing from [] to [zh-CN]
06-15 22:24:02.679  1168  1168 I BufferQueueProducer: [com.loyea/com.loyea.MainActivity#8668](this:0xb400007d2bbd5af8,id:-1,api:0,p:-1,c:1168) queueBuffer: fps=60.45 dur=1009.17 max=18.90 min=15.44
06-15 22:24:02.698  2721  3948 I ndroid.systemui: AssetManager2(0xb400007109424528) locale list changing from [] to [zh-CN]
06-15 22:24:02.706  2721  2721 I SystemUi--Notification: OplusNotificationLogger-->TOAST-->showToast , pkg = com.loyea, uid = 10369 , token = android.os.BinderProxy@de2204b , content = no_need_print
06-15 22:24:02.706  2721  2721 D WindowManager: Add to mViews: com.oplus.systemui.toast.OplusToastLayout{27e7341 I.E...... ......I. 0,0-0,0 alpha=1.0 viewInfo = },pkg= com.android.systemui
06-15 22:24:02.707  2721  2881 D skia    : setRusSupported enable 0
06-15 22:24:02.725  1744  3935 D KEYLOG_PhoneWindowManagerExtImpl: checkAddPermission: com.oplus.permission.safe.WINDOW OKAY packageName = com.android.systemui
06-15 22:24:02.725  9432 12197 I AudioEffect: command() 0xb4000072887d8500, cmdCode = 65536
06-15 22:24:02.726  1138  5212 D EffectHalHidl: audioSchedBoost, set audiohal task boost, pid=1138, tid=5212, ret=0
06-15 22:24:02.727  1138  5212 D EffectHalHidl: audioSchedBoost, set audiohal task boost, pid=1138, tid=5212, ret=0
06-15 22:24:02.728  1744  3942 W Settings: Setting notification_bubbles has moved from android.provider.Settings.Global to android.provider.Settings.Secure, returning read-only value.
06-15 22:24:02.728  1744  3942 W Settings: Setting apply_ramping_ringer has moved from android.provider.Settings.Global to android.provider.Settings.System, returning read-only value.
06-15 22:24:02.729  1744  3935 I WindowManager: addWindow: New client android.os.BinderProxy@b74fab4 : window=Window{69c6dd u0 Toast}
06-15 22:24:02.729  1744  3942 W SettingsStatsUtil: Can not parse value to float: +network
06-15 22:24:02.730  1744  3942 E SettingsTelemetryUtils: PEAK_REFRESH_RATE value is null
06-15 22:24:02.732  2721  2721 D ViewRootImplExtImpl: onDisplayChanged -1 for VRI android.view.ViewRootImpl@d7e027d
06-15 22:24:02.734  1744  3942 W SettingsStatsUtil: Can not parse value to float: +network
06-15 22:24:02.735  2721  2721 E OplusBracketLog: [OplusViewMirrorManager] updateHostViewRootIfNeeded, not support android.view.ViewRootImpl@d7e027d
06-15 22:24:02.736  1744  3942 V WindowManager: Relayout Window{69c6dd u0 Toast}: viewVisibility=4, oldvis=4, req=1156x336 , apr = 0, vsysui=, x=0, y=224
06-15 22:24:02.737  1744  3942 D WindowManager: NFW_findFocusedWindowIfNeeded:Window{fded2e7 u0 com.loyea/com.loyea.MainActivity} mCurrentFocus:Window{fded2e7 u0 com.loyea/com.loyea.MainActivity}
06-15 22:24:02.760  1744  3942 V WindowManager: Relayout Window{69c6dd u0 Toast}: viewVisibility=0, oldvis=4, req=1240x386 , apr = 0, vsysui=
06-15 22:24:02.761  1744  3942 I WindowManager: Window{69c6dd u0 Toast} state from NO_SURFACE to DRAW_PENDING; reason: resetDrawState
06-15 22:24:02.762  1423  1471 D MipcProxy: handleMessage msg is 2420, instance 1
06-15 22:24:02.762  1423  1471 D MipcProxy: handleQosPeriodReportInd for instance 1
06-15 22:24:02.763  3026  4357 D SubsysRadioIndication[1]: radioQosPeriodReportInd result [18, 0, 26, 0, 34, 6, 16, 4, 24, 1, 32, 1, 58, 31, 24, -128, -39, 38, 32, -105, 3, 40, -82, -1, -1, -1, -1, -1, -1, -1, -1, 1, 48, -10, -1, -1, -1, -1, -1, -1, -1, -1, 1, 56, 14, 66, 20, 16, 5, 34, 16, 8, -128, -39, 38, 16, -105, 3, 24, 78, 40, -123, -94, -46, -27, -96, 1, 90, 0, 98, 2, 16, 3, 106, 0, 122, 5, 24, 120, 32, -2, 8]
06-15 22:24:02.764  1744  3942 D WindowManager: NFW_findFocusedWindowIfNeeded:Window{fded2e7 u0 com.loyea/com.loyea.MainActivity} mCurrentFocus:Window{fded2e7 u0 com.loyea/com.loyea.MainActivity}
06-15 22:24:02.765  2721  2721 D BufferQueueConsumer: [](id:aa10000013a,api:0,p:-1,c:2721) connect: controlledByApp=false
06-15 22:24:02.766  2721  2721 D BufferQueueConsumer: [VRI[Toast]#314(BLAST Consumer)314](id:aa10000013a,api:0,p:-1,c:2721) setMaxAcquiredBufferCount: 3
06-15 22:24:02.767  3026  3026 D NetworkService[1]: handleMessage what:1005
06-15 22:24:02.768  3026  3026 D RadioAtomTracker: parseQosPeriodData ModemQos:CellularQosInfo2{5G, 633984/407, EndcState=0, Band=78, DLBW=0, Rsrp=-82, Rsrq=-10, Snr=14, SvcStatus=3, ULPDCPNumDataPdu=0, ULPDCPNumDropPdu=0, ULPDCPTput=0, ULRLCNumDataPdu=0, ULRLCNumRetxPdu=0, ULGrant=0, ULBSR=0, ULBler=0, DLPDCPNumDataPdu=0, DLPDCPTput=0, DLRLCNumDataPdu=0, DLRLCNumRetxPdu=0, DLRLCNumDropPdu=0, DLMACPaddingBytes=0, DLPdcpNumMissToUppPdu=0, DLBler=0, RlfCount=0, CellChangeCount=0, IsRedirectionOccur=0, IsDualSimConflict=0, Latency=0, Sub1RrcState=1, Sub2RrcState=1, RachCount=0, CalcPower=0, Mtpl=120, PathLoss=1150, CellLoad=0}
06-15 22:24:02.769  3026  3026 D NetworkService[1]: EVENT_REG_QOS_PERIOD_REPORT_IND_CHANGED ENTER
06-15 22:24:02.770  2721  2881 D HWUI    : createSurface new attribs array
06-15 22:24:02.770  2721  2881 D libEGL  : this is from skia gles
06-15 22:24:02.770  3026  3026 D AtomModemKpiInfo: handleMessage what:1001
06-15 22:24:02.770  3026  3026 D AtomModemKpiInfo: analyseQosInfo success
06-15 22:24:02.776  2721  2721 I SurfaceControl:  setExtendedRangeBrightness sc=Surface(name=Toast)/@0xfd2f66c,currentBufferRatio=1.0,desiredRatio=1.0
06-15 22:24:02.778  9432 12197 I AudioEffect: command() 0xb4000072887d8500, cmdCode = 65536
06-15 22:24:02.778  1138  5212 D EffectHalHidl: audioSchedBoost, set audiohal task boost, pid=1138, tid=5212, ret=0
06-15 22:24:02.779  1138  5212 D EffectHalHidl: audioSchedBoost, set audiohal task boost, pid=1138, tid=5212, ret=0
06-15 22:24:02.784  2721  2881 D BLASTBufferQueue: [VRI[Toast]#314](f:0,a:1) acquireNextBufferLocked size=1240x386 mFrameNumber=1 applyTransaction=true mTimestamp=37397206580151(auto) mPendingTransactions.size=0 graphicBufferId=11686606020060 transform=0
06-15 22:24:02.785  2721  2881 D VRI[Toast]: Received frameCommittedCallback lastAttemptedDrawFrameNum=1 didProduceBuffer=true syncBuffer=false
06-15 22:24:02.785  2721  2721 D VRI[Toast]: draw finished. seqId=0
06-15 22:24:02.786  1744  3935 I WindowManager: Window{69c6dd u0 Toast} state from DRAW_PENDING to COMMIT_DRAW_PENDING; reason: finishDrawingLocked
06-15 22:24:02.787  1744  1971 I WindowManager: Window{69c6dd u0 Toast} state from COMMIT_DRAW_PENDING to READY_TO_SHOW; reason: commitFinishDrawingLocked
06-15 22:24:02.788  1744  1971 I WindowManager: Window{69c6dd u0 Toast} state from READY_TO_SHOW to HAS_DRAWN; reason: performShowLocked
06-15 22:24:02.788  1744  1971 D OplusAONSmartDim: onWakeLockAcquireLocked: lock=22076180, flags=0x2000000a, packageName=android, tag="WindowManager/displayId:0", ws=WorkSource{10186 com.android.systemui}, uid=1000, pid=1744
06-15 22:24:02.789  2721  2721 I SurfaceControl:  setExtendedRangeBrightness sc=Surface(name=Toast)/@0xfd2f66c,currentBufferRatio=1.0,desiredRatio=1.0
06-15 22:24:02.790  1744  3935 V WindowManager: Relayout Window{69c6dd u0 Toast}: viewVisibility=0, oldvis=0, req=1240x386 , apr = 0, vsysui=
06-15 22:24:02.792  3026  3026 D SubsysEventListenerManager-SubsysTelephonyCallback[0]: onSignalStrengthsChanged
06-15 22:24:02.795  2721  2881 D VRI[Toast]: Received frameCommittedCallback lastAttemptedDrawFrameNum=2 didProduceBuffer=true syncBuffer=false
06-15 22:24:02.795  2721  2721 D VRI[Toast]: draw finished. seqId=0
06-15 22:24:02.797  2927  2927 D OplusTelephonyController: onSignalStrengthChanged: SignalStrength=SignalStrength:{mCdma=CellSignalStrengthCdma: cdmaDbm=2147483647 cdmaEcio=2147483647 evdoDbm=2147483647 evdoEcio=2147483647 evdoSnr=2147483647 level=0,mGsm=CellSignalStrengthGsm: rssi=2147483647 ber=2147483647 mTa=2147483647 mLevel=0,mWcdma=CellSignalStrengthWcdma: ss=2147483647 ber=2147483647 rscp=2147483647 ecno=2147483647 level=0,mTdscdma=CellSignalStrengthTdscdma: rssi=2147483647 ber=2147483647 rscp=2147483647 level=0,mLte=CellSignalStrengthLte: rssi=2147483647 rsrp=2147483647 rsrq=2147483647 rssnr=2147483647 cqiTableIndex=2147483647 cqi=2147483647 ta=2147483647 level=0 parametersUseForLevel=0,mNr=CellSignalStrengthNr:{ csiRsrp = 2147483647 csiRsrq = 2147483647 csiCqiTableIndex = 2147483647 csiCqiReport = [] ssRsrp = -76 ssRsrq = -11 ssSinr = 15 level = 3 parametersUseForLevel = 0 timingAdvance = 2147483647 },primary=CellSignalStrengthNr}
06-15 22:24:02.800  2721  2876 I SystemUi--Statusbar: MobileConnectionRepositoryImpl-->subId:1 isSoftSimCard:false slotId:0
06-15 22:24:02.802 19779 19779 I OVMS-OVMS_AudioRecordingReceiver: onReceive(): recording stop, pid = 3836
06-15 22:24:02.803  9912  9912 V DeepThinker: BroadcastReceiverWrapper: onReceive, start dispatch android.media.ACTION_AUDIO_RECORD_STOP
06-15 22:24:02.803  9912  9912 V DeepThinker: BroadcastReceiverWrapper: onReceive, finish dispatch android.media.ACTION_AUDIO_RECORD_STOP  category : null  Time consuming : 0 ms
06-15 22:24:02.803 24392 24411 I metis_v2_FileObserverDataCollector: filepath = /sdcard/DCIM/Camera/.trashed-1784120162-IMG20260609105951.jpg
06-15 22:24:02.803 24392 24411 I metis_v2_FileObserverDataCollector: timeMillis: 1781528162112, resultTimeMillis: 5280691
06-15 22:24:02.803 24392 24448 D HLog-UpMgr: [metis]CheckWhetherUploadBody Mgr:com.oplus.sdp.ge.c@d37d977
06-15 22:24:02.803 24392 24448 D HLog-MultiConfigManage: [metis]checkAllPushTask
06-15 22:24:02.803 24392 24448 D HLog-MultiConfigManage: [metis]checkAllPushTask existPushInfo : 
06-15 22:24:02.809 19779 19779 I OVMS-OVMS_AudioRecordingReceiver: Recognition restart after recording stop
06-15 22:24:02.809 19779 19779 I OVMS-l  : removeRestartRecognitionTask
06-15 22:24:02.809 19779 19779 I OVMS-l  : postRestartRecognitionTask: onReceiveRecordEnd delay: 0
06-15 22:24:02.810 19779 19779 I OVMS-v  : onReceive(): recording stop, pid = 3836 com.loyea
06-15 22:24:02.810 19779 30616 W OVMS-v  : SceneSwitch simultaneous state: false
06-15 22:24:02.812 19779 19779 D OVMS-l  : restart recognition. MSG_VOICE_RESTART_RECO
06-15 22:24:02.821  1744  3942 D SoundTriggerHalConcurrentCaptureHandler: startRecognition, mCaptureState = false
06-15 22:24:02.822  1049  1092 I sound_trigger_hw_default: stdev_start_recognition_extended(), sound_model_handle = 1, header->version = 259
06-15 22:24:02.822  1049  1092 I sound_trigger_hw_default: stdev_start_recognition_extended(), config->audio_capabilities = 0x0
06-15 22:24:02.822  1049  1092 I sound_trigger_hw_default: stdev_start_recognition
06-15 22:24:02.823  1049  1092 I sound_trigger_hw_default: HAL_SOUND_TRIGGER_VER: 1.1.2
06-15 22:24:02.823  1049  1092 I sound_trigger_hw_default: mtk_start_recognition(), handle = 1
06-15 22:24:02.823  1049  1092 D AudioALSAHardware: +setParameters(): MTK_VOW_ENABLE=1
06-15 22:24:02.823  1049  1092 D OplusAudioAecRecord: setParameters: AEC Not From setParameters
06-15 22:24:02.823  1049  1092 D AudioALSAHardware: =====>GetInstance()->MMI_Auto_Test
06-15 22:24:02.823  1049  1092 D audio_engineer_test: do_audio_test_process Enter all_test[0]:NoneTest in_call:false
06-15 22:24:02.823  1049  1092 D OplusVoiceTranslation: --getInstance()
06-15 22:24:02.823  1049  1092 D OplusAudioAecRecord: setParameters: AEC Not From setParameters
06-15 22:24:02.823  1049  1092 D OplusAudioALSAVocalHighlight: parseAudioVocalHighlightParam(), not support set Audio Vocal Highlight Param!
06-15 22:24:02.823  1049  1092 D AudioALSAStreamManager: getVoiceWakeUpNeedOn(), mVoiceWakeUpNeedOn = 0
06-15 22:24:02.823  1049  1092 D AudioALSAStreamManager: setVoiceWakeUpNeedOn(), mVoiceWakeUpNeedOn: 0 => 1 
06-15 22:24:02.823  1049  1092 D AudioALSAStreamManager: setVoiceWakeUpEnable(), enable = 1
06-15 22:24:02.823  1049  1092 D AudioALSAStreamManager: setVoiceWakeUpEnable_l(), enable = 1
06-15 22:24:02.823  1049  1092 D AudioALSAStreamManager: hasNonVowCaptureHandler_l(), ret = 0
06-15 22:24:02.823  1049  1092 D AudioALSAStreamManager: hasNonVowCaptureHandler_l(), ret = 0
06-15 22:24:02.823  1049  1092 D AudioALSAStreamManager: setVoiceWakeUpEnable_l(), mVowRecordConcurrent = 0, hasNonVowCaptureHandler_l() = 0, enable VoW
06-15 22:24:02.823  1049  1092 D AudioALSAVoiceWakeUpController: +setVoiceWakeUpEnable(), mEnable: 0 => 1, mIsUseHeadsetMic = 0, mHeadsetMicMode = 2, mHandsetMicMode = 2
06-15 22:24:02.823  1049  1092 D AudioALSAVoiceWakeUpController: +setVoiceWakeUpDebugDumpEnable(), mDebug_Enable: 0 => 1
06-15 22:24:02.823  1049  1092 D AudioALSADeviceParser: compare pcm success = 77, stringpair = VOW_Capture
06-15 22:24:02.823  1049  1092 D AudioALSADeviceConfigManager: ApplyDeviceTurnonSequenceByName() DeviceName = builtin_Mic_Vow_DualMic descriptor->DeviceStatusCounte = 0, Ctlsize=16
06-15 22:24:02.831  1049  1092 D AudioALSAVoiceWakeUpController: -setVoiceWakeUpEnable, VOW DUL MIC MODE: 2
06-15 22:24:02.835  9432 12197 I AudioEffect: command() 0xb4000072887d8500, cmdCode = 65536
06-15 22:24:02.836  1138  5212 D EffectHalHidl: audioSchedBoost, set audiohal task boost, pid=1138, tid=5212, ret=0
06-15 22:24:02.836  1138  5212 D EffectHalHidl: audioSchedBoost, set audiohal task boost, pid=1138, tid=5212, ret=0
06-15 22:24:02.843  1067  1523 I OriginChannel: pwm_rgb: lux:16, time_delta:0.000000, pwm_turbo:100, bri:0, r:1134, g:1207, b:1104, c:591, elgo:2771, end:3, ts-5476376622896513024
06-15 22:24:02.852  3836  3848 I com.loyea: Background concurrent mark compact GC freed 18MB AllocSpace bytes, 29(2320KB) LOS objects, 57% free,9069KB(M:6205KB,L:2864KB)/20MB, paused 233us,2.279ms total 114.044ms
06-15 22:24:02.886  9432 12197 I AudioEffect: command() 0xb4000072887d8500, cmdCode = 65536
06-15 22:24:02.887  1138  5212 D EffectHalHidl: audioSchedBoost, set audiohal task boost, pid=1138, tid=5212, ret=0
06-15 22:24:02.888  1138  5212 D EffectHalHidl: audioSchedBoost, set audiohal task boost, pid=1138, tid=5212, ret=0
06-15 22:24:02.939  9432 12197 I AudioEffect: command() 0xb4000072887d8500, cmdCode = 65536
06-15 22:24:02.939  1138  5212 D EffectHalHidl: audioSchedBoost, set audiohal task boost, pid=1138, tid=5212, ret=0
06-15 22:24:02.941  1138  5212 D EffectHalHidl: audioSchedBoost, set audiohal task boost, pid=1138, tid=5212, ret=0
06-15 22:24:02.965  1049  1092 E AudioALSAVoiceWakeUpController: setVoiceWakeUpEnable(), mVowPbufChActive = 0x3
06-15 22:24:02.967  1049  1092 D OplusAudioALSAProfiledScreen: setVowEnable() setVowEnable = 1!
06-15 22:24:02.967  1049  1092 D AudioALSAVoiceWakeUpController: -setVoiceWakeUpEnable()
06-15 22:24:02.967  1049  1092 D AudioALSAHardware: -setParameters(): MTK_VOW_ENABLE=1
06-15 22:24:02.967  1049  1092 I sound_trigger_hw_default: enable_vow_hw(), set enable VoW parameter done
06-15 22:24:02.967  1049  1092 I sound_trigger_hw_default: +start_swip_recognition(), handle = 1
06-15 22:24:02.967  1049  1092 I sound_trigger_hw_default: set_model_start(), model_start = 1, handle = 1, 1st level = 69, 2nd level = 69, status = 0
06-15 22:24:02.967  1049  1092 I sound_trigger_hw_default: stdev_start_recognition done for handle 1
06-15 22:24:02.968  1744  3942 I SoundTriggerMiddlewareLogging: START_RECOGNITION (1, RecognitionConfig{captureRequested: true, phraseRecognitionExtras: [PhraseRecognitionExtra{id: 0, recognitionModes: 3, confidenceLevel: 69, levels: [ConfidenceLevel{userId: 0, levelPercent: 69}]}], audioCapabilities: 0, data: [0, 0, 0, 0]}) -> android.os.Binder@6ca219e
06-15 22:24:02.969 19779  4402 D OVMS-a  : restartRecognition: STM restartRecognition success
06-15 22:24:02.969 19779  4402 D OVMS-WakeupService: RestartRecognitionTask: doInBackground: restartRecognition result = 0
06-15 22:24:02.969 19779  4402 I OVMS-WakeupService: releaseCPULock()
06-15 22:24:02.972 19779  4402 D OVMS-d  : onWakeBackground
06-15 22:24:02.982 19779  4402 I OVMS-m  : ocar changed: false
06-15 22:24:02.992  9432 12197 I AudioEffect: command() 0xb4000072887d8500, cmdCode = 65536
06-15 22:24:02.993  1138  5212 D EffectHalHidl: audioSchedBoost, set audiohal task boost, pid=1138, tid=5212, ret=0
06-15 22:24:02.994  1138  5212 D EffectHalHidl: audioSchedBoost, set audiohal task boost, pid=1138, tid=5212, ret=0
06-15 22:24:03.012  4089  4138 I JPEG_JNI: EnterExeTask  controller.background_task_controller process {"client":"infer"}
06-15 22:24:03.014  4089  4138 I JPEG_JNI: LeaveExeTask  module controller.background_task_controller 
06-15 22:24:03.014  4089  4138 I JPEG_JNI:  func process  
06-15 22:24:03.014  4089  4138 I JPEG_JNI:  input {"client":"infer"} 
06-15 22:24:03.014  4089  4138 I JPEG_JNI:  ret {}
06-15 22:24:03.040  1067  1523 I OriginChannel: pwm_rgb: lux:16, time_delta:0.000000, pwm_turbo:100, bri:0, r:1134, g:1216, b:1111, c:592, elgo:2790, end:3, ts-5476376622896513024
06-15 22:24:03.045  9432 12197 I AudioEffect: command() 0xb4000072887d8500, cmdCode = 65536
06-15 22:24:03.046  1138  5212 D EffectHalHidl: audioSchedBoost, set audiohal task boost, pid=1138, tid=5212, ret=0
06-15 22:24:03.047  1138  5212 D EffectHalHidl: audioSchedBoost, set audiohal task boost, pid=1138, tid=5212, ret=0
06-15 22:24:03.100  9432 12197 I AudioEffect: command() 0xb4000072887d8500, cmdCode = 65536
06-15 22:24:03.101  1138  5212 D EffectHalHidl: audioSchedBoost, set audiohal task boost, pid=1138, tid=5212, ret=0
06-15 22:24:03.102  1138  5212 D EffectHalHidl: audioSchedBoost, set audiohal task boost, pid=1138, tid=5212, ret=0
06-15 22:24:03.153  9432 12197 I AudioEffect: command() 0xb4000072887d8500, cmdCode = 65536
06-15 22:24:03.155  1138  5212 D EffectHalHidl: audioSchedBoost, set audiohal task boost, pid=1138, tid=5212, ret=0
06-15 22:24:03.156  1138  5212 D EffectHalHidl: audioSchedBoost, set audiohal task boost, pid=1138, tid=5212, ret=0
06-15 22:24:03.208  9432 12197 I AudioEffect: command() 0xb4000072887d8500, cmdCode = 65536
06-15 22:24:03.210  1138  5212 D EffectHalHidl: audioSchedBoost, set audiohal task boost, pid=1138, tid=5212, ret=0
06-15 22:24:03.211  1138  5212 D EffectHalHidl: audioSchedBoost, set audiohal task boost, pid=1138, tid=5212, ret=0
06-15 22:24:03.239  1067  1523 I OriginChannel: pwm_rgb: lux:16, time_delta:0.000000, pwm_turbo:100, bri:0, r:1134, g:1213, b:1112, c:590, elgo:2794, end:3, ts-5476376622896513024
06-15 22:24:03.263  9432 12197 I AudioEffect: command() 0xb4000072887d8500, cmdCode = 65536
06-15 22:24:03.265  1138  5212 D EffectHalHidl: audioSchedBoost, set audiohal task boost, pid=1138, tid=5212, ret=0
06-15 22:24:03.266  1138  5212 D EffectHalHidl: audioSchedBoost, set audiohal task boost, pid=1138, tid=5212, ret=0
06-15 22:24:03.278  1067  1523 I sensors-hal-HfLooper: pedo minute, step_count = 97, report_count = 737 move_statust = 0 ,time_gap = 0 , step_run_count = 21 , step_walk_count = 76
06-15 22:24:03.281  1744  2184 W SensorService: Failed to write wake lock handled
06-15 22:24:03.286  2505  2505 I StepApp_StepDataPreHandler: (main)onSensorChanged raw data: step=97.0 state=0.0 minuteDelta=0.0 timestamp=59031075526845 steprun=21.0 stepwalk=76.0 formatted data: step=97 state=0 timestamp=59031075526845 time=1781533443277 steprun=21 stepwalk=76
06-15 22:24:03.288  2505 28851 I StepApp_StepDataSaver: (O_dfd_71)getNewFixedOffsetStep type is STEP
06-15 22:24:03.288  2505 28851 I StepApp_StepDataSaver: (O_dfd_71)isRebootCountStep:false	 lastRealTimeStamp = 1781533380000	 bootTimestamp = 1781474412202	 mLastModifiedMinuteTime = 2026-06-15-22-23
06-15 22:24:03.288  2505 28851 I StepApp_StepDataSaver: (O_dfd_71)calOffSet:sensorStep = 97	 lastModifiedStep = 97	 offSet = 0
06-15 22:24:03.288  2505 28851 I StepApp_StepDataSaver: (O_dfd_71)getNewFixedOffsetStep type is RUN
06-15 22:24:03.288  2505 28851 I StepApp_StepDataSaver: (O_dfd_71)isRebootCountStep:false	 lastRealTimeStamp = 1781533380000	 bootTimestamp = 1781474412202	 mLastModifiedMinuteTime = 2026-06-15-22-23
06-15 22:24:03.288  2505 28851 I StepApp_StepDataSaver: (O_dfd_71)calOffSet:sensorStep = 21	 lastModifiedStep = 21	 offSet = 0
06-15 22:24:03.288  2505 28851 I StepApp_StepDataSaver: (O_dfd_71)getNewFixedOffsetStep type is WALK
06-15 22:24:03.288  2505 28851 I StepApp_StepDataSaver: (O_dfd_71)isRebootCountStep:false	 lastRealTimeStamp = 1781533380000	 bootTimestamp = 1781474412201	 mLastModifiedMinuteTime = 2026-06-15-22-23
06-15 22:24:03.289  2505 28851 I StepApp_StepDataSaver: (O_dfd_71)calOffSet:sensorStep = 76	 lastModifiedStep = 76	 offSet = 0
06-15 22:24:03.318  9432 12197 I AudioEffect: command() 0xb4000072887d8500, cmdCode = 65536
06-15 22:24:03.320  1138  5212 D EffectHalHidl: audioSchedBoost, set audiohal task boost, pid=1138, tid=5212, ret=0
06-15 22:24:03.321  1138  5212 D EffectHalHidl: audioSchedBoost, set audiohal task boost, pid=1138, tid=5212, ret=0
06-15 22:24:03.372  9432 12197 I AudioEffect: command() 0xb4000072887d8500, cmdCode = 65536
06-15 22:24:03.373  1138  5212 D EffectHalHidl: audioSchedBoost, set audiohal task boost, pid=1138, tid=5212, ret=0
06-15 22:24:03.374  1138  5212 D EffectHalHidl: audioSchedBoost, set audiohal task boost, pid=1138, tid=5212, ret=0
06-15 22:24:03.426  9432 12197 I AudioEffect: command() 0xb4000072887d8500, cmdCode = 65536
06-15 22:24:03.427  1138  5212 D EffectHalHidl: audioSchedBoost, set audiohal task boost, pid=1138, tid=5212, ret=0
06-15 22:24:03.428  1138  5212 D EffectHalHidl: audioSchedBoost, set audiohal task boost, pid=1138, tid=5212, ret=0
06-15 22:24:03.437  1067  1523 I OriginChannel: pwm_rgb: lux:16, time_delta:0.000000, pwm_turbo:100, bri:0, r:1134, g:1216, b:1112, c:595, elgo:2801, end:3, ts-5476376622896513024
06-15 22:24:03.480  9432 12197 I AudioEffect: command() 0xb4000072887d8500, cmdCode = 65536
06-15 22:24:03.481  1138  5212 D EffectHalHidl: audioSchedBoost, set audiohal task boost, pid=1138, tid=5212, ret=0
06-15 22:24:03.483  1138  5212 D EffectHalHidl: audioSchedBoost, set audiohal task boost, pid=1138, tid=5212, ret=0
06-15 22:24:03.516  4089  4138 I JPEG_JNI: EnterExeTask  controller.background_task_controller process {"client":"infer"}
06-15 22:24:03.518  4089  4138 I JPEG_JNI: LeaveExeTask  module controller.background_task_controller 
06-15 22:24:03.518  4089  4138 I JPEG_JNI:  func process  
06-15 22:24:03.518  4089  4138 I JPEG_JNI:  input {"client":"infer"} 
06-15 22:24:03.518  4089  4138 I JPEG_JNI:  ret {}
06-15 22:24:03.535  9432 12197 I AudioEffect: command() 0xb4000072887d8500, cmdCode = 65536
06-15 22:24:03.536  1138  5212 D EffectHalHidl: audioSchedBoost, set audiohal task boost, pid=1138, tid=5212, ret=0
06-15 22:24:03.538  1138  5212 D EffectHalHidl: audioSchedBoost, set audiohal task boost, pid=1138, tid=5212, ret=0
06-15 22:24:03.569  1138  1574 D AudioBoost: doGetWakethreadAndBoost pid 1503, tid 4246, handle 2233, isWakeee 1
06-15 22:24:03.569  1138  1574 D AudioBoost: doGetWakethreadAndBoost id 446, pid 1503 had stoped, cancle tracing thread and boost.
06-15 22:24:03.589  9432 12197 I AudioEffect: command() 0xb4000072887d8500, cmdCode = 65536
06-15 22:24:03.590  1138  5212 D EffectHalHidl: audioSchedBoost, set audiohal task boost, pid=1138, tid=5212, ret=0
06-15 22:24:03.591  1138  5212 D EffectHalHidl: audioSchedBoost, set audiohal task boost, pid=1138, tid=5212, ret=0
06-15 22:24:03.635  1067  1523 I OriginChannel: pwm_rgb: lux:16, time_delta:0.000000, pwm_turbo:100, bri:0, r:1134, g:1217, b:1111, c:600, elgo:2811, end:3, ts-5476376622896513024
06-15 22:24:03.643  9432 12197 I AudioEffect: command() 0xb4000072887d8500, cmdCode = 65536
06-15 22:24:03.644  1138  5212 D EffectHalHidl: audioSchedBoost, set audiohal task boost, pid=1138, tid=5212, ret=0
06-15 22:24:03.646  1138  5212 D EffectHalHidl: audioSchedBoost, set audiohal task boost, pid=1138, tid=5212, ret=0
06-15 22:24:03.648  4304 22313 E midasd  : getTotalFlipsFromSf mCurFrameCount: 894985
06-15 22:24:03.650  4304 22313 I midasd  : DisplayAgent updateDisplayDevInfo getRenderFps mFps:60 mRenderFps:15 mWidth:1240 mHeight:2772
06-15 22:24:03.657  3026  5572 D CommonApp-121-10369: transport layer data is invalid
06-15 22:24:03.659  3026  5572 D CommonApp-104-10369: commonScoreStrategy scenarios low package
06-15 22:24:03.659  3026  5572 D ScorePolicy: handleScoreChanged: []
06-15 22:24:03.659  3026  5572 D ScorePolicy: handleScoreChanged: []
06-15 22:24:03.659  3026  5572 D ScorePolicy: handleScoreChanged: []
06-15 22:24:03.697  9432 12197 I AudioEffect: command() 0xb4000072887d8500, cmdCode = 65536
06-15 22:24:03.699  1138  5212 D EffectHalHidl: audioSchedBoost, set audiohal task boost, pid=1138, tid=5212, ret=0
06-15 22:24:03.700  1138  5212 D EffectHalHidl: audioSchedBoost, set audiohal task boost, pid=1138, tid=5212, ret=0
06-15 22:24:03.751  9432 12197 I AudioEffect: command() 0xb4000072887d8500, cmdCode = 65536
06-15 22:24:03.753  1138  5212 D EffectHalHidl: audioSchedBoost, set audiohal task boost, pid=1138, tid=5212, ret=0
06-15 22:24:03.755  1138  5212 D EffectHalHidl: audioSchedBoost, set audiohal task boost, pid=1138, tid=5212, ret=0
06-15 22:24:03.806  9432 12197 I AudioEffect: command() 0xb4000072887d8500, cmdCode = 65536
06-15 22:24:03.806  1138  5212 D EffectHalHidl: audioSchedBoost, set audiohal task boost, pid=1138, tid=5212, ret=0
06-15 22:24:03.808  1138  5212 D EffectHalHidl: audioSchedBoost, set audiohal task boost, pid=1138, tid=5212, ret=0
06-15 22:24:03.832  1067  1523 I OriginChannel: pwm_rgb: lux:16, time_delta:0.000000, pwm_turbo:100, bri:0, r:1134, g:1224, b:1109, c:604, elgo:2815, end:3, ts-5476376622896513024
06-15 22:24:03.859  9432 12197 I AudioEffect: command() 0xb4000072887d8500, cmdCode = 65536
06-15 22:24:03.860  1138  5212 D EffectHalHidl: audioSchedBoost, set audiohal task boost, pid=1138, tid=5212, ret=0
06-15 22:24:03.862  1138  5212 D EffectHalHidl: audioSchedBoost, set audiohal task boost, pid=1138, tid=5212, ret=0
06-15 22:24:03.866  1744  3156 I OplusCpuLimitManager: appscene exit, uid = 10281, pid = 24452 cancle adjust process group.
06-15 22:24:03.866  1744  3156 I OplusCpuLimitManager: appscene exit, uid = 10281, pid = 31317 cancle adjust process group.
06-15 22:24:03.914  9432 12197 I AudioEffect: command() 0xb4000072887d8500, cmdCode = 65536
06-15 22:24:03.915  1138  5212 D EffectHalHidl: audioSchedBoost, set audiohal task boost, pid=1138, tid=5212, ret=0
06-15 22:24:03.917  1138  5212 D EffectHalHidl: audioSchedBoost, set audiohal task boost, pid=1138, tid=5212, ret=0
06-15 22:24:03.951  1744  2197 V AlarmManager: sending alarm Alarm{e32b9aa type 1 origWhen 1781533443950 whenElapsed 59031748 android} uid 1000 whenElapsed 59031748 windowLength 0 maxWhenElapsed 59031748 repeatInterval 0 action null component null tag StorgaeBandInfoAlarmTag flags 0x9 procName system_server
06-15 22:24:03.952  1744  6239 E OplusStorageUFSBandwidth: storage_io_metrics_path is /proc/oplus_storage/io_metrics/forever/
06-15 22:24:03.955  1744  6239 E OplusStorageUFSBandwidth: Bandwidth - Read: 1.50 MB/s, Write: 0.00 MB/s
06-15 22:24:03.955  1744  6239 E OplusStorageUFSBandwidth: Task time: 3ms
06-15 22:24:03.961  1744  6239 E OplusStorageUFSBandwidth: Alarm set to trigger in 10 seconds
06-15 22:24:03.968  1281  1281 I touch_boost: enable=1, render_deboost=1, active_time=100, duration=100, idleprefer(TA,FG)=(1,1), util(TA,FG)=(0,30), freq(c0,c1,c2)=(1400000,1500000,1200000)
06-15 22:24:03.968  1281  1281 I mtkpower_client: perf_lock_acq, hdl:0, dur:100, num:14, tid:1281
06-15 22:24:03.968  9432 12197 I AudioEffect: command() 0xb4000072887d8500, cmdCode = 65536
06-15 22:24:03.969  1138  5212 D EffectHalHidl: audioSchedBoost, set audiohal task boost, pid=1138, tid=5212, ret=0
06-15 22:24:03.970  1079  1181 I libPowerHal: [perfLockAcq] idx:2 hdl:26650 hint:-1 pid:1281 tid:1281 duration:100 lock_user:touch_boost => ret_hdl:26650
06-15 22:24:03.970  1079  1181 I libPowerHal: [powerhal2uah] transfer powerhal opcode 0x00400000 value 1400000 to uah
06-15 22:24:03.970  1079  1181 I libPowerHal: [powerhal2uah] transfer powerhal opcode 0x00400100 value 1500000 to uah
06-15 22:24:03.970  1079  1181 I libPowerHal: [powerhal2uah] transfer powerhal opcode 0x00400200 value 1200000 to uah
06-15 22:24:03.970  1079  1181 I [UAH_CLIENT]: UahPlatformResAcquire
06-15 22:24:03.970  1079  1181 I [UAH_CLIENT]: UahEventAcquire, cmdid:-3, pkg:1281 1281, identity:mtk-powerd
06-15 22:24:03.970  1281  1281 I mtkpower_client: ret_hdl:26650
06-15 22:24:03.970  1138  5212 D EffectHalHidl: audioSchedBoost, set audiohal task boost, pid=1138, tid=5212, ret=0
06-15 22:24:03.971  1744  2428 D GestureLog_OplusMultiPointerDetector: onTouchEvent------>start, mCurNumPointers=1, mCurrStatus=0 mIsDownIntervalTimeout=true, action=0 downTime=37398390 deviceId=2
06-15 22:24:03.971  1079  1181 I libPowerHal: [powerhal2uah] register powerhal handle 26650 to uah handle 27426
06-15 22:24:03.971  1744  2015 D PowerManagerService: userActivityNoUpdateLocked: groupId=0, eventTime=37398390, event=touch, flags=0x0, uid=1000
06-15 22:24:03.971  1744  2702 I [UAH_CLIENT]: UahEventAcquire, cmdid:37, pkg:none, identity:OplusUAwareInputHelper
06-15 22:24:03.971  1079  1181 I libPowerHal: [PE] touch_boost update cmd:1404100, param:1
06-15 22:24:03.971  1079  1181 I libPowerHal: [PE] touch_boost update cmd:1404300, param:1
06-15 22:24:03.972  1744  2015 D PowerManagerService: userActivityNoUpdateLocked: groupId=0, eventTime=37398390, event=touch, flags=0x0, uid=1000
06-15 22:24:03.972  1744  2702 D UAH-UahAdaptHelper: adaptSetNotification identity = OplusUAwareInputHelpersrc = 1000 , type 0 ,p1 = -1 ,p2 = -1 ,p3 = -1 ,p4 =
06-15 22:24:03.972  1744  2702 I [UAH_CLIENT]: uahRuleCtl, ruleId:1000, status:0
06-15 22:24:03.976  1079  1181 I libPowerHal: [PE] touch_boost update cmd:1408100, param:30
06-15 22:24:03.977  1079  1181 I libPowerHal: [PE] touch_boost update cmd:1408300, param:0
06-15 22:24:03.977  1079  1181 I libPowerHal: [perfLockAcq] idx:5 hdl:26651 hint:25 pid:1079 tid:1079 duration:10000 lock_user:mtkpower@1.0-se => ret_hdl:26651
06-15 22:24:03.977  1079  1181 I libPowerHal: [PE] MTKPOWER_HINT_APP_TOUCH update cmd:3408b00 param:1
06-15 22:24:03.978  1079  1181 I libPowerHal: [perfLockAcq] idx:6 hdl:26652 hint:-1 pid:1079 tid:1158 duration:100 lock_user:mtkpower@1.0-se => ret_hdl:26652
06-15 22:24:03.978  1079  1181 I libPowerHal: [powerhal2uah] transfer powerhal opcode 0x00400000 value 1400000 to uah
06-15 22:24:03.978  1079  1181 I libPowerHal: [powerhal2uah] transfer powerhal opcode 0x00400100 value 1500000 to uah
06-15 22:24:03.978  1079  1181 I [UAH_CLIENT]: UahPlatformResAcquire
06-15 22:24:03.978  1079  1181 I [UAH_CLIENT]: UahEventAcquire, cmdid:-3, pkg:1079 1158, identity:mtk-powerd
06-15 22:24:03.979  1079  1181 I libPowerHal: [powerhal2uah] register powerhal handle 26652 to uah handle 27428
06-15 22:24:04.019  4089  4138 I JPEG_JNI: EnterExeTask  controller.background_task_controller process {"client":"infer"}
06-15 22:24:04.020  4089  4138 I JPEG_JNI: LeaveExeTask  module controller.background_task_controller 
06-15 22:24:04.020  4089  4138 I JPEG_JNI:  func process  
06-15 22:24:04.020  4089  4138 I JPEG_JNI:  input {"client":"infer"} 
06-15 22:24:04.020  4089  4138 I JPEG_JNI:  ret {}
06-15 22:24:04.022  9432 12197 I AudioEffect: command() 0xb4000072887d8500, cmdCode = 65536
06-15 22:24:04.022  1138  5212 D EffectHalHidl: audioSchedBoost, set audiohal task boost, pid=1138, tid=5212, ret=0
06-15 22:24:04.023  1138  5212 D EffectHalHidl: audioSchedBoost, set audiohal task boost, pid=1138, tid=5212, ret=0
06-15 22:24:04.030  1067  1523 I OriginChannel: pwm_rgb: lux:16, time_delta:0.000000, pwm_turbo:100, bri:0, r:1134, g:1228, b:1113, c:603, elgo:2807, end:3, ts-5476376622896513024
06-15 22:24:04.040  1744  2702 I [UAH_CLIENT]: UahEventAcquire, cmdid:68, pkg:none, identity:OplusUAwareInputHelper
06-15 22:24:04.041  1423  1471 D MipcProxy: handleMessage msg is 2420, instance 1
06-15 22:24:04.041  1423  1471 D MipcProxy: handleQosPeriodReportInd for instance 1
06-15 22:24:04.042  1744  1978 W QosScheduler: executeSceneQosStrategy failed! qos feature no enable
06-15 22:24:04.042  3026  4357 D SubsysRadioIndication[1]: radioQosPeriodReportInd result [18, 0, 26, 0, 34, 6, 16, 4, 24, 1, 32, 1, 58, 31, 24, -128, -39, 38, 32, -105, 3, 40, -82, -1, -1, -1, -1, -1, -1, -1, -1, 1, 48, -10, -1, -1, -1, -1, -1, -1, -1, -1, 1, 56, 14, 66, 20, 16, 5, 34, 16, 8, -128, -39, 38, 16, -105, 3, 24, 78, 40, -123, -94, -46, -27, -96, 1, 90, 0, 98, 2, 16, 3, 106, 0, 122, 5, 24, 120, 32, -2, 8]
06-15 22:24:04.042  3026  3026 D NetworkService[1]: handleMessage what:1005
06-15 22:24:04.042  3026  3026 D RadioAtomTracker: parseQosPeriodData ModemQos:CellularQosInfo2{5G, 633984/407, EndcState=0, Band=78, DLBW=0, Rsrp=-82, Rsrq=-10, Snr=14, SvcStatus=3, ULPDCPNumDataPdu=0, ULPDCPNumDropPdu=0, ULPDCPTput=0, ULRLCNumDataPdu=0, ULRLCNumRetxPdu=0, ULGrant=0, ULBSR=0, ULBler=0, DLPDCPNumDataPdu=0, DLPDCPTput=0, DLRLCNumDataPdu=0, DLRLCNumRetxPdu=0, DLRLCNumDropPdu=0, DLMACPaddingBytes=0, DLPdcpNumMissToUppPdu=0, DLBler=0, RlfCount=0, CellChangeCount=0, IsRedirectionOccur=0, IsDualSimConflict=0, Latency=0, Sub1RrcState=1, Sub2RrcState=1, RachCount=0, CalcPower=0, Mtpl=120, PathLoss=1150, CellLoad=0}
06-15 22:24:04.042  3026  3026 D NetworkService[1]: EVENT_REG_QOS_PERIOD_REPORT_IND_CHANGED ENTER
06-15 22:24:04.042  3026  3026 D AtomModemKpiInfo: handleMessage what:1001
06-15 22:24:04.042  3026  3026 D AtomModemKpiInfo: analyseQosInfo success
06-15 22:24:04.044  1524  1925 D ULogGuard: Monitoring: 2 threads, 0 requests, 0 time-bombs; 1 guards. ResetFlags = 0x7
06-15 22:24:04.054  1744  3935 I mtkpower_client: perf_lock_acq, hdl:26640, dur:3000, num:2, pid:1744, tid:3935
